Component: Arm Compiler for Embedded 6.21 Tool: armlink [5ec1fa00]

==============================================================================

Section Cross References

    startup_stm32g431xx.o(RESET) refers to startup_stm32g431xx.o(STACK) for __initial_sp
    startup_stm32g431xx.o(RESET) refers to startup_stm32g431xx.o(.text) for Reset_Handler
    startup_stm32g431xx.o(RESET) refers to stm32g4xx_it.o(.text.NMI_Handler) for NMI_Handler
    startup_stm32g431xx.o(RESET) refers to stm32g4xx_it.o(.text.HardFault_Handler) for HardFault_Handler
    startup_stm32g431xx.o(RESET) refers to stm32g4xx_it.o(.text.MemManage_Handler) for MemManage_Handler
    startup_stm32g431xx.o(RESET) refers to stm32g4xx_it.o(.text.BusFault_Handler) for BusFault_Handler
    startup_stm32g431xx.o(RESET) refers to stm32g4xx_it.o(.text.UsageFault_Handler) for UsageFault_Handler
    startup_stm32g431xx.o(RESET) refers to stm32g4xx_it.o(.text.SVC_Handler) for SVC_Handler
    startup_stm32g431xx.o(RESET) refers to stm32g4xx_it.o(.text.DebugMon_Handler) for DebugMon_Handler
    startup_stm32g431xx.o(RESET) refers to stm32g4xx_it.o(.text.PendSV_Handler) for PendSV_Handler
    startup_stm32g431xx.o(RESET) refers to stm32g4xx_it.o(.text.SysTick_Handler) for SysTick_Handler
    startup_stm32g431xx.o(RESET) refers to stm32g4xx_it.o(.text.ADC1_2_IRQHandler) for ADC1_2_IRQHandler
    startup_stm32g431xx.o(RESET) refers to stm32g4xx_it.o(.text.TIM2_IRQHandler) for TIM2_IRQHandler
    startup_stm32g431xx.o(RESET) refers to stm32g4xx_it.o(.text.USART1_IRQHandler) for USART1_IRQHandler
    startup_stm32g431xx.o(.text) refers to system_stm32g4xx.o(.text.SystemInit) for SystemInit
    startup_stm32g431xx.o(.text) refers to entry.o(.ARM.Collect$$$$00000000) for __main
    lcd.o(.ARM.exidx.text.Delay_LCD) refers to lcd.o(.text.Delay_LCD) for [Anonymous Symbol]
    lcd.o(.ARM.exidx.text.REG_8230_Init) refers to lcd.o(.text.REG_8230_Init) for [Anonymous Symbol]
    lcd.o(.ARM.exidx.text.LCD_WriteReg) refers to lcd.o(.text.LCD_WriteReg) for [Anonymous Symbol]
    lcd.o(.text.REG_932X_Init) refers to stm32g4xx_hal.o(.text.HAL_Delay) for HAL_Delay
    lcd.o(.ARM.exidx.text.REG_932X_Init) refers to lcd.o(.text.REG_932X_Init) for [Anonymous Symbol]
    lcd.o(.text.LCD_Init) refers to stm32g4xx_hal_gpio.o(.text.HAL_GPIO_Init) for HAL_GPIO_Init
    lcd.o(.text.LCD_Init) refers to lcd.o(.bss.dummy) for dummy
    lcd.o(.text.LCD_Init) refers to lcd.o(.text.REG_8230_Init) for REG_8230_Init
    lcd.o(.text.LCD_Init) refers to lcd.o(.text.REG_932X_Init) for REG_932X_Init
    lcd.o(.ARM.exidx.text.LCD_Init) refers to lcd.o(.text.LCD_Init) for [Anonymous Symbol]
    lcd.o(.text.LCD_CtrlLinesConfig) refers to stm32g4xx_hal_gpio.o(.text.HAL_GPIO_Init) for HAL_GPIO_Init
    lcd.o(.ARM.exidx.text.LCD_CtrlLinesConfig) refers to lcd.o(.text.LCD_CtrlLinesConfig) for [Anonymous Symbol]
    lcd.o(.text.LCD_ReadReg) refers to stm32g4xx_hal_gpio.o(.text.HAL_GPIO_Init) for HAL_GPIO_Init
    lcd.o(.ARM.exidx.text.LCD_ReadReg) refers to lcd.o(.text.LCD_ReadReg) for [Anonymous Symbol]
    lcd.o(.text.LCD_SetTextColor) refers to lcd.o(.bss.TextColor) for TextColor
    lcd.o(.ARM.exidx.text.LCD_SetTextColor) refers to lcd.o(.text.LCD_SetTextColor) for [Anonymous Symbol]
    lcd.o(.text.LCD_SetBackColor) refers to lcd.o(.data.BackColor) for BackColor
    lcd.o(.ARM.exidx.text.LCD_SetBackColor) refers to lcd.o(.text.LCD_SetBackColor) for [Anonymous Symbol]
    lcd.o(.text.LCD_ClearLine) refers to lcd.o(.rodata.ASCII_Table) for ASCII_Table
    lcd.o(.text.LCD_ClearLine) refers to lcd.o(.text.LCD_DrawChar) for LCD_DrawChar
    lcd.o(.ARM.exidx.text.LCD_ClearLine) refers to lcd.o(.text.LCD_ClearLine) for [Anonymous Symbol]
    lcd.o(.text.LCD_DisplayStringLine) refers to lcd.o(.rodata.ASCII_Table) for ASCII_Table
    lcd.o(.text.LCD_DisplayStringLine) refers to lcd.o(.text.LCD_DrawChar) for LCD_DrawChar
    lcd.o(.ARM.exidx.text.LCD_DisplayStringLine) refers to lcd.o(.text.LCD_DisplayStringLine) for [Anonymous Symbol]
    lcd.o(.ARM.exidx.text.LCD_Clear) refers to lcd.o(.text.LCD_Clear) for [Anonymous Symbol]
    lcd.o(.ARM.exidx.text.LCD_SetCursor) refers to lcd.o(.text.LCD_SetCursor) for [Anonymous Symbol]
    lcd.o(.ARM.exidx.text.LCD_WriteRAM_Prepare) refers to lcd.o(.text.LCD_WriteRAM_Prepare) for [Anonymous Symbol]
    lcd.o(.ARM.exidx.text.LCD_WriteRAM) refers to lcd.o(.text.LCD_WriteRAM) for [Anonymous Symbol]
    lcd.o(.text.LCD_DrawChar) refers to lcd.o(.data.BackColor) for BackColor
    lcd.o(.text.LCD_DrawChar) refers to lcd.o(.bss.TextColor) for TextColor
    lcd.o(.ARM.exidx.text.LCD_DrawChar) refers to lcd.o(.text.LCD_DrawChar) for [Anonymous Symbol]
    lcd.o(.text.LCD_DisplayChar) refers to lcd.o(.rodata.ASCII_Table) for ASCII_Table
    lcd.o(.text.LCD_DisplayChar) refers to lcd.o(.text.LCD_DrawChar) for LCD_DrawChar
    lcd.o(.ARM.exidx.text.LCD_DisplayChar) refers to lcd.o(.text.LCD_DisplayChar) for [Anonymous Symbol]
[...]
    ../clib/microlib/printf/stubs.s          0x00000000   Number         0  printfstubs.o ABSOLUTE
    ../clib/microlib/stdio/fputc.c           0x00000000   Number         0  fputc.o ABSOLUTE
    ../clib/microlib/stdio/fputc.c           0x00000000   Number         0  fputc_h.o ABSOLUTE
    ../clib/microlib/stdio/semi.s            0x00000000   Number         0  semi.o ABSOLUTE
    ../clib/microlib/stdio/streams.c         0x00000000   Number         0  stdout.o ABSOLUTE
    ../clib/microlib/string/memcpy.c         0x00000000   Number         0  memcpya.o ABSOLUTE
    ../clib/microlib/string/memcpy.c         0x00000000   Number         0  memcpyb.o ABSOLUTE
    ../clib/microlib/string/memset.c         0x00000000   Number         0  memseta.o ABSOLUTE
    ../clib/microlib/stubs.s                 0x00000000   Number         0  iusefp.o ABSOLUTE
    ../clib/microlib/stubs.s                 0x00000000   Number         0  iusesemip.o ABSOLUTE
    ../fplib/microlib/d2f.c                  0x00000000   Number         0  d2f.o ABSOLUTE
    ../fplib/microlib/f2d.c                  0x00000000   Number         0  f2d.o ABSOLUTE
    ../fplib/microlib/fpadd.c                0x00000000   Number         0  dadd.o ABSOLUTE
    ../fplib/microlib/fpdiv.c                0x00000000   Number         0  ddiv.o ABSOLUTE
    ../fplib/microlib/fpepilogue.c           0x00000000   Number         0  fepilogue.o ABSOLUTE
    ../fplib/microlib/fpepilogue.c           0x00000000   Number         0  depilogue.o ABSOLUTE
    ../fplib/microlib/fpfix.c                0x00000000   Number         0  dfixul.o ABSOLUTE
    ../fplib/microlib/fpmul.c                0x00000000   Number         0  dmul.o ABSOLUTE
    adc.c                                    0x00000000   Number         0  adc.o ABSOLUTE
    cdrcmple.s                               0x00000000   Number         0  cdrcmple.o ABSOLUTE
    dc.s                                     0x00000000   Number         0  dc.o ABSOLUTE
    gpio.c                                   0x00000000   Number         0  gpio.o ABSOLUTE
    handlers.s                               0x00000000   Number         0  handlers.o ABSOLUTE
    init.s                                   0x00000000   Number         0  init.o ABSOLUTE
    key.c                                    0x00000000   Number         0  key.o ABSOLUTE
    lcd.c                                    0x00000000   Number         0  lcd.o ABSOLUTE
    led.c                                    0x00000000   Number         0  led.o ABSOLUTE
    main.c                                   0x00000000   Number         0  main.o ABSOLUTE
    myfile.c                                 0x00000000   Number         0  myfile.o ABSOLUTE
    startup_stm32g431xx.s                    0x00000000   Number         0  startup_stm32g431xx.o ABSOLUTE
    stm32g4xx_hal.c                          0x00000000   Number         0  stm32g4xx_hal.o ABSOLUTE
    stm32g4xx_hal_adc.c                      0x00000000   Number         0  stm32g4xx_hal_adc.o ABSOLUTE
    stm32g4xx_hal_adc_ex.c                   0x00000000   Number         0  stm32g4xx_hal_adc_ex.o ABSOLUTE
    stm32g4xx_hal_cortex.c                   0x00000000   Number         0  stm32g4xx_hal_cortex.o ABSOLUTE
    stm32g4xx_hal_dma.c                      0x00000000   Number         0  stm32g4xx_hal_dma.o ABSOLUTE
    stm32g4xx_hal_dma_ex.c                   0x00000000   Number         0  stm32g4xx_hal_dma_ex.o ABSOLUTE
    stm32g4xx_hal_exti.c                     0x00000000   Number         0  stm32g4xx_hal_exti.o ABSOLUTE
    stm32g4xx_hal_flash.c                    0x00000000   Number         0  stm32g4xx_hal_flash.o ABSOLUTE
    stm32g4xx_hal_flash_ex.c                 0x00000000   Number         0  stm32g4xx_hal_flash_ex.o ABSOLUTE
    stm32g4xx_hal_flash_ramfunc.c            0x00000000   Number         0  stm32g4xx_hal_flash_ramfunc.o ABSOLUTE
    stm32g4xx_hal_gpio.c                     0x00000000   Number         0  stm32g4xx_hal_gpio.o ABSOLUTE
    stm32g4xx_hal_msp.c                      0x00000000   Number         0  stm32g4xx_hal_msp.o ABSOLUTE
    stm32g4xx_hal_pwr.c                      0x00000000   Number         0  stm32g4xx_hal_pwr.o ABSOLUTE
    stm32g4xx_hal_pwr_ex.c                   0x00000000   Number         0  stm32g4xx_hal_pwr_ex.o ABSOLUTE
    stm32g4xx_hal_rcc.c                      0x00000000   Number         0  stm32g4xx_hal_rcc.o ABSOLUTE
    stm32g4xx_hal_rcc_ex.c                   0x00000000   Number         0  stm32g4xx_hal_rcc_ex.o ABSOLUTE
    stm32g4xx_hal_tim.c                      0x00000000   Number         0  stm32g4xx_hal_tim.o ABSOLUTE
    stm32g4xx_hal_tim_ex.c                   0x00000000   Number         0  stm32g4xx_hal_tim_ex.o ABSOLUTE
    stm32g4xx_hal_uart.c                     0x00000000   Number         0  stm32g4xx_hal_uart.o ABSOLUTE
    stm32g4xx_hal_uart_ex.c                  0x00000000   Number         0  stm32g4xx_hal_uart_ex.o ABSOLUTE
    stm32g4xx_it.c                           0x00000000   Number         0  stm32g4xx_it.o ABSOLUTE
    stm32g4xx_ll_adc.c                       0x00000000   Number         0  stm32g4xx_ll_adc.o ABSOLUTE
    stm32g4xx_ll_pwr.c                       0x00000000   Number         0  stm32g4xx_ll_pwr.o ABSOLUTE
    system_stm32g4xx.c                       0x00000000   Number         0  system_stm32g4xx.o ABSOLUTE
    tim.c                                    0x00000000   Number         0  tim.o ABSOLUTE
    usart.c                                  0x00000000   Number         0  usart.o ABSOLUTE
    RESET                                    0x08000000   Section      472  startup_stm32g431xx.o(RESET)
    .ARM.Collect$$$$00000000                 0x080001d8   Section        0  entry.o(.ARM.Collect$$$$00000000)
    .ARM.Collect$$$$00000001                 0x080001d8   Section        4  entry2.o(.ARM.Collect$$$$00000001)
    .ARM.Collect$$$$00000004                 0x080001dc   Section        4  entry5.o(.ARM.Collect$$$$00000004)
    .ARM.Collect$$$$00000008                 0x080001e0   Section        0  entry7b.o(.ARM.Collect$$$$00000008)
    .ARM.Collect$$$$0000000A                 0x080001e0   Section        0  entry8b.o(.ARM.Collect$$$$0000000A)
    .ARM.Collect$$$$0000000B                 0x080001e0   Section        8  entry9a.o(.ARM.Collect$$$$0000000B)
    __lit__00000000                          0x080001e8   Data           4  entry2.o(.ARM.Collect$$$$00002712)
    .ARM.Collect$$$$0000000D                 0x080001e8   Section        0  entry10a.o(.ARM.Collect$$$$0000000D)
    .ARM.Collect$$$$0000000F                 0x080001e8   Section        0  entry11a.o(.ARM.Collect$$$$0000000F)
    .ARM.Collect$$$$00002712                 0x080001e8   Section        4  entry2.o(.ARM.Collect$$$$00002712)
    $v0                                      0x080001ec   Number         0  startup_stm32g431xx.o(.text)
    .text                                    0x080001ec   Section       36  startup_stm32g431xx.o(.text)
    .text                                    0x08000210   Section        0  uldiv.o(.text)
    .text                                    0x08000272   Section        0  memcpya.o(.text)
    .text                                    0x08000296   Section        0  memseta.o(.text)
    .text                                    0x080002ba   Section        0  dadd.o(.text)
    .text                                    0x08000408   Section        0  dmul.o(.text)
    .text                                    0x080004ec   Section        0  f2d.o(.text)
    .text                                    0x08000512   Section        0  d2f.o(.text)
    .text                                    0x0800054a   Section        0  uidiv.o(.text)
    .text                                    0x08000576   Section        0  llshl.o(.text)
    .text                                    0x08000594   Section        0  llushr.o(.text)
    .text                                    0x080005b4   Section        0  llsshr.o(.text)
    .text                                    0x080005d8   Section        0  iusefp.o(.text)
    .text                                    0x080005d8   Section        0  fepilogue.o(.text)
    .text                                    0x08000646   Section        0  depilogue.o(.text)
    .text                                    0x08000700   Section        0  ddiv.o(.text)
    .text                                    0x080007de   Section        0  dfixul.o(.text)
    .text                                    0x08000810   Section       48  cdrcmple.o(.text)
    .text                                    0x08000840   Section       48  init.o(.text)
    [Anonymous Symbol]                       0x08000870   Section        0  stm32g4xx_it.o(.text.ADC1_2_IRQHandler)
    [Anonymous Symbol]                       0x08000890   Section        0  stm32g4xx_hal_adc.o(.text.ADC_ConversionStop)
    [Anonymous Symbol]                       0x08000a10   Section        0  stm32g4xx_it.o(.text.BusFault_Handler)
    [Anonymous Symbol]                       0x08000a14   Section        0  led.o(.text.Change_Menu_Led)
    [Anonymous Symbol]                       0x08000a88   Section        0  led.o(.text.Close_All_Led)
    [Anonymous Symbol]                       0x08000ab8   Section        0  stm32g4xx_it.o(.text.DebugMon_Handler)
    [Anonymous Symbol]                       0x08000abc   Section        0  main.o(.text.Display_Lcd)
    [Anonymous Symbol]                       0x08000cb0   Section        0  main.o(.text.Error_Handler)
    [Anonymous Symbol]                       0x08000cb8   Section        0  main.o(.text.Get_ADC)
    [Anonymous Symbol]                       0x08000d38   Section        0  stm32g4xx_hal_adc_ex.o(.text.HAL_ADCEx_EndOfSamplingCallback)
    [Anonymous Symbol]                       0x08000d3c   Section        0  stm32g4xx_hal_adc_ex.o(.text.HAL_ADCEx_InjectedConvCpltCallback)
    [Anonymous Symbol]                       0x08000d40   Section        0  stm32g4xx_hal_adc_ex.o(.text.HAL_ADCEx_InjectedQueueOverflowCallback)
    [Anonymous Symbol]                       0x08000d44   Section        0  stm32g4xx_hal_adc_ex.o(.text.HAL_ADCEx_LevelOutOfWindow2Callback)
    [Anonymous Symbol]                       0x08000d48   Section        0  stm32g4xx_hal_adc_ex.o(.text.HAL_ADCEx_LevelOutOfWindow3Callback)
    [Anonymous Symbol]                       0x08000d4c   Section        0  stm32g4xx_hal_adc_ex.o(.text.HAL_ADCEx_MultiModeConfigChannel)
    [Anonymous Symbol]                       0x08000e0c   Section        0  stm32g4xx_hal_adc.o(.text.HAL_ADC_ConfigChannel)
    [Anonymous Symbol]                       0x0800118c   Section        0  stm32g4xx_hal_adc.o(.text.HAL_ADC_ConvCpltCallback)
    [Anonymous Symbol]                       0x08001190   Section        0  stm32g4xx_hal_adc.o(.text.HAL_ADC_ErrorCallback)
    [Anonymous Symbol]                       0x08001194   Section        0  stm32g4xx_hal_adc.o(.text.HAL_ADC_GetValue)
    [Anonymous Symbol]                       0x0800119c   Section        0  stm32g4xx_hal_adc.o(.text.HAL_ADC_IRQHandler)
    [Anonymous Symbol]                       0x0800140c   Section        0  stm32g4xx_hal_adc.o(.text.HAL_ADC_Init)
    [Anonymous Symbol]                       0x08001650   Section        0  stm32g4xx_hal_adc.o(.text.HAL_ADC_LevelOutOfWindowCallback)
    [Anonymous Symbol]                       0x08001654   Section        0  adc.o(.text.HAL_ADC_MspInit)
    [Anonymous Symbol]                       0x08001728   Section        0  stm32g4xx_hal_adc.o(.text.HAL_ADC_Start)
    [Anonymous Symbol]                       0x0800186c   Section        0  stm32g4xx_hal_adc.o(.text.HAL_ADC_Stop)
    [Anonymous Symbol]                       0x08001910   Section        0  stm32g4xx_hal_dma.o(.text.HAL_DMA_Abort_IT)
    [Anonymous Symbol]                       0x08001990   Section        0  stm32g4xx_hal.o(.text.HAL_Delay)
    [Anonymous Symbol]                       0x080019b8   Section        0  stm32g4xx_hal_gpio.o(.text.HAL_GPIO_Init)
    [Anonymous Symbol]                       0x08001b48   Section        0  stm32g4xx_hal_gpio.o(.text.HAL_GPIO_ReadPin)
    [Anonymous Symbol]                       0x08001b54   Section        0  stm32g4xx_hal_gpio.o(.text.HAL_GPIO_WritePin)
    [Anonymous Symbol]                       0x08001b60   Section        0  stm32g4xx_hal.o(.text.HAL_GetTick)
    [Anonymous Symbol]                       0x08001b6c   Section        0  stm32g4xx_hal.o(.text.HAL_IncTick)
    [Anonymous Symbol]                       0x08001b88   Section        0  stm32g4xx_hal.o(.text.HAL_Init)
    [Anonymous Symbol]                       0x08001ba8   Section        0  stm32g4xx_hal.o(.text.HAL_InitTick)
    [Anonymous Symbol]                       0x08001bf4   Section        0  stm32g4xx_hal_msp.o(.text.HAL_MspInit)
    [Anonymous Symbol]                       0x08001c38   Section        0  stm32g4xx_hal_cortex.o(.text.HAL_NVIC_EnableIRQ)
    [Anonymous Symbol]                       0x08001c5c   Section        0  stm32g4xx_hal_cortex.o(.text.HAL_NVIC_SetPriority)
    [Anonymous Symbol]                       0x08001cb4   Section        0  stm32g4xx_hal_cortex.o(.text.HAL_NVIC_SetPriorityGrouping)
    [Anonymous Symbol]                       0x08001cd4   Section        0  stm32g4xx_hal_pwr_ex.o(.text.HAL_PWREx_ControlVoltageScaling)
    [Anonymous Symbol]                       0x08001dfc   Section        0  stm32g4xx_hal_rcc_ex.o(.text.HAL_RCCEx_PeriphCLKConfig)
    [Anonymous Symbol]                       0x08002068   Section        0  stm32g4xx_hal_rcc.o(.text.HAL_RCC_ClockConfig)
    [Anonymous Symbol]                       0x08002374   Section        0  stm32g4xx_hal_rcc.o(.text.HAL_RCC_GetPCLK1Freq)
    [Anonymous Symbol]                       0x080023a0   Section        0  stm32g4xx_hal_rcc.o(.text.HAL_RCC_GetPCLK2Freq)
    [Anonymous Symbol]                       0x080023cc   Section        0  stm32g4xx_hal_rcc.o(.text.HAL_RCC_GetSysClockFreq)
    [Anonymous Symbol]                       0x08002450   Section        0  stm32g4xx_hal_rcc.o(.text.HAL_RCC_OscConfig)
    [Anonymous Symbol]                       0x0800292c   Section        0  stm32g4xx_hal_cortex.o(.text.HAL_SYSTICK_Config)
    [Anonymous Symbol]                       0x08002958   Section        0  stm32g4xx_hal_tim_ex.o(.text.HAL_TIMEx_Break2Callback)
    [Anonymous Symbol]                       0x0800295c   Section        0  stm32g4xx_hal_tim_ex.o(.text.HAL_TIMEx_BreakCallback)
    [Anonymous Symbol]                       0x08002960   Section        0  stm32g4xx_hal_tim_ex.o(.text.HAL_TIMEx_CommutCallback)
    [Anonymous Symbol]                       0x08002964   Section        0  stm32g4xx_hal_tim_ex.o(.text.HAL_TIMEx_DirectionChangeCallback)
    [Anonymous Symbol]                       0x08002968   Section        0  stm32g4xx_hal_tim_ex.o(.text.HAL_TIMEx_EncoderIndexCallback)
    [Anonymous Symbol]                       0x0800296c   Section        0  stm32g4xx_hal_tim_ex.o(.text.HAL_TIMEx_IndexErrorCallback)
    [Anonymous Symbol]                       0x08002970   Section        0  stm32g4xx_hal_tim_ex.o(.text.HAL_TIMEx_MasterConfigSynchronization)
    [Anonymous Symbol]                       0x080029e0   Section        0  stm32g4xx_hal_tim_ex.o(.text.HAL_TIMEx_TransitionErrorCallback)
    [Anonymous Symbol]                       0x080029e4   Section        0  stm32g4xx_hal_tim.o(.text.HAL_TIM_Base_Init)
    [Anonymous Symbol]                       0x08002a1c   Section        0  tim.o(.text.HAL_TIM_Base_MspInit)
    [Anonymous Symbol]                       0x08002a5c   Section        0  stm32g4xx_hal_tim.o(.text.HAL_TIM_Base_Start_IT)
    [Anonymous Symbol]                       0x08002a8c   Section        0  stm32g4xx_hal_tim.o(.text.HAL_TIM_ConfigClockSource)
    [Anonymous Symbol]                       0x08002c78   Section        0  stm32g4xx_hal_tim.o(.text.HAL_TIM_IC_CaptureCallback)
    [Anonymous Symbol]                       0x08002c7c   Section        0  stm32g4xx_hal_tim.o(.text.HAL_TIM_IRQHandler)
    [Anonymous Symbol]                       0x08002e8c   Section        0  stm32g4xx_hal_tim.o(.text.HAL_TIM_OC_DelayElapsedCallback)
    [Anonymous Symbol]                       0x08002e90   Section        0  stm32g4xx_hal_tim.o(.text.HAL_TIM_PWM_PulseFinishedCallback)
    [Anonymous Symbol]                       0x08002e94   Section        0  key.o(.text.HAL_TIM_PeriodElapsedCallback)
    [Anonymous Symbol]                       0x08002fb0   Section        0  stm32g4xx_hal_tim.o(.text.HAL_TIM_TriggerCallback)
    [Anonymous Symbol]                       0x08002fb4   Section        0  stm32g4xx_hal_uart_ex.o(.text.HAL_UARTEx_DisableFifoMode)
    [Anonymous Symbol]                       0x08002fec   Section        0  stm32g4xx_hal_uart_ex.o(.text.HAL_UARTEx_RxFifoFullCallback)
    [Anonymous Symbol]                       0x08002ff0   Section        0  stm32g4xx_hal_uart_ex.o(.text.HAL_UARTEx_SetRxFifoThreshold)
    [Anonymous Symbol]                       0x08003080   Section        0  stm32g4xx_hal_uart_ex.o(.text.HAL_UARTEx_SetTxFifoThreshold)
    [Anonymous Symbol]                       0x08003110   Section        0  stm32g4xx_hal_uart_ex.o(.text.HAL_UARTEx_TxFifoEmptyCallback)
    [Anonymous Symbol]                       0x08003114   Section        0  stm32g4xx_hal_uart_ex.o(.text.HAL_UARTEx_WakeupCallback)
    [Anonymous Symbol]                       0x08003118   Section        0  stm32g4xx_hal_uart.o(.text.HAL_UART_ErrorCallback)
    [Anonymous Symbol]                       0x0800311c   Section        0  stm32g4xx_hal_uart.o(.text.HAL_UART_IRQHandler)
    [Anonymous Symbol]                       0x08003300   Section        0  stm32g4xx_hal_uart.o(.text.HAL_UART_Init)
    [Anonymous Symbol]                       0x08003364   Section        0  usart.o(.text.HAL_UART_MspInit)
    [Anonymous Symbol]                       0x080033dc   Section        0  stm32g4xx_hal_uart.o(.text.HAL_UART_Receive_IT)
    [Anonymous Symbol]                       0x080034e4   Section        0  myfile.o(.text.HAL_UART_RxCpltCallback)
    [Anonymous Symbol]                       0x08003528   Section        0  stm32g4xx_hal_uart.o(.text.HAL_UART_Transmit_IT)
    [Anonymous Symbol]                       0x080035d4   Section        0  stm32g4xx_hal_uart.o(.text.HAL_UART_TxCpltCallback)
    [Anonymous Symbol]                       0x080035d8   Section        0  stm32g4xx_it.o(.text.HardFault_Handler)
    [Anonymous Symbol]                       0x080035e0   Section        0  myfile.o(.text.Key_Proc)
    [Anonymous Symbol]                       0x0800383c   Section        0  lcd.o(.text.LCD_Clear)
    [Anonymous Symbol]                       0x08003ac0   Section        0  lcd.o(.text.LCD_DisplayStringLine)
    [Anonymous Symbol]                       0x08003b0c   Section        0  lcd.o(.text.LCD_DrawChar)
    [Anonymous Symbol]                       0x08003e74   Section        0  lcd.o(.text.LCD_Init)
    [Anonymous Symbol]                       0x080040a4   Section        0  lcd.o(.text.LCD_SetBackColor)
    [Anonymous Symbol]                       0x080040bc   Section        0  lcd.o(.text.LCD_SetTextColor)
    [Anonymous Symbol]                       0x080040d4   Section        0  led.o(.text.Led_Check_Qulify)
    [Anonymous Symbol]                       0x080041b4   Section        0  adc.o(.text.MX_ADC1_Init)
    [Anonymous Symbol]                       0x0800425c   Section        0  adc.o(.text.MX_ADC2_Init)
    [Anonymous Symbol]                       0x080042dc   Section        0  gpio.o(.text.MX_GPIO_Init)
    [Anonymous Symbol]                       0x080043c4   Section        0  tim.o(.text.MX_TIM2_Init)
    [Anonymous Symbol]                       0x08004438   Section        0  usart.o(.text.MX_USART1_UART_Init)
    [Anonymous Symbol]                       0x080044bc   Section        0  stm32g4xx_it.o(.text.MemManage_Handler)
    [Anonymous Symbol]                       0x080044c0   Section        0  stm32g4xx_it.o(.text.NMI_Handler)
    [Anonymous Symbol]                       0x080044c4   Section        0  stm32g4xx_it.o(.text.PendSV_Handler)
    [Anonymous Symbol]                       0x080044c8   Section        0  lcd.o(.text.REG_8230_Init)
    [Anonymous Symbol]                       0x08004fb0   Section        0  lcd.o(.text.REG_932X_Init)
    [Anonymous Symbol]                       0x080064d0   Section        0  stm32g4xx_it.o(.text.SVC_Handler)
    [Anonymous Symbol]                       0x080064d4   Section        0  stm32g4xx_it.o(.text.SysTick_Handler)
    [Anonymous Symbol]                       0x080064d8   Section        0  system_stm32g4xx.o(.text.SystemInit)
    [Anonymous Symbol]                       0x080064f4   Section        0  stm32g4xx_it.o(.text.TIM2_IRQHandler)
    [Anonymous Symbol]                       0x08006500   Section        0  stm32g4xx_hal_tim.o(.text.TIM_Base_SetConfig)
    [Anonymous Symbol]                       0x08006614   Section        0  stm32g4xx_hal_uart.o(.text.UART_AdvFeatureConfig)
    [Anonymous Symbol]                       0x08006700   Section        0  stm32g4xx_hal_uart.o(.text.UART_CheckIdleState)
    UART_DMAAbortOnError                     0x08006789   Thumb Code    16  stm32g4xx_hal_uart.o(.text.UART_DMAAbortOnError)
    [Anonymous Symbol]                       0x08006788   Section        0  stm32g4xx_hal_uart.o(.text.UART_DMAAbortOnError)
    UART_RxISR_16BIT                         0x08006799   Thumb Code    90  stm32g4xx_hal_uart.o(.text.UART_RxISR_16BIT)
    [Anonymous Symbol]                       0x08006798   Section        0  stm32g4xx_hal_uart.o(.text.UART_RxISR_16BIT)
    UART_RxISR_16BIT_FIFOEN                  0x080067f5   Thumb Code   168  stm32g4xx_hal_uart.o(.text.UART_RxISR_16BIT_FIFOEN)
    [Anonymous Symbol]                       0x080067f4   Section        0  stm32g4xx_hal_uart.o(.text.UART_RxISR_16BIT_FIFOEN)
    UART_RxISR_8BIT                          0x0800689d   Thumb Code    90  stm32g4xx_hal_uart.o(.text.UART_RxISR_8BIT)
    [Anonymous Symbol]                       0x0800689c   Section        0  stm32g4xx_hal_uart.o(.text.UART_RxISR_8BIT)
    UART_RxISR_8BIT_FIFOEN                   0x080068f9   Thumb Code   172  stm32g4xx_hal_uart.o(.text.UART_RxISR_8BIT_FIFOEN)
    [Anonymous Symbol]                       0x080068f8   Section        0  stm32g4xx_hal_uart.o(.text.UART_RxISR_8BIT_FIFOEN)
    [Anonymous Symbol]                       0x080069a4   Section        0  stm32g4xx_hal_uart.o(.text.UART_SetConfig)
    UART_TxISR_16BIT                         0x08006e15   Thumb Code    64  stm32g4xx_hal_uart.o(.text.UART_TxISR_16BIT)
    [Anonymous Symbol]                       0x08006e14   Section        0  stm32g4xx_hal_uart.o(.text.UART_TxISR_16BIT)
    UART_TxISR_16BIT_FIFOEN                  0x08006e55   Thumb Code   102  stm32g4xx_hal_uart.o(.text.UART_TxISR_16BIT_FIFOEN)
    [Anonymous Symbol]                       0x08006e54   Section        0  stm32g4xx_hal_uart.o(.text.UART_TxISR_16BIT_FIFOEN)
    UART_TxISR_8BIT                          0x08006ebd   Thumb Code    60  stm32g4xx_hal_uart.o(.text.UART_TxISR_8BIT)
    [Anonymous Symbol]                       0x08006ebc   Section        0  stm32g4xx_hal_uart.o(.text.UART_TxISR_8BIT)
    UART_TxISR_8BIT_FIFOEN                   0x08006ef9   Thumb Code    98  stm32g4xx_hal_uart.o(.text.UART_TxISR_8BIT_FIFOEN)
    [Anonymous Symbol]                       0x08006ef8   Section        0  stm32g4xx_hal_uart.o(.text.UART_TxISR_8BIT_FIFOEN)
    [Anonymous Symbol]                       0x08006f5c   Section        0  stm32g4xx_it.o(.text.USART1_IRQHandler)
    [Anonymous Symbol]                       0x08006f68   Section        0  stm32g4xx_it.o(.text.UsageFault_Handler)
    [Anonymous Symbol]                       0x08006f6c   Section        0  myfile.o(.text.Usart_Function)
    [Anonymous Symbol]                       0x080070a4   Section        0  main.o(.text.main)
    [Anonymous Symbol]                       0x0800714c   Section        0  myfile.o(.text.sys_Init)
    [Anonymous Symbol]                       0x08007198   Section        0  myfile.o(.text.sys_work)
    i.__0sprintf                             0x080071f0   Section        0  printfa.o(i.__0sprintf)
    i.__scatterload_copy                     0x08007218   Section       14  handlers.o(i.__scatterload_copy)
    i.__scatterload_null                     0x08007226   Section        2  handlers.o(i.__scatterload_null)
    i.__scatterload_zeroinit                 0x08007228   Section       14  handlers.o(i.__scatterload_zeroinit)
    _fp_digits                               0x08007239   Thumb Code   366  printfa.o(i._fp_digits)
    i._fp_digits                             0x08007238   Section        0  printfa.o(i._fp_digits)
    _printf_core                             0x080073bd   Thumb Code  1744  printfa.o(i._printf_core)
    i._printf_core                           0x080073bc   Section        0  printfa.o(i._printf_core)
    _printf_post_padding                     0x08007a99   Thumb Code    36  printfa.o(i._printf_post_padding)
    i._printf_post_padding                   0x08007a98   Section        0  printfa.o(i._printf_post_padding)
    _printf_pre_padding                      0x08007abd   Thumb Code    46  printfa.o(i._printf_pre_padding)
    i._printf_pre_padding                    0x08007abc   Section        0  printfa.o(i._printf_pre_padding)
    _sputc                                   0x08007aeb   Thumb Code    10  printfa.o(i._sputc)
    i._sputc                                 0x08007aea   Section        0  printfa.o(i._sputc)
    .Lswitch.table.UART_SetConfig.21         0x08007af4   Data          44  stm32g4xx_hal_uart.o(.rodata..Lswitch.table.UART_SetConfig.21)
    .Lswitch.table.UART_SetConfig.22         0x08007b20   Data          22  stm32g4xx_hal_uart.o(.rodata..Lswitch.table.UART_SetConfig.22)
    .Lswitch.table.UART_SetConfig.4          0x08008d20   Data          16  stm32g4xx_hal_uart.o(.rodata.cst16)
    .L__const.UARTEx_SetNbDataToProcess.numerator 0x08008d30   Data           8  stm32g4xx_hal_uart_ex.o(.rodata.cst8)
    .L__const.UARTEx_SetNbDataToProcess.denominator 0x08008d38   Data           8  stm32g4xx_hal_uart_ex.o(.rodata.cst8)
    .L.str.7                                 0x08008d40   Data          22  main.o(.rodata.str1.1)
    [Anonymous Symbol]                       0x08008d40   Section        0  main.o(.rodata.str1.1)
    .L.str.8                                 0x08008d56   Data          22  main.o(.rodata.str1.1)
    .L.str.6                                 0x08008d6c   Data          21  main.o(.rodata.str1.4)
    [Anonymous Symbol]                       0x08008d6c   Section        0  main.o(.rodata.str1.4)
    .L_MergedGlobals                         0x20000000   Data          16  main.o(.data..L_MergedGlobals)
    [Anonymous Symbol]                       0x20000000   Section        0  main.o(.data..L_MergedGlobals)
    .L_MergedGlobals                         0x20000010   Data           8  stm32g4xx_hal.o(.data..L_MergedGlobals)
    [Anonymous Symbol]                       0x20000010   Section        0  stm32g4xx_hal.o(.data..L_MergedGlobals)
    BackColor                                0x20000018   Data           2  lcd.o(.data.BackColor)
    [Anonymous Symbol]                       0x20000018   Section        0  lcd.o(.data.BackColor)
    .L_MergedGlobals.9                       0x20000028   Data          20  main.o(.bss..L_MergedGlobals.9)
    [Anonymous Symbol]                       0x20000028   Section        0  main.o(.bss..L_MergedGlobals.9)
    HAL_RCC_ADC12_CLK_ENABLED                0x20000040   Data           4  adc.o(.bss.HAL_RCC_ADC12_CLK_ENABLED)
    [Anonymous Symbol]                       0x20000040   Section        0  adc.o(.bss.HAL_RCC_ADC12_CLK_ENABLED)
    TextColor                                0x200000aa   Data           2  lcd.o(.bss.TextColor)
    [Anonymous Symbol]                       0x200000aa   Section        0  lcd.o(.bss.TextColor)
    STACK                                    0x20000268   Section     1024  startup_stm32g431xx.o(STACK)

    Global Symbols

    Symbol Name                              Value     Ov Type        Size  Object(Section)

    BuildAttributes$$THM_ISAv4$E$P$D$K$B$S$7EM$VFPi3$EXTD16$VFPS$VFMA$PE$A:L22UL41UL21$X:L11$S22US41US21$IEEE1$IW$~IW$USESV6$~STKCKD$USESV7$~SHL$OTIME$ROPI$EBA8$MICROLIB$REQ8$PRES8$EABIv2 0x00000000   Number         0  anon$$obj.o ABSOLUTE
    _printf_a                                0x00000000   Number         0  printfstubs.o ABSOLUTE
    _printf_c                                0x00000000   Number         0  printfstubs.o ABSOLUTE
    _printf_charcount                        0x00000000   Number         0  printfstubs.o ABSOLUTE
    _printf_d                                0x00000000   Number         0  printfstubs.o ABSOLUTE
    _printf_e                                0x00000000   Number         0  printfstubs.o ABSOLUTE
    _printf_f                                0x00000000   Number         0  printfstubs.o ABSOLUTE
    _printf_flags                            0x00000000   Number         0  printfstubs.o ABSOLUTE
    _printf_fp_dec                           0x00000000   Number         0  printfstubs.o ABSOLUTE
    _printf_fp_hex                           0x00000000   Number         0  printfstubs.o ABSOLUTE
    _printf_g                                0x00000000   Number         0  printfstubs.o ABSOLUTE
    _printf_i                                0x00000000   Number         0  printfstubs.o ABSOLUTE
    _printf_int_dec                          0x00000000   Number         0  printfstubs.o ABSOLUTE
    _printf_l                                0x00000000   Number         0  printfstubs.o ABSOLUTE
    _printf_lc                               0x00000000   Number         0  printfstubs.o ABSOLUTE
    _printf_ll                               0x00000000   Number         0  printfstubs.o ABSOLUTE
    _printf_lld                              0x00000000   Number         0  printfstubs.o ABSOLUTE
    _printf_lli                              0x00000000   Number         0  printfstubs.o ABSOLUTE
    _printf_llo                              0x00000000   Number         0  printfstubs.o ABSOLUTE
    _printf_llu                              0x00000000   Number         0  printfstubs.o ABSOLUTE
    _printf_llx                              0x00000000   Number         0  printfstubs.o ABSOLUTE
    _printf_longlong_dec                     0x00000000   Number         0  printfstubs.o ABSOLUTE
    _printf_longlong_hex                     0x00000000   Number         0  printfstubs.o ABSOLUTE
    _printf_longlong_oct                     0x00000000   Number         0  printfstubs.o ABSOLUTE
    _printf_ls                               0x00000000   Number         0  printfstubs.o ABSOLUTE
    _printf_mbtowc                           0x00000000   Number         0  printfstubs.o ABSOLUTE
    _printf_n                                0x00000000   Number         0  printfstubs.o ABSOLUTE
    _printf_o                                0x00000000   Number         0  printfstubs.o ABSOLUTE
    _printf_p                                0x00000000   Number         0  printfstubs.o ABSOLUTE
    _printf_percent                          0x00000000   Number         0  printfstubs.o ABSOLUTE
    _printf_pre_padding                      0x00000000   Number         0  printfstubs.o ABSOLUTE
    _printf_return_value                     0x00000000   Number         0  printfstubs.o ABSOLUTE
    _printf_s                                0x00000000   Number         0  printfstubs.o ABSOLUTE
    _printf_sizespec                         0x00000000   Number         0  printfstubs.o ABSOLUTE
    _printf_str                              0x00000000   Number         0  printfstubs.o ABSOLUTE
    _printf_truncate_signed                  0x00000000   Number         0  printfstubs.o ABSOLUTE
    _printf_truncate_unsigned                0x00000000   Number         0  printfstubs.o ABSOLUTE
    _printf_u                                0x00000000   Number         0  printfstubs.o ABSOLUTE
    _printf_wc                               0x00000000   Number         0  printfstubs.o ABSOLUTE
    _printf_wctomb                           0x00000000   Number         0  printfstubs.o ABSOLUTE
    _printf_widthprec                        0x00000000   Number         0  printfstubs.o ABSOLUTE
    _printf_x                                0x00000000   Number         0  printfstubs.o ABSOLUTE
    __cpp_initialize__aeabi_                  - Undefined Weak Reference
    __cxa_finalize                            - Undefined Weak Reference
    __decompress                              - Undefined Weak Reference
    _clock_init                               - Undefined Weak Reference
    _microlib_exit                            - Undefined Weak Reference
    __Vectors_Size                           0x000001d8   Number         0  startup_stm32g431xx.o ABSOLUTE
    __Vectors                                0x08000000   Data           4  startup_stm32g431xx.o(RESET)
    __Vectors_End                            0x080001d8   Data           0  startup_stm32g431xx.o(RESET)
    __main                                   0x080001d9   Thumb Code     0  entry.o(.ARM.Collect$$$$00000000)
    _main_stk                                0x080001d9   Thumb Code     0  entry2.o(.ARM.Collect$$$$00000001)
    _main_scatterload                        0x080001dd   Thumb Code     0  entry5.o(.ARM.Collect$$$$00000004)
    __main_after_scatterload                 0x080001e1   Thumb Code     0  entry5.o(.ARM.Collect$$$$00000004)
    _main_clock                              0x080001e1   Thumb Code     0  entry7b.o(.ARM.Collect$$$$00000008)
    _main_cpp_init                           0x080001e1   Thumb Code     0  entry8b.o(.ARM.Collect$$$$0000000A)
    _main_init                               0x080001e1   Thumb Code     0  entry9a.o(.ARM.Collect$$$$0000000B)
    __rt_final_cpp                           0x080001e9   Thumb Code     0  entry10a.o(.ARM.Collect$$$$0000000D)
    __rt_final_exit                          0x080001e9   Thumb Code     0  entry11a.o(.ARM.Collect$$$$0000000F)
    Reset_Handler                            0x080001ed   Thumb Code     8  startup_stm32g431xx.o(.text)
    COMP1_2_3_IRQHandler                     0x08000207   Thumb Code     0  startup_stm32g431xx.o(.text)
    COMP4_IRQHandler                         0x08000207   Thumb Code     0  startup_stm32g431xx.o(.text)
    CORDIC_IRQHandler                        0x08000207   Thumb Code     0  startup_stm32g431xx.o(.text)
    CRS_IRQHandler                           0x08000207   Thumb Code     0  startup_stm32g431xx.o(.text)
    DMA1_Channel1_IRQHandler                 0x08000207   Thumb Code     0  startup_stm32g431xx.o(.text)
    DMA1_Channel2_IRQHandler                 0x08000207   Thumb Code     0  startup_stm32g431xx.o(.text)
    DMA1_Channel3_IRQHandler                 0x08000207   Thumb Code     0  startup_stm32g431xx.o(.text)
    DMA1_Channel4_IRQHandler                 0x08000207   Thumb Code     0  startup_stm32g431xx.o(.text)
    DMA1_Channel5_IRQHandler                 0x08000207   Thumb Code     0  startup_stm32g431xx.o(.text)
    DMA1_Channel6_IRQHandler                 0x08000207   Thumb Code     0  startup_stm32g431xx.o(.text)
    DMA2_Channel1_IRQHandler                 0x08000207   Thumb Code     0  startup_stm32g431xx.o(.text)
    DMA2_Channel2_IRQHandler                 0x08000207   Thumb Code     0  startup_stm32g431xx.o(.text)
    DMA2_Channel3_IRQHandler                 0x08000207   Thumb Code     0  startup_stm32g431xx.o(.text)
    DMA2_Channel4_IRQHandler                 0x08000207   Thumb Code     0  startup_stm32g431xx.o(.text)
    DMA2_Channel5_IRQHandler                 0x08000207   Thumb Code     0  startup_stm32g431xx.o(.text)
    DMA2_Channel6_IRQHandler                 0x08000207   Thumb Code     0  startup_stm32g431xx.o(.text)
    DMAMUX_OVR_IRQHandler                    0x08000207   Thumb Code     0  startup_stm32g431xx.o(.text)
    EXTI0_IRQHandler                         0x08000207   Thumb Code     0  startup_stm32g431xx.o(.text)
    EXTI15_10_IRQHandler                     0x08000207   Thumb Code     0  startup_stm32g431xx.o(.text)
    EXTI1_IRQHandler                         0x08000207   Thumb Code     0  startup_stm32g431xx.o(.text)
    EXTI2_IRQHandler                         0x08000207   Thumb Code     0  startup_stm32g431xx.o(.text)
    EXTI3_IRQHandler                         0x08000207   Thumb Code     0  startup_stm32g431xx.o(.text)
    EXTI4_IRQHandler                         0x08000207   Thumb Code     0  startup_stm32g431xx.o(.text)
    EXTI9_5_IRQHandler                       0x08000207   Thumb Code     0  startup_stm32g431xx.o(.text)
    FDCAN1_IT0_IRQHandler                    0x08000207   Thumb Code     0  startup_stm32g431xx.o(.text)
    FDCAN1_IT1_IRQHandler                    0x08000207   Thumb Code     0  startup_stm32g431xx.o(.text)
    FLASH_IRQHandler                         0x08000207   Thumb Code     0  startup_stm32g431xx.o(.text)
    FMAC_IRQHandler                          0x08000207   Thumb Code     0  startup_stm32g431xx.o(.text)
    FPU_IRQHandler                           0x08000207   Thumb Code     0  startup_stm32g431xx.o(.text)
    I2C1_ER_IRQHandler                       0x08000207   Thumb Code     0  startup_stm32g431xx.o(.text)
    I2C1_EV_IRQHandler                       0x08000207   Thumb Code     0  startup_stm32g431xx.o(.text)
    I2C2_ER_IRQHandler                       0x08000207   Thumb Code     0  startup_stm32g431xx.o(.text)
    I2C2_EV_IRQHandler                       0x08000207   Thumb Code     0  startup_stm32g431xx.o(.text)
    I2C3_ER_IRQHandler                       0x08000207   Thumb Code     0  startup_stm32g431xx.o(.text)
    I2C3_EV_IRQHandler                       0x08000207   Thumb Code     0  startup_stm32g431xx.o(.text)
    LPTIM1_IRQHandler                        0x08000207   Thumb Code     0  startup_stm32g431xx.o(.text)
    LPUART1_IRQHandler                       0x08000207   Thumb Code     0  startup_stm32g431xx.o(.text)
    PVD_PVM_IRQHandler                       0x08000207   Thumb Code     0  startup_stm32g431xx.o(.text)
    RCC_IRQHandler                           0x08000207   Thumb Code     0  startup_stm32g431xx.o(.text)
    RNG_IRQHandler                           0x08000207   Thumb Code     0  startup_stm32g431xx.o(.text)
    RTC_Alarm_IRQHandler                     0x08000207   Thumb Code     0  startup_stm32g431xx.o(.text)
    RTC_TAMP_LSECSS_IRQHandler               0x08000207   Thumb Code     0  startup_stm32g431xx.o(.text)
    RTC_WKUP_IRQHandler                      0x08000207   Thumb Code     0  startup_stm32g431xx.o(.text)
    SAI1_IRQHandler                          0x08000207   Thumb Code     0  startup_stm32g431xx.o(.text)
    SPI1_IRQHandler                          0x08000207   Thumb Code     0  startup_stm32g431xx.o(.text)
    SPI2_IRQHandler                          0x08000207   Thumb Code     0  startup_stm32g431xx.o(.text)
    SPI3_IRQHandler                          0x08000207   Thumb Code     0  startup_stm32g431xx.o(.text)
    TIM1_BRK_TIM15_IRQHandler                0x08000207   Thumb Code     0  startup_stm32g431xx.o(.text)
    TIM1_CC_IRQHandler                       0x08000207   Thumb Code     0  startup_stm32g431xx.o(.text)
    TIM1_TRG_COM_TIM17_IRQHandler            0x08000207   Thumb Code     0  startup_stm32g431xx.o(.text)
    TIM1_UP_TIM16_IRQHandler                 0x08000207   Thumb Code     0  startup_stm32g431xx.o(.text)
    TIM3_IRQHandler                          0x08000207   Thumb Code     0  startup_stm32g431xx.o(.text)
    TIM4_IRQHandler                          0x08000207   Thumb Code     0  startup_stm32g431xx.o(.text)
    TIM6_DAC_IRQHandler                      0x08000207   Thumb Code     0  startup_stm32g431xx.o(.text)
    TIM7_DAC_IRQHandler                      0x08000207   Thumb Code     0  startup_stm32g431xx.o(.text)
    TIM8_BRK_IRQHandler                      0x08000207   Thumb Code     0  startup_stm32g431xx.o(.text)
    TIM8_CC_IRQHandler                       0x08000207   Thumb Code     0  startup_stm32g431xx.o(.text)
    TIM8_TRG_COM_IRQHandler                  0x08000207   Thumb Code     0  startup_stm32g431xx.o(.text)
    TIM8_UP_IRQHandler                       0x08000207   Thumb Code     0  startup_stm32g431xx.o(.text)
    UART4_IRQHandler                         0x08000207   Thumb Code     0  startup_stm32g431xx.o(.text)
    UCPD1_IRQHandler                         0x08000207   Thumb Code     0  startup_stm32g431xx.o(.text)
    USART2_IRQHandler                        0x08000207   Thumb Code     0  startup_stm32g431xx.o(.text)
    USART3_IRQHandler                        0x08000207   Thumb Code     0  startup_stm32g431xx.o(.text)
    USBWakeUp_IRQHandler                     0x08000207   Thumb Code     0  startup_stm32g431xx.o(.text)
    USB_HP_IRQHandler                        0x08000207   Thumb Code     0  startup_stm32g431xx.o(.text)
    USB_LP_IRQHandler                        0x08000207   Thumb Code     0  startup_stm32g431xx.o(.text)
    WWDG_IRQHandler                          0x08000207   Thumb Code     0  startup_stm32g431xx.o(.text)
    __aeabi_uldivmod                         0x08000211   Thumb Code    98  uldiv.o(.text)
    __aeabi_memcpy                           0x08000273   Thumb Code    36  memcpya.o(.text)
    __aeabi_memcpy4                          0x08000273   Thumb Code     0  memcpya.o(.text)
    __aeabi_memcpy8                          0x08000273   Thumb Code     0  memcpya.o(.text)
    __aeabi_memset                           0x08000297   Thumb Code    14  memseta.o(.text)
    __aeabi_memset4                          0x08000297   Thumb Code     0  memseta.o(.text)
    __aeabi_memset8                          0x08000297   Thumb Code     0  memseta.o(.text)
    __aeabi_memclr                           0x080002a5   Thumb Code     4  memseta.o(.text)
    __aeabi_memclr4                          0x080002a5   Thumb Code     0  memseta.o(.text)
    __aeabi_memclr8                          0x080002a5   Thumb Code     0  memseta.o(.text)
    _memset$wrapper                          0x080002a9   Thumb Code    18  memseta.o(.text)
    __aeabi_dadd                             0x080002bb   Thumb Code   322  dadd.o(.text)
    __aeabi_dsub                             0x080003fd   Thumb Code     6  dadd.o(.text)
    __aeabi_drsub                            0x08000403   Thumb Code     6  dadd.o(.text)
    __aeabi_dmul                             0x08000409   Thumb Code   228  dmul.o(.text)
    __aeabi_f2d                              0x080004ed   Thumb Code    38  f2d.o(.text)
    __aeabi_d2f                              0x08000513   Thumb Code    56  d2f.o(.text)
    __aeabi_uidiv                            0x0800054b   Thumb Code     0  uidiv.o(.text)
    __aeabi_uidivmod                         0x0800054b   Thumb Code    44  uidiv.o(.text)
    __aeabi_llsl                             0x08000577   Thumb Code    30  llshl.o(.text)
    _ll_shift_l                              0x08000577   Thumb Code     0  llshl.o(.text)
    __aeabi_llsr                             0x08000595   Thumb Code    32  llushr.o(.text)
    _ll_ushift_r                             0x08000595   Thumb Code     0  llushr.o(.text)
    __aeabi_lasr                             0x080005b5   Thumb Code    36  llsshr.o(.text)
    _ll_sshift_r                             0x080005b5   Thumb Code     0  llsshr.o(.text)
    __I$use$fp                               0x080005d9   Thumb Code     0  iusefp.o(.text)
    _float_round                             0x080005d9   Thumb Code    18  fepilogue.o(.text)
    _float_epilogue                          0x080005eb   Thumb Code    92  fepilogue.o(.text)
    _double_round                            0x08000647   Thumb Code    30  depilogue.o(.text)
    _double_epilogue                         0x08000665   Thumb Code   156  depilogue.o(.text)
    __aeabi_ddiv                             0x08000701   Thumb Code   222  ddiv.o(.text)
    __aeabi_d2ulz                            0x080007df   Thumb Code    48  dfixul.o(.text)
    __aeabi_cdrcmple                         0x08000811   Thumb Code    48  cdrcmple.o(.text)
    __scatterload                            0x08000841   Thumb Code    38  init.o(.text)
    __scatterload_rt2                        0x08000841   Thumb Code     0  init.o(.text)
    ADC1_2_IRQHandler                        0x08000871   Thumb Code    30  stm32g4xx_it.o(.text.ADC1_2_IRQHandler)
    ADC_ConversionStop                       0x08000891   Thumb Code   384  stm32g4xx_hal_adc.o(.text.ADC_ConversionStop)
    BusFault_Handler                         0x08000a11   Thumb Code     2  stm32g4xx_it.o(.text.BusFault_Handler)
    Change_Menu_Led                          0x08000a15   Thumb Code   116  led.o(.text.Change_Menu_Led)
    Close_All_Led                            0x08000a89   Thumb Code    48  led.o(.text.Close_All_Led)
    DebugMon_Handler                         0x08000ab9   Thumb Code     2  stm32g4xx_it.o(.text.DebugMon_Handler)
    Display_Lcd                              0x08000abd   Thumb Code   356  main.o(.text.Display_Lcd)
    Error_Handler                            0x08000cb1   Thumb Code     2  main.o(.text.Error_Handler)
    Get_ADC                                  0x08000cb9   Thumb Code   112  main.o(.text.Get_ADC)
    HAL_ADCEx_EndOfSamplingCallback          0x08000d39   Thumb Code     2  stm32g4xx_hal_adc_ex.o(.text.HAL_ADCEx_EndOfSamplingCallback)
    HAL_ADCEx_InjectedConvCpltCallback       0x08000d3d   Thumb Code     2  stm32g4xx_hal_adc_ex.o(.text.HAL_ADCEx_InjectedConvCpltCallback)
    HAL_ADCEx_InjectedQueueOverflowCallback  0x08000d41   Thumb Code     2  stm32g4xx_hal_adc_ex.o(.text.HAL_ADCEx_InjectedQueueOverflowCallback)
    HAL_ADCEx_LevelOutOfWindow2Callback      0x08000d45   Thumb Code     2  stm32g4xx_hal_adc_ex.o(.text.HAL_ADCEx_LevelOutOfWindow2Callback)
    HAL_ADCEx_LevelOutOfWindow3Callback      0x08000d49   Thumb Code     2  stm32g4xx_hal_adc_ex.o(.text.HAL_ADCEx_LevelOutOfWindow3Callback)
    HAL_ADCEx_MultiModeConfigChannel         0x08000d4d   Thumb Code   192  stm32g4xx_hal_adc_ex.o(.text.HAL_ADCEx_MultiModeConfigChannel)
    HAL_ADC_ConfigChannel                    0x08000e0d   Thumb Code   894  stm32g4xx_hal_adc.o(.text.HAL_ADC_ConfigChannel)
    HAL_ADC_ConvCpltCallback                 0x0800118d   Thumb Code     2  stm32g4xx_hal_adc.o(.text.HAL_ADC_ConvCpltCallback)
    HAL_ADC_ErrorCallback                    0x08001191   Thumb Code     2  stm32g4xx_hal_adc.o(.text.HAL_ADC_ErrorCallback)
    HAL_ADC_GetValue                         0x08001195   Thumb Code     6  stm32g4xx_hal_adc.o(.text.HAL_ADC_GetValue)
    HAL_ADC_IRQHandler                       0x0800119d   Thumb Code   624  stm32g4xx_hal_adc.o(.text.HAL_ADC_IRQHandler)
    HAL_ADC_Init                             0x0800140d   Thumb Code   580  stm32g4xx_hal_adc.o(.text.HAL_ADC_Init)
    HAL_ADC_LevelOutOfWindowCallback         0x08001651   Thumb Code     2  stm32g4xx_hal_adc.o(.text.HAL_ADC_LevelOutOfWindowCallback)
    HAL_ADC_MspInit                          0x08001655   Thumb Code   212  adc.o(.text.HAL_ADC_MspInit)
    HAL_ADC_Start                            0x08001729   Thumb Code   322  stm32g4xx_hal_adc.o(.text.HAL_ADC_Start)
    HAL_ADC_Stop                             0x0800186d   Thumb Code   162  stm32g4xx_hal_adc.o(.text.HAL_ADC_Stop)
    HAL_DMA_Abort_IT                         0x08001911   Thumb Code   128  stm32g4xx_hal_dma.o(.text.HAL_DMA_Abort_IT)
    HAL_Delay                                0x08001991   Thumb Code    40  stm32g4xx_hal.o(.text.HAL_Delay)
    HAL_GPIO_Init                            0x080019b9   Thumb Code   400  stm32g4xx_hal_gpio.o(.text.HAL_GPIO_Init)
    HAL_GPIO_ReadPin                         0x08001b49   Thumb Code    10  stm32g4xx_hal_gpio.o(.text.HAL_GPIO_ReadPin)
    HAL_GPIO_WritePin                        0x08001b55   Thumb Code    12  stm32g4xx_hal_gpio.o(.text.HAL_GPIO_WritePin)
    HAL_GetTick                              0x08001b61   Thumb Code    12  stm32g4xx_hal.o(.text.HAL_GetTick)
    HAL_IncTick                              0x08001b6d   Thumb Code    26  stm32g4xx_hal.o(.text.HAL_IncTick)
    HAL_Init                                 0x08001b89   Thumb Code    30  stm32g4xx_hal.o(.text.HAL_Init)
    HAL_InitTick                             0x08001ba9   Thumb Code    76  stm32g4xx_hal.o(.text.HAL_InitTick)
    HAL_MspInit                              0x08001bf5   Thumb Code    66  stm32g4xx_hal_msp.o(.text.HAL_MspInit)
    HAL_NVIC_EnableIRQ                       0x08001c39   Thumb Code    34  stm32g4xx_hal_cortex.o(.text.HAL_NVIC_EnableIRQ)
    HAL_NVIC_SetPriority                     0x08001c5d   Thumb Code    86  stm32g4xx_hal_cortex.o(.text.HAL_NVIC_SetPriority)
    HAL_NVIC_SetPriorityGrouping             0x08001cb5   Thumb Code    32  stm32g4xx_hal_cortex.o(.text.HAL_NVIC_SetPriorityGrouping)
    HAL_PWREx_ControlVoltageScaling          0x08001cd5   Thumb Code   294  stm32g4xx_hal_pwr_ex.o(.text.HAL_PWREx_ControlVoltageScaling)
    HAL_RCCEx_PeriphCLKConfig                0x08001dfd   Thumb Code   618  stm32g4xx_hal_rcc_ex.o(.text.HAL_RCCEx_PeriphCLKConfig)
    HAL_RCC_ClockConfig                      0x08002069   Thumb Code   780  stm32g4xx_hal_rcc.o(.text.HAL_RCC_ClockConfig)
    HAL_RCC_GetPCLK1Freq                     0x08002375   Thumb Code    42  stm32g4xx_hal_rcc.o(.text.HAL_RCC_GetPCLK1Freq)
    HAL_RCC_GetPCLK2Freq                     0x080023a1   Thumb Code    42  stm32g4xx_hal_rcc.o(.text.HAL_RCC_GetPCLK2Freq)
    HAL_RCC_GetSysClockFreq                  0x080023cd   Thumb Code   130  stm32g4xx_hal_rcc.o(.text.HAL_RCC_GetSysClockFreq)
    HAL_RCC_OscConfig                        0x08002451   Thumb Code  1244  stm32g4xx_hal_rcc.o(.text.HAL_RCC_OscConfig)
    HAL_SYSTICK_Config                       0x0800292d   Thumb Code    44  stm32g4xx_hal_cortex.o(.text.HAL_SYSTICK_Config)
    HAL_TIMEx_Break2Callback                 0x08002959   Thumb Code     2  stm32g4xx_hal_tim_ex.o(.text.HAL_TIMEx_Break2Callback)
    HAL_TIMEx_BreakCallback                  0x0800295d   Thumb Code     2  stm32g4xx_hal_tim_ex.o(.text.HAL_TIMEx_BreakCallback)
    HAL_TIMEx_CommutCallback                 0x08002961   Thumb Code     2  stm32g4xx_hal_tim_ex.o(.text.HAL_TIMEx_CommutCallback)
    HAL_TIMEx_DirectionChangeCallback        0x08002965   Thumb Code     2  stm32g4xx_hal_tim_ex.o(.text.HAL_TIMEx_DirectionChangeCallback)
    HAL_TIMEx_EncoderIndexCallback           0x08002969   Thumb Code     2  stm32g4xx_hal_tim_ex.o(.text.HAL_TIMEx_EncoderIndexCallback)
    HAL_TIMEx_IndexErrorCallback             0x0800296d   Thumb Code     2  stm32g4xx_hal_tim_ex.o(.text.HAL_TIMEx_IndexErrorCallback)
    HAL_TIMEx_MasterConfigSynchronization    0x08002971   Thumb Code   110  stm32g4xx_hal_tim_ex.o(.text.HAL_TIMEx_MasterConfigSynchronization)
    HAL_TIMEx_TransitionErrorCallback        0x080029e1   Thumb Code     2  stm32g4xx_hal_tim_ex.o(.text.HAL_TIMEx_TransitionErrorCallback)
    HAL_TIM_Base_Init                        0x080029e5   Thumb Code    54  stm32g4xx_hal_tim.o(.text.HAL_TIM_Base_Init)
    HAL_TIM_Base_MspInit                     0x08002a1d   Thumb Code    62  tim.o(.text.HAL_TIM_Base_MspInit)
    HAL_TIM_Base_Start_IT                    0x08002a5d   Thumb Code    48  stm32g4xx_hal_tim.o(.text.HAL_TIM_Base_Start_IT)
    HAL_TIM_ConfigClockSource                0x08002a8d   Thumb Code   490  stm32g4xx_hal_tim.o(.text.HAL_TIM_ConfigClockSource)
    HAL_TIM_IC_CaptureCallback               0x08002c79   Thumb Code     2  stm32g4xx_hal_tim.o(.text.HAL_TIM_IC_CaptureCallback)
    HAL_TIM_IRQHandler                       0x08002c7d   Thumb Code   528  stm32g4xx_hal_tim.o(.text.HAL_TIM_IRQHandler)
    HAL_TIM_OC_DelayElapsedCallback          0x08002e8d   Thumb Code     2  stm32g4xx_hal_tim.o(.text.HAL_TIM_OC_DelayElapsedCallback)
    HAL_TIM_PWM_PulseFinishedCallback        0x08002e91   Thumb Code     2  stm32g4xx_hal_tim.o(.text.HAL_TIM_PWM_PulseFinishedCallback)
    HAL_TIM_PeriodElapsedCallback            0x08002e95   Thumb Code   282  key.o(.text.HAL_TIM_PeriodElapsedCallback)
    HAL_TIM_TriggerCallback                  0x08002fb1   Thumb Code     2  stm32g4xx_hal_tim.o(.text.HAL_TIM_TriggerCallback)
    HAL_UARTEx_DisableFifoMode               0x08002fb5   Thumb Code    54  stm32g4xx_hal_uart_ex.o(.text.HAL_UARTEx_DisableFifoMode)
    HAL_UARTEx_RxFifoFullCallback            0x08002fed   Thumb Code     2  stm32g4xx_hal_uart_ex.o(.text.HAL_UARTEx_RxFifoFullCallback)
    HAL_UARTEx_SetRxFifoThreshold            0x08002ff1   Thumb Code   144  stm32g4xx_hal_uart_ex.o(.text.HAL_UARTEx_SetRxFifoThreshold)
    HAL_UARTEx_SetTxFifoThreshold            0x08003081   Thumb Code   144  stm32g4xx_hal_uart_ex.o(.text.HAL_UARTEx_SetTxFifoThreshold)
    HAL_UARTEx_TxFifoEmptyCallback           0x08003111   Thumb Code     2  stm32g4xx_hal_uart_ex.o(.text.HAL_UARTEx_TxFifoEmptyCallback)
    HAL_UARTEx_WakeupCallback                0x08003115   Thumb Code     2  stm32g4xx_hal_uart_ex.o(.text.HAL_UARTEx_WakeupCallback)
    HAL_UART_ErrorCallback                   0x08003119   Thumb Code     2  stm32g4xx_hal_uart.o(.text.HAL_UART_ErrorCallback)
    HAL_UART_IRQHandler                      0x0800311d   Thumb Code   482  stm32g4xx_hal_uart.o(.text.HAL_UART_IRQHandler)
    HAL_UART_Init                            0x08003301   Thumb Code    98  stm32g4xx_hal_uart.o(.text.HAL_UART_Init)
    HAL_UART_MspInit                         0x08003365   Thumb Code   118  usart.o(.text.HAL_UART_MspInit)
    HAL_UART_Receive_IT                      0x080033dd   Thumb Code   264  stm32g4xx_hal_uart.o(.text.HAL_UART_Receive_IT)
    HAL_UART_RxCpltCallback                  0x080034e5   Thumb Code    68  myfile.o(.text.HAL_UART_RxCpltCallback)
    HAL_UART_Transmit_IT                     0x08003529   Thumb Code   170  stm32g4xx_hal_uart.o(.text.HAL_UART_Transmit_IT)
    HAL_UART_TxCpltCallback                  0x080035d5   Thumb Code     2  stm32g4xx_hal_uart.o(.text.HAL_UART_TxCpltCallback)
    HardFault_Handler                        0x080035d9   Thumb Code     2  stm32g4xx_it.o(.text.HardFault_Handler)
    Key_Proc                                 0x080035e1   Thumb Code   592  myfile.o(.text.Key_Proc)
    LCD_Clear                                0x0800383d   Thumb Code   644  lcd.o(.text.LCD_Clear)
    LCD_DisplayStringLine                    0x08003ac1   Thumb Code    76  lcd.o(.text.LCD_DisplayStringLine)
    LCD_DrawChar                             0x08003b0d   Thumb Code   870  lcd.o(.text.LCD_DrawChar)
    LCD_Init                                 0x08003e75   Thumb Code   560  lcd.o(.text.LCD_Init)
    LCD_SetBackColor                         0x080040a5   Thumb Code    24  lcd.o(.text.LCD_SetBackColor)
    LCD_SetTextColor                         0x080040bd   Thumb Code    24  lcd.o(.text.LCD_SetTextColor)
    Led_Check_Qulify                         0x080040d5   Thumb Code   224  led.o(.text.Led_Check_Qulify)
    MX_ADC1_Init                             0x080041b5   Thumb Code   168  adc.o(.text.MX_ADC1_Init)
    MX_ADC2_Init                             0x0800425d   Thumb Code   128  adc.o(.text.MX_ADC2_Init)
    MX_GPIO_Init                             0x080042dd   Thumb Code   232  gpio.o(.text.MX_GPIO_Init)
    MX_TIM2_Init                             0x080043c5   Thumb Code   116  tim.o(.text.MX_TIM2_Init)
    MX_USART1_UART_Init                      0x08004439   Thumb Code   130  usart.o(.text.MX_USART1_UART_Init)
    MemManage_Handler                        0x080044bd   Thumb Code     2  stm32g4xx_it.o(.text.MemManage_Handler)
    NMI_Handler                              0x080044c1   Thumb Code     2  stm32g4xx_it.o(.text.NMI_Handler)
    PendSV_Handler                           0x080044c5   Thumb Code     2  stm32g4xx_it.o(.text.PendSV_Handler)
    REG_8230_Init                            0x080044c9   Thumb Code  2790  lcd.o(.text.REG_8230_Init)
    REG_932X_Init                            0x08004fb1   Thumb Code  5406  lcd.o(.text.REG_932X_Init)
    SVC_Handler                              0x080064d1   Thumb Code     2  stm32g4xx_it.o(.text.SVC_Handler)
    SysTick_Handler                          0x080064d5   Thumb Code     4  stm32g4xx_it.o(.text.SysTick_Handler)
    SystemInit                               0x080064d9   Thumb Code    26  system_stm32g4xx.o(.text.SystemInit)
    TIM2_IRQHandler                          0x080064f5   Thumb Code    12  stm32g4xx_it.o(.text.TIM2_IRQHandler)
    TIM_Base_SetConfig                       0x08006501   Thumb Code   274  stm32g4xx_hal_tim.o(.text.TIM_Base_SetConfig)
    UART_AdvFeatureConfig                    0x08006615   Thumb Code   234  stm32g4xx_hal_uart.o(.text.UART_AdvFeatureConfig)
    UART_CheckIdleState                      0x08006701   Thumb Code   134  stm32g4xx_hal_uart.o(.text.UART_CheckIdleState)
    UART_SetConfig                           0x080069a5   Thumb Code  1120  stm32g4xx_hal_uart.o(.text.UART_SetConfig)
    USART1_IRQHandler                        0x08006f5d   Thumb Code    12  stm32g4xx_it.o(.text.USART1_IRQHandler)
    UsageFault_Handler                       0x08006f69   Thumb Code     2  stm32g4xx_it.o(.text.UsageFault_Handler)
    Usart_Function                           0x08006f6d   Thumb Code   244  myfile.o(.text.Usart_Function)
    main                                     0x080070a5   Thumb Code   166  main.o(.text.main)
    sys_Init                                 0x0800714d   Thumb Code    76  myfile.o(.text.sys_Init)
    sys_work                                 0x08007199   Thumb Code    86  myfile.o(.text.sys_work)
    __0sprintf                               0x080071f1   Thumb Code    34  printfa.o(i.__0sprintf)
    __1sprintf                               0x080071f1   Thumb Code     0  printfa.o(i.__0sprintf)
    __2sprintf                               0x080071f1   Thumb Code     0  printfa.o(i.__0sprintf)
    __c89sprintf                             0x080071f1   Thumb Code     0  printfa.o(i.__0sprintf)
    sprintf                                  0x080071f1   Thumb Code     0  printfa.o(i.__0sprintf)
    __scatterload_copy                       0x08007219   Thumb Code    14  handlers.o(i.__scatterload_copy)
    __scatterload_null                       0x08007227   Thumb Code     2  handlers.o(i.__scatterload_null)
    __scatterload_zeroinit                   0x08007229   Thumb Code    14  handlers.o(i.__scatterload_zeroinit)
    AHBPrescTable                            0x08007b36   Data          16  system_stm32g4xx.o(.rodata.AHBPrescTable)
    APBPrescTable                            0x08007b46   Data           8  system_stm32g4xx.o(.rodata.APBPrescTable)
    ASCII_Table                              0x08007b4e   Data        4560  lcd.o(.rodata.ASCII_Table)
    Region$$Table$$Base                      0x08008d84   Number         0  anon$$obj.o(Region$$Table)
    Region$$Table$$Limit                     0x08008da4   Number         0  anon$$obj.o(Region$$Table)
    standard_37_up                           0x20000000   Data           4  main.o(.data..L_MergedGlobals)
    standard_37_down                         0x20000004   Data           4  main.o(.data..L_MergedGlobals)
    standard_38_up                           0x20000008   Data           4  main.o(.data..L_MergedGlobals)
    standard_38_down                         0x2000000c   Data           4  main.o(.data..L_MergedGlobals)
    uwTickPrio                               0x20000010   Data           4  stm32g4xx_hal.o(.data..L_MergedGlobals)
    uwTickFreq                               0x20000014   Data           4  stm32g4xx_hal.o(.data..L_MergedGlobals)
    SystemCoreClock                          0x2000001c   Data           4  system_stm32g4xx.o(.data.SystemCoreClock)
    update_standard                          0x20000020   Data           1  main.o(.data.update_standard)
    menu                                     0x20000028   Data           1  main.o(.bss..L_MergedGlobals.9)
    qulify_ratio_37                          0x2000002c   Data           4  main.o(.bss..L_MergedGlobals.9)
    qulify_ratio_38                          0x20000030   Data           4  main.o(.bss..L_MergedGlobals.9)
    v_37                                     0x20000034   Data           4  main.o(.bss..L_MergedGlobals.9)
    v_38                                     0x20000038   Data           4  main.o(.bss..L_MergedGlobals.9)
    BufIndex                                 0x2000003c   Data           1  main.o(.bss.BufIndex)
    RX_Buff                                  0x20000044   Data          50  main.o(.bss.RX_Buff)
    Rxdat                                    0x20000076   Data           1  main.o(.bss.Rxdat)
    TX_Buff                                  0x20000077   Data          50  main.o(.bss.TX_Buff)
    check_total_37                           0x200000ac   Data           1  main.o(.bss.check_total_37)
    check_total_38                           0x200000ad   Data           1  main.o(.bss.check_total_38)
    dummy                                    0x200000ae   Data           2  lcd.o(.bss.dummy)
    hadc1                                    0x200000b0   Data         108  adc.o(.bss.hadc1)
    hadc2                                    0x2000011c   Data         108  adc.o(.bss.hadc2)
    htim2                                    0x20000188   Data          64  tim.o(.bss.htim2)
    huart1                                   0x200001c8   Data         140  usart.o(.bss.huart1)
    keys                                     0x20000254   Data          12  key.o(.bss.keys)
    qulify_37                                0x20000260   Data           1  main.o(.bss.qulify_37)
    qulify_38                                0x20000261   Data           1  main.o(.bss.qulify_38)
    standard_total_37                        0x20000262   Data           1  main.o(.bss.standard_total_37)
    standard_total_38                        0x20000263   Data           1  main.o(.bss.standard_total_38)
    uwTick                                   0x20000264   Data           4  stm32g4xx_hal.o(.bss.uwTick)
    __initial_sp                             0x20000668   Data           0  startup_stm32g431xx.o(STACK)



==============================================================================

Memory Map of the image

  Image Entry point : 0x080001d9

  Load Region LR_IROM1 (Base: 0x08000000, Size: 0x00008dd0, Max: 0x00020000, ABSOLUTE)

    Execution Region ER_IROM1 (Exec base: 0x08000000, Load base: 0x08000000, Size: 0x00008da4, Max: 0x00020000, ABSOLUTE)

    Exec Addr    Load Addr    Size         Type   Attr      Idx    E Section Name        Object

    0x08000000   0x08000000   0x000001d8   Data   RO            3    RESET               startup_stm32g431xx.o
    0x080001d8   0x080001d8   0x00000000   Code   RO         1444  * .ARM.Collect$$$$00000000  mc_w.l(entry.o)
    0x080001d8   0x080001d8   0x00000004   Code   RO         1724    .ARM.Collect$$$$00000001  mc_w.l(entry2.o)
    0x080001dc   0x080001dc   0x00000004   Code   RO         1727    .ARM.Collect$$$$00000004  mc_w.l(entry5.o)
    0x080001e0   0x080001e0   0x00000000   Code   RO         1729    .ARM.Collect$$$$00000008  mc_w.l(entry7b.o)
    0x080001e0   0x080001e0   0x00000000   Code   RO         1731    .ARM.Collect$$$$0000000A  mc_w.l(entry8b.o)
    0x080001e0   0x080001e0   0x00000008   Code   RO         1732    .ARM.Collect$$$$0000000B  mc_w.l(entry9a.o)
    0x080001e8   0x080001e8   0x00000000   Code   RO         1734    .ARM.Collect$$$$0000000D  mc_w.l(entry10a.o)
    0x080001e8   0x080001e8   0x00000000   Code   RO         1736    .ARM.Collect$$$$0000000F  mc_w.l(entry11a.o)
    0x080001e8   0x080001e8   0x00000004   Code   RO         1725    .ARM.Collect$$$$00002712  mc_w.l(entry2.o)
    0x080001ec   0x080001ec   0x00000024   Code   RO            4    .text               startup_stm32g431xx.o
    0x08000210   0x08000210   0x00000062   Code   RO         1447    .text               mc_w.l(uldiv.o)
    0x08000272   0x08000272   0x00000024   Code   RO         1449    .text               mc_w.l(memcpya.o)
    0x08000296   0x08000296   0x00000024   Code   RO         1451    .text               mc_w.l(memseta.o)
    0x080002ba   0x080002ba   0x0000014e   Code   RO         1716    .text               mf_w.l(dadd.o)
    0x08000408   0x08000408   0x000000e4   Code   RO         1718    .text               mf_w.l(dmul.o)
    0x080004ec   0x080004ec   0x00000026   Code   RO         1720    .text               mf_w.l(f2d.o)
    0x08000512   0x08000512   0x00000038   Code   RO         1722    .text               mf_w.l(d2f.o)
    0x0800054a   0x0800054a   0x0000002c   Code   RO         1752    .text               mc_w.l(uidiv.o)
    0x08000576   0x08000576   0x0000001e   Code   RO         1754    .text               mc_w.l(llshl.o)
    0x08000594   0x08000594   0x00000020   Code   RO         1756    .text               mc_w.l(llushr.o)
    0x080005b4   0x080005b4   0x00000024   Code   RO         1758    .text               mc_w.l(llsshr.o)
    0x080005d8   0x080005d8   0x00000000   Code   RO         1760    .text               mc_w.l(iusefp.o)
    0x080005d8   0x080005d8   0x0000006e   Code   RO         1761    .text               mf_w.l(fepilogue.o)
    0x08000646   0x08000646   0x000000ba   Code   RO         1763    .text               mf_w.l(depilogue.o)
    0x08000700   0x08000700   0x000000de   Code   RO         1765    .text               mf_w.l(ddiv.o)
    0x080007de   0x080007de   0x00000030   Code   RO         1767    .text               mf_w.l(dfixul.o)
    0x0800080e   0x0800080e   0x00000002   PAD
    0x08000810   0x08000810   0x00000030   Code   RO         1769    .text               mf_w.l(cdrcmple.o)
    0x08000840   0x08000840   0x00000030   Code   RO         1771    .text               mc_w.l(init.o)
    0x08000870   0x08000870   0x0000001e   Code   RO          252    .text.ADC1_2_IRQHandler  stm32g4xx_it.o
    0x0800088e   0x0800088e   0x00000002   PAD
    0x08000890   0x08000890   0x00000180   Code   RO          303    .text.ADC_ConversionStop  stm32g4xx_hal_adc.o
    0x08000a10   0x08000a10   0x00000002   Code   RO          240    .text.BusFault_Handler  stm32g4xx_it.o
    0x08000a12   0x08000a12   0x00000002   PAD
    0x08000a14   0x08000a14   0x00000074   Code   RO          102    .text.Change_Menu_Led  led.o
    0x08000a88   0x08000a88   0x00000030   Code   RO           96    .text.Close_All_Led  led.o
    0x08000ab8   0x08000ab8   0x00000002   Code   RO          246    .text.DebugMon_Handler  stm32g4xx_it.o
    0x08000aba   0x08000aba   0x00000002   PAD
    0x08000abc   0x08000abc   0x000001f4   Code   RO          138    .text.Display_Lcd   main.o
    0x08000cb0   0x08000cb0   0x00000002   Code   RO          146    .text.Error_Handler  main.o
    0x08000cb2   0x08000cb2   0x00000006   PAD
    0x08000cb8   0x08000cb8   0x00000080   Code   RO          140    .text.Get_ADC       main.o
    0x08000d38   0x08000d38   0x00000002   Code   RO          397    .text.HAL_ADCEx_EndOfSamplingCallback  stm32g4xx_hal_adc_ex.o
    0x08000d3a   0x08000d3a   0x00000002   PAD
    0x08000d3c   0x08000d3c   0x00000002   Code   RO          389    .text.HAL_ADCEx_InjectedConvCpltCallback  stm32g4xx_hal_adc_ex.o
    0x08000d3e   0x08000d3e   0x00000002   PAD
    0x08000d40   0x08000d40   0x00000002   Code   RO          391    .text.HAL_ADCEx_InjectedQueueOverflowCallback  stm32g4xx_hal_adc_ex.o
    0x08000d42   0x08000d42   0x00000002   PAD
    0x08000d44   0x08000d44   0x00000002   Code   RO          393    .text.HAL_ADCEx_LevelOutOfWindow2Callback  stm32g4xx_hal_adc_ex.o
    0x08000d46   0x08000d46   0x00000002   PAD
    0x08000d48   0x08000d48   0x00000002   Code   RO          395    .text.HAL_ADCEx_LevelOutOfWindow3Callback  stm32g4xx_hal_adc_ex.o
    0x08000d4a   0x08000d4a   0x00000002   PAD
    0x08000d4c   0x08000d4c   0x000000c0   Code   RO          409    .text.HAL_ADCEx_MultiModeConfigChannel  stm32g4xx_hal_adc_ex.o
    0x08000e0c   0x08000e0c   0x0000037e   Code   RO          349    .text.HAL_ADC_ConfigChannel  stm32g4xx_hal_adc.o
    0x0800118a   0x0800118a   0x00000002   PAD
    0x0800118c   0x0800118c   0x00000002   Code   RO          341    .text.HAL_ADC_ConvCpltCallback  stm32g4xx_hal_adc.o
    0x0800118e   0x0800118e   0x00000002   PAD
    0x08001190   0x08001190   0x00000002   Code   RO          345    .text.HAL_ADC_ErrorCallback  stm32g4xx_hal_adc.o
    0x08001192   0x08001192   0x00000002   PAD
    0x08001194   0x08001194   0x00000006   Code   RO          333    .text.HAL_ADC_GetValue  stm32g4xx_hal_adc.o
    0x0800119a   0x0800119a   0x00000002   PAD
    0x0800119c   0x0800119c   0x00000270   Code   RO          339    .text.HAL_ADC_IRQHandler  stm32g4xx_hal_adc.o
    0x0800140c   0x0800140c   0x00000244   Code   RO          297    .text.HAL_ADC_Init  stm32g4xx_hal_adc.o
    0x08001650   0x08001650   0x00000002   Code   RO          343    .text.HAL_ADC_LevelOutOfWindowCallback  stm32g4xx_hal_adc.o
    0x08001652   0x08001652   0x00000002   PAD
    0x08001654   0x08001654   0x000000d4   Code   RO          189    .text.HAL_ADC_MspInit  adc.o
    0x08001728   0x08001728   0x00000142   Code   RO          309    .text.HAL_ADC_Start  stm32g4xx_hal_adc.o
    0x0800186a   0x0800186a   0x00000002   PAD
    0x0800186c   0x0800186c   0x000000a2   Code   RO          313    .text.HAL_ADC_Stop  stm32g4xx_hal_adc.o
    0x0800190e   0x0800190e   0x00000002   PAD
    0x08001910   0x08001910   0x00000080   Code   RO         1222    .text.HAL_DMA_Abort_IT  stm32g4xx_hal_dma.o
    0x08001990   0x08001990   0x00000028   Code   RO          975    .text.HAL_Delay     stm32g4xx_hal.o
    0x080019b8   0x080019b8   0x00000190   Code   RO          273    .text.HAL_GPIO_Init  stm32g4xx_hal_gpio.o
    0x08001b48   0x08001b48   0x0000000a   Code   RO          277    .text.HAL_GPIO_ReadPin  stm32g4xx_hal_gpio.o
    0x08001b52   0x08001b52   0x00000002   PAD
    0x08001b54   0x08001b54   0x0000000c   Code   RO          279    .text.HAL_GPIO_WritePin  stm32g4xx_hal_gpio.o
    0x08001b60   0x08001b60   0x0000000c   Code   RO          967    .text.HAL_GetTick   stm32g4xx_hal.o
    0x08001b6c   0x08001b6c   0x0000001a   Code   RO          965    .text.HAL_IncTick   stm32g4xx_hal.o
    0x08001b86   0x08001b86   0x00000002   PAD
    0x08001b88   0x08001b88   0x0000001e   Code   RO          955    .text.HAL_Init      stm32g4xx_hal.o
    0x08001ba6   0x08001ba6   0x00000002   PAD
    0x08001ba8   0x08001ba8   0x0000004c   Code   RO          957    .text.HAL_InitTick  stm32g4xx_hal.o
    0x08001bf4   0x08001bf4   0x00000042   Code   RO          265    .text.HAL_MspInit   stm32g4xx_hal_msp.o
    0x08001c36   0x08001c36   0x00000002   PAD
    0x08001c38   0x08001c38   0x00000022   Code   RO         1388    .text.HAL_NVIC_EnableIRQ  stm32g4xx_hal_cortex.o
    0x08001c5a   0x08001c5a   0x00000002   PAD
    0x08001c5c   0x08001c5c   0x00000056   Code   RO         1386    .text.HAL_NVIC_SetPriority  stm32g4xx_hal_cortex.o
    0x08001cb2   0x08001cb2   0x00000002   PAD
    0x08001cb4   0x08001cb4   0x00000020   Code   RO         1384    .text.HAL_NVIC_SetPriorityGrouping  stm32g4xx_hal_cortex.o
    0x08001cd4   0x08001cd4   0x00000126   Code   RO         1304    .text.HAL_PWREx_ControlVoltageScaling  stm32g4xx_hal_pwr_ex.o
    0x08001dfa   0x08001dfa   0x00000002   PAD
    0x08001dfc   0x08001dfc   0x0000026a   Code   RO         1073    .text.HAL_RCCEx_PeriphCLKConfig  stm32g4xx_hal_rcc_ex.o
    0x08002066   0x08002066   0x00000002   PAD
    0x08002068   0x08002068   0x0000030c   Code   RO         1039    .text.HAL_RCC_ClockConfig  stm32g4xx_hal_rcc.o
    0x08002374   0x08002374   0x0000002a   Code   RO         1047    .text.HAL_RCC_GetPCLK1Freq  stm32g4xx_hal_rcc.o
    0x0800239e   0x0800239e   0x00000002   PAD
    0x080023a0   0x080023a0   0x0000002a   Code   RO         1049    .text.HAL_RCC_GetPCLK2Freq  stm32g4xx_hal_rcc.o
    0x080023ca   0x080023ca   0x00000002   PAD
    0x080023cc   0x080023cc   0x00000082   Code   RO         1041    .text.HAL_RCC_GetSysClockFreq  stm32g4xx_hal_rcc.o
    0x0800244e   0x0800244e   0x00000002   PAD
    0x08002450   0x08002450   0x000004dc   Code   RO         1037    .text.HAL_RCC_OscConfig  stm32g4xx_hal_rcc.o
    0x0800292c   0x0800292c   0x0000002c   Code   RO         1396    .text.HAL_SYSTICK_Config  stm32g4xx_hal_cortex.o
    0x08002958   0x08002958   0x00000002   Code   RO          768    .text.HAL_TIMEx_Break2Callback  stm32g4xx_hal_tim_ex.o
    0x0800295a   0x0800295a   0x00000002   PAD
    0x0800295c   0x0800295c   0x00000002   Code   RO          766    .text.HAL_TIMEx_BreakCallback  stm32g4xx_hal_tim_ex.o
    0x0800295e   0x0800295e   0x00000002   PAD
    0x08002960   0x08002960   0x00000002   Code   RO          762    .text.HAL_TIMEx_CommutCallback  stm32g4xx_hal_tim_ex.o
    0x08002962   0x08002962   0x00000002   PAD
    0x08002964   0x08002964   0x00000002   Code   RO          772    .text.HAL_TIMEx_DirectionChangeCallback  stm32g4xx_hal_tim_ex.o
    0x08002966   0x08002966   0x00000002   PAD
    0x08002968   0x08002968   0x00000002   Code   RO          770    .text.HAL_TIMEx_EncoderIndexCallback  stm32g4xx_hal_tim_ex.o
    0x0800296a   0x0800296a   0x00000002   PAD
    0x0800296c   0x0800296c   0x00000002   Code   RO          774    .text.HAL_TIMEx_IndexErrorCallback  stm32g4xx_hal_tim_ex.o
    0x0800296e   0x0800296e   0x00000002   PAD
    0x08002970   0x08002970   0x0000006e   Code   RO          712    .text.HAL_TIMEx_MasterConfigSynchronization  stm32g4xx_hal_tim_ex.o
    0x080029de   0x080029de   0x00000002   PAD
    0x080029e0   0x080029e0   0x00000002   Code   RO          776    .text.HAL_TIMEx_TransitionErrorCallback  stm32g4xx_hal_tim_ex.o
    0x080029e2   0x080029e2   0x00000002   PAD
    0x080029e4   0x080029e4   0x00000036   Code   RO          428    .text.HAL_TIM_Base_Init  stm32g4xx_hal_tim.o
    0x08002a1a   0x08002a1a   0x00000002   PAD
    0x08002a1c   0x08002a1c   0x0000003e   Code   RO          206    .text.HAL_TIM_Base_MspInit  tim.o
    0x08002a5a   0x08002a5a   0x00000002   PAD
    0x08002a5c   0x08002a5c   0x00000030   Code   RO          442    .text.HAL_TIM_Base_Start_IT  stm32g4xx_hal_tim.o
    0x08002a8c   0x08002a8c   0x000001ea   Code   RO          608    .text.HAL_TIM_ConfigClockSource  stm32g4xx_hal_tim.o
    0x08002c76   0x08002c76   0x00000002   PAD
    0x08002c78   0x08002c78   0x00000002   Code   RO          564    .text.HAL_TIM_IC_CaptureCallback  stm32g4xx_hal_tim.o
    0x08002c7a   0x08002c7a   0x00000002   PAD
    0x08002c7c   0x08002c7c   0x00000210   Code   RO          562    .text.HAL_TIM_IRQHandler  stm32g4xx_hal_tim.o
    0x08002e8c   0x08002e8c   0x00000002   Code   RO          566    .text.HAL_TIM_OC_DelayElapsedCallback  stm32g4xx_hal_tim.o
    0x08002e8e   0x08002e8e   0x00000002   PAD
    0x08002e90   0x08002e90   0x00000002   Code   RO          568    .text.HAL_TIM_PWM_PulseFinishedCallback  stm32g4xx_hal_tim.o
    0x08002e92   0x08002e92   0x00000002   PAD
    0x08002e94   0x08002e94   0x0000011a   Code   RO           85    .text.HAL_TIM_PeriodElapsedCallback  key.o
    0x08002fae   0x08002fae   0x00000002   PAD
    0x08002fb0   0x08002fb0   0x00000002   Code   RO          572    .text.HAL_TIM_TriggerCallback  stm32g4xx_hal_tim.o
    0x08002fb2   0x08002fb2   0x00000002   PAD
    0x08002fb4   0x08002fb4   0x00000036   Code   RO          940    .text.HAL_UARTEx_DisableFifoMode  stm32g4xx_hal_uart_ex.o
    0x08002fea   0x08002fea   0x00000002   PAD
    0x08002fec   0x08002fec   0x00000002   Code   RO          926    .text.HAL_UARTEx_RxFifoFullCallback  stm32g4xx_hal_uart_ex.o
    0x08002fee   0x08002fee   0x00000002   PAD
    0x08002ff0   0x08002ff0   0x00000090   Code   RO          944    .text.HAL_UARTEx_SetRxFifoThreshold  stm32g4xx_hal_uart_ex.o
    0x08003080   0x08003080   0x00000090   Code   RO          942    .text.HAL_UARTEx_SetTxFifoThreshold  stm32g4xx_hal_uart_ex.o
    0x08003110   0x08003110   0x00000002   Code   RO          928    .text.HAL_UARTEx_TxFifoEmptyCallback  stm32g4xx_hal_uart_ex.o
    0x08003112   0x08003112   0x00000002   PAD
    0x08003114   0x08003114   0x00000002   Code   RO          924    .text.HAL_UARTEx_WakeupCallback  stm32g4xx_hal_uart_ex.o
    0x08003116   0x08003116   0x00000002   PAD
    0x08003118   0x08003118   0x00000002   Code   RO          885    .text.HAL_UART_ErrorCallback  stm32g4xx_hal_uart.o
    0x0800311a   0x0800311a   0x00000002   PAD
    0x0800311c   0x0800311c   0x000001e2   Code   RO          881    .text.HAL_UART_IRQHandler  stm32g4xx_hal_uart.o
    0x080032fe   0x080032fe   0x00000002   PAD
    0x08003300   0x08003300   0x00000062   Code   RO          789    .text.HAL_UART_Init  stm32g4xx_hal_uart.o
    0x08003362   0x08003362   0x00000002   PAD
    0x08003364   0x08003364   0x00000076   Code   RO          221    .text.HAL_UART_MspInit  usart.o
    0x080033da   0x080033da   0x00000002   PAD
    0x080033dc   0x080033dc   0x00000108   Code   RO          825    .text.HAL_UART_Receive_IT  stm32g4xx_hal_uart.o
    0x080034e4   0x080034e4   0x00000044   Code   RO          126    .text.HAL_UART_RxCpltCallback  myfile.o
    0x08003528   0x08003528   0x000000aa   Code   RO          815    .text.HAL_UART_Transmit_IT  stm32g4xx_hal_uart.o
    0x080035d2   0x080035d2   0x00000002   PAD
    0x080035d4   0x080035d4   0x00000002   Code   RO          887    .text.HAL_UART_TxCpltCallback  stm32g4xx_hal_uart.o
    0x080035d6   0x080035d6   0x00000002   PAD
    0x080035d8   0x080035d8   0x00000002   Code   RO          236    .text.HardFault_Handler  stm32g4xx_it.o
    0x080035da   0x080035da   0x00000006   PAD
    0x080035e0   0x080035e0   0x0000025c   Code   RO          112    .text.Key_Proc      myfile.o
    0x0800383c   0x0800383c   0x00000284   Code   RO           33    .text.LCD_Clear     lcd.o
    0x08003ac0   0x08003ac0   0x0000004c   Code   RO           31    .text.LCD_DisplayStringLine  lcd.o
    0x08003b0c   0x08003b0c   0x00000366   Code   RO           41    .text.LCD_DrawChar  lcd.o
    0x08003e72   0x08003e72   0x00000002   PAD
    0x08003e74   0x08003e74   0x00000230   Code   RO           19    .text.LCD_Init      lcd.o
    0x080040a4   0x080040a4   0x00000018   Code   RO           27    .text.LCD_SetBackColor  lcd.o
    0x080040bc   0x080040bc   0x00000018   Code   RO           25    .text.LCD_SetTextColor  lcd.o
    0x080040d4   0x080040d4   0x000000e0   Code   RO          100    .text.Led_Check_Qulify  led.o
    0x080041b4   0x080041b4   0x000000a8   Code   RO          185    .text.MX_ADC1_Init  adc.o
    0x0800425c   0x0800425c   0x00000080   Code   RO          187    .text.MX_ADC2_Init  adc.o
    0x080042dc   0x080042dc   0x000000e8   Code   RO          175    .text.MX_GPIO_Init  gpio.o
    0x080043c4   0x080043c4   0x00000074   Code   RO          204    .text.MX_TIM2_Init  tim.o
    0x08004438   0x08004438   0x00000082   Code   RO          219    .text.MX_USART1_UART_Init  usart.o
    0x080044ba   0x080044ba   0x00000002   PAD
    0x080044bc   0x080044bc   0x00000002   Code   RO          238    .text.MemManage_Handler  stm32g4xx_it.o
    0x080044be   0x080044be   0x00000002   PAD
    0x080044c0   0x080044c0   0x00000002   Code   RO          234    .text.NMI_Handler   stm32g4xx_it.o
    0x080044c2   0x080044c2   0x00000002   PAD
    0x080044c4   0x080044c4   0x00000002   Code   RO          248    .text.PendSV_Handler  stm32g4xx_it.o
    0x080044c6   0x080044c6   0x00000002   PAD
    0x080044c8   0x080044c8   0x00000ae6   Code   RO           13    .text.REG_8230_Init  lcd.o
    0x08004fae   0x08004fae   0x00000002   PAD
    0x08004fb0   0x08004fb0   0x0000151e   Code   RO           17    .text.REG_932X_Init  lcd.o
    0x080064ce   0x080064ce   0x00000002   PAD
    0x080064d0   0x080064d0   0x00000002   Code   RO          244    .text.SVC_Handler   stm32g4xx_it.o
    0x080064d2   0x080064d2   0x00000002   PAD
    0x080064d4   0x080064d4   0x00000004   Code   RO          250    .text.SysTick_Handler  stm32g4xx_it.o
    0x080064d8   0x080064d8   0x0000001a   Code   RO         1430    .text.SystemInit    system_stm32g4xx.o
    0x080064f2   0x080064f2   0x00000002   PAD
    0x080064f4   0x080064f4   0x0000000c   Code   RO          254    .text.TIM2_IRQHandler  stm32g4xx_it.o
    0x08006500   0x08006500   0x00000112   Code   RO          432    .text.TIM_Base_SetConfig  stm32g4xx_hal_tim.o
    0x08006612   0x08006612   0x00000002   PAD
    0x08006614   0x08006614   0x000000ea   Code   RO          795    .text.UART_AdvFeatureConfig  stm32g4xx_hal_uart.o
    0x080066fe   0x080066fe   0x00000002   PAD
    0x08006700   0x08006700   0x00000086   Code   RO          797    .text.UART_CheckIdleState  stm32g4xx_hal_uart.o
    0x08006786   0x08006786   0x00000002   PAD
    0x08006788   0x08006788   0x00000010   Code   RO          883    .text.UART_DMAAbortOnError  stm32g4xx_hal_uart.o
    0x08006798   0x08006798   0x0000005a   Code   RO          831    .text.UART_RxISR_16BIT  stm32g4xx_hal_uart.o
    0x080067f2   0x080067f2   0x00000002   PAD
    0x080067f4   0x080067f4   0x000000a8   Code   RO          827    .text.UART_RxISR_16BIT_FIFOEN  stm32g4xx_hal_uart.o
    0x0800689c   0x0800689c   0x0000005a   Code   RO          833    .text.UART_RxISR_8BIT  stm32g4xx_hal_uart.o
    0x080068f6   0x080068f6   0x00000002   PAD
    0x080068f8   0x080068f8   0x000000ac   Code   RO          829    .text.UART_RxISR_8BIT_FIFOEN  stm32g4xx_hal_uart.o
    0x080069a4   0x080069a4   0x00000470   Code   RO          793    .text.UART_SetConfig  stm32g4xx_hal_uart.o
    0x08006e14   0x08006e14   0x00000040   Code   RO          821    .text.UART_TxISR_16BIT  stm32g4xx_hal_uart.o
    0x08006e54   0x08006e54   0x00000066   Code   RO          817    .text.UART_TxISR_16BIT_FIFOEN  stm32g4xx_hal_uart.o
    0x08006eba   0x08006eba   0x00000002   PAD
    0x08006ebc   0x08006ebc   0x0000003c   Code   RO          823    .text.UART_TxISR_8BIT  stm32g4xx_hal_uart.o
    0x08006ef8   0x08006ef8   0x00000062   Code   RO          819    .text.UART_TxISR_8BIT_FIFOEN  stm32g4xx_hal_uart.o
    0x08006f5a   0x08006f5a   0x00000002   PAD
    0x08006f5c   0x08006f5c   0x0000000c   Code   RO          256    .text.USART1_IRQHandler  stm32g4xx_it.o
    0x08006f68   0x08006f68   0x00000002   Code   RO          242    .text.UsageFault_Handler  stm32g4xx_it.o
    0x08006f6a   0x08006f6a   0x00000002   PAD
    0x08006f6c   0x08006f6c   0x00000138   Code   RO          128    .text.Usart_Function  myfile.o
    0x080070a4   0x080070a4   0x000000a6   Code   RO          142    .text.main          main.o
    0x0800714a   0x0800714a   0x00000002   PAD
    0x0800714c   0x0800714c   0x0000004c   Code   RO          124    .text.sys_Init      myfile.o
    0x08007198   0x08007198   0x00000056   Code   RO          122    .text.sys_work      myfile.o
    0x080071ee   0x080071ee   0x00000002   PAD
    0x080071f0   0x080071f0   0x00000028   Code   RO         1690    i.__0sprintf        mc_w.l(printfa.o)
    0x08007218   0x08007218   0x0000000e   Code   RO         1777    i.__scatterload_copy  mc_w.l(handlers.o)
    0x08007226   0x08007226   0x00000002   Code   RO         1778    i.__scatterload_null  mc_w.l(handlers.o)
    0x08007228   0x08007228   0x0000000e   Code   RO         1779    i.__scatterload_zeroinit  mc_w.l(handlers.o)
    0x08007236   0x08007236   0x00000002   PAD
    0x08007238   0x08007238   0x00000184   Code   RO         1695    i._fp_digits        mc_w.l(printfa.o)
    0x080073bc   0x080073bc   0x000006dc   Code   RO         1696    i._printf_core      mc_w.l(printfa.o)
    0x08007a98   0x08007a98   0x00000024   Code   RO         1697    i._printf_post_padding  mc_w.l(printfa.o)
    0x08007abc   0x08007abc   0x0000002e   Code   RO         1698    i._printf_pre_padding  mc_w.l(printfa.o)
    0x08007aea   0x08007aea   0x0000000a   Code   RO         1700    i._sputc            mc_w.l(printfa.o)
    0x08007af4   0x08007af4   0x0000002c   Data   RO          912    .rodata..Lswitch.table.UART_SetConfig.21  stm32g4xx_hal_uart.o
    0x08007b20   0x08007b20   0x00000016   Data   RO          913    .rodata..Lswitch.table.UART_SetConfig.22  stm32g4xx_hal_uart.o
    0x08007b36   0x08007b36   0x00000010   Data   RO         1435    .rodata.AHBPrescTable  system_stm32g4xx.o
    0x08007b46   0x08007b46   0x00000008   Data   RO         1436    .rodata.APBPrescTable  system_stm32g4xx.o
    0x08007b4e   0x08007b4e   0x000011d0   Data   RO           73    .rodata.ASCII_Table  lcd.o
    0x08008d1e   0x08008d1e   0x00000002   PAD
    0x08008d20   0x08008d20   0x00000010   Data   RO          911    .rodata.cst16       stm32g4xx_hal_uart.o
    0x08008d30   0x08008d30   0x00000010   Data   RO          946    .rodata.cst8        stm32g4xx_hal_uart_ex.o
    0x08008d40   0x08008d40   0x0000002c   Data   RO          161    .rodata.str1.1      main.o
    0x08008d6c   0x08008d6c   0x00000015   Data   RO          160    .rodata.str1.4      main.o
    0x08008d81   0x08008d81   0x00000003   PAD
    0x08008d84   0x08008d84   0x00000020   Data   RO         1776    Region$$Table       anon$$obj.o


    Execution Region RW_IRAM1 (Exec base: 0x20000000, Load base: 0x08008da8, Size: 0x00000668, Max: 0x00008000, ABSOLUTE)

    Exec Addr    Load Addr    Size         Type   Attr      Idx    E Section Name        Object

    0x20000000   0x08008da8   0x00000010   Data   RW          165    .data..L_MergedGlobals  main.o
    0x20000010   0x08008db8   0x00000008   Data   RW         1026    .data..L_MergedGlobals  stm32g4xx_hal.o
    0x20000018   0x08008dc0   0x00000002   Data   RW           76    .data.BackColor     lcd.o
    0x2000001a   0x08008dc2   0x00000002   PAD
    0x2000001c   0x08008dc4   0x00000004   Data   RW         1434    .data.SystemCoreClock  system_stm32g4xx.o
    0x20000020   0x08008dc8   0x00000001   Data   RW          152    .data.update_standard  main.o
    0x20000021   0x08008dc9   0x00000007   PAD
    0x20000028        -       0x00000014   Zero   RW          166    .bss..L_MergedGlobals.9  main.o
    0x2000003c        -       0x00000001   Zero   RW          155    .bss.BufIndex       main.o
    0x2000003d   0x08008dc9   0x00000003   PAD
    0x20000040        -       0x00000004   Zero   RW          195    .bss.HAL_RCC_ADC12_CLK_ENABLED  adc.o
    0x20000044        -       0x00000032   Zero   RW          163    .bss.RX_Buff        main.o
    0x20000076        -       0x00000001   Zero   RW          156    .bss.Rxdat          main.o
    0x20000077        -       0x00000032   Zero   RW          162    .bss.TX_Buff        main.o
    0x200000a9   0x08008dc9   0x00000001   PAD
    0x200000aa        -       0x00000002   Zero   RW           75    .bss.TextColor      lcd.o
    0x200000ac        -       0x00000001   Zero   RW          148    .bss.check_total_37  main.o
    0x200000ad        -       0x00000001   Zero   RW          150    .bss.check_total_38  main.o
    0x200000ae        -       0x00000002   Zero   RW           74    .bss.dummy          lcd.o
    0x200000b0        -       0x0000006c   Zero   RW          193    .bss.hadc1          adc.o
    0x2000011c        -       0x0000006c   Zero   RW          194    .bss.hadc2          adc.o
    0x20000188        -       0x00000040   Zero   RW          210    .bss.htim2          tim.o
    0x200001c8        -       0x0000008c   Zero   RW          225    .bss.huart1         usart.o
    0x20000254        -       0x0000000c   Zero   RW           87    .bss.keys           key.o
    0x20000260        -       0x00000001   Zero   RW          153    .bss.qulify_37      main.o
    0x20000261        -       0x00000001   Zero   RW          154    .bss.qulify_38      main.o
    0x20000262        -       0x00000001   Zero   RW          149    .bss.standard_total_37  main.o
    0x20000263        -       0x00000001   Zero   RW          151    .bss.standard_total_38  main.o
    0x20000264        -       0x00000004   Zero   RW         1025    .bss.uwTick         stm32g4xx_hal.o
    0x20000268        -       0x00000400   Zero   RW            1    STACK               startup_stm32g431xx.o


==============================================================================

Image component sizes


      Code (inc. data)   RO Data    RW Data    ZI Data      Debug   Object Name

       508          0          0          0        220       8945   adc.o
       232          0          0          0          0       2663   gpio.o
       282          0          0          0         12       4734   key.o
     10394          0       4560          2          4      28386   lcd.o
       388          0          0          0          0       2053   led.o
       796        160         65         17        128       5633   main.o
      1146         80          0          0          0       6172   myfile.o
        36          8        472          0       1024        824   startup_stm32g431xx.o
       184          0          0          8          4       8525   stm32g4xx_hal.o
      2978          0          0          0          0      28379   stm32g4xx_hal_adc.o
       202          0          0          0          0      22146   stm32g4xx_hal_adc_ex.o
       196          0          0          0          0      10158   stm32g4xx_hal_cortex.o
       128          0          0          0          0       9364   stm32g4xx_hal_dma.o
       422          0          0          0          0       5100   stm32g4xx_hal_gpio.o
        66          0          0          0          0       2268   stm32g4xx_hal_msp.o
       294          0          0          0          0       9596   stm32g4xx_hal_pwr_ex.o
      2238          0          0          0          0       9901   stm32g4xx_hal_rcc.o
       618          0          0          0          0      10743   stm32g4xx_hal_rcc_ex.o
      1402          0          0          0          0      53437   stm32g4xx_hal_tim.o
       124          0          0          0          0      25602   stm32g4xx_hal_tim_ex.o
      3382         84         82          0          0      26621   stm32g4xx_hal_uart.o
       348          0         16          0          0       8527   stm32g4xx_hal_uart_ex.o
        74          0          0          0          0       8085   stm32g4xx_it.o
        26          0         24          4          0       2724   system_stm32g4xx.o
       178          0          0          0         64       7579   tim.o
       248          0          0          0        140       7652   usart.o

    ----------------------------------------------------------------------
     27044        332       5256         36       1604     315817   Object Totals
         0          0         32          0          0          0   (incl. Generated)
       154          0          5          5          8          0   (incl. Padding)

    ----------------------------------------------------------------------

      Code (inc. data)   RO Data    RW Data    ZI Data      Debug   Library Member Name

         0          0          0          0          0          0   entry.o
         0          0          0          0          0          0   entry10a.o
         0          0          0          0          0          0   entry11a.o
         8          4          0          0          0          0   entry2.o
         4          0          0          0          0          0   entry5.o
         0          0          0          0          0          0   entry7b.o
         0          0          0          0          0          0   entry8b.o
         8          4          0          0          0          0   entry9a.o
        30          0          0          0          0          0   handlers.o
        48         10          0          0          0         68   init.o
         0          0          0          0          0          0   iusefp.o
        30          0          0          0          0         68   llshl.o
        36          0          0          0          0         68   llsshr.o
        32          0          0          0          0         68   llushr.o
        36          0          0          0          0         68   memcpya.o
        36          0          0          0          0        108   memseta.o
      2276         86          0          0          0        520   printfa.o
        44          0          0          0          0         80   uidiv.o
        98          0          0          0          0         92   uldiv.o
        48          0          0          0          0         68   cdrcmple.o
        56          0          0          0          0         88   d2f.o
       334          0          0          0          0        148   dadd.o
       222          0          0          0          0        100   ddiv.o
       186          0          0          0          0        176   depilogue.o
        48          0          0          0          0         68   dfixul.o
       228          0          0          0          0         96   dmul.o
        38          0          0          0          0         68   f2d.o
       110          0          0          0          0        168   fepilogue.o

    ----------------------------------------------------------------------
      3960        104          0          0          0       2120   Library Totals
         4          0          0          0          0          0   (incl. Padding)

    ----------------------------------------------------------------------

      Code (inc. data)   RO Data    RW Data    ZI Data      Debug   Library Name

      2686        104          0          0          0       1140   mc_w.l
      1270          0          0          0          0        980   mf_w.l

    ----------------------------------------------------------------------
      3960        104          0          0          0       2120   Library Totals

    ----------------------------------------------------------------------

==============================================================================


      Code (inc. data)   RO Data    RW Data    ZI Data      Debug   

     31004        436       5256         36       1604     316621   Grand Totals
     31004        436       5256         36       1604     316621   ELF Image Totals
     31004        436       5256         36          0          0   ROM Totals

==============================================================================

    Total RO  Size (Code + RO Data)                36260 (  35.41kB)
    Total RW  Size (RW Data + ZI Data)              1640 (   1.60kB)
    Total ROM Size (Code + RO Data + RW Data)      36296 (  35.45kB)

==============================================================================

