Component: Arm Compiler for Embedded 6.21 Tool: armlink [5ec1fa00]

==============================================================================

Section Cross References

    startup_stm32g431xx.o(RESET) refers to startup_stm32g431xx.o(STACK) for __initial_sp
    startup_stm32g431xx.o(RESET) refers to startup_stm32g431xx.o(.text) for Reset_Handler
    startup_stm32g431xx.o(RESET) refers to stm32g4xx_it.o(.text.NMI_Handler) for NMI_Handler
    startup_stm32g431xx.o(RESET) refers to stm32g4xx_it.o(.text.HardFault_Handler) for HardFault_Handler
    startup_stm32g431xx.o(RESET) refers to stm32g4xx_it.o(.text.MemManage_Handler) for MemManage_Handler
    startup_stm32g431xx.o(RESET) refers to stm32g4xx_it.o(.text.BusFault_Handler) for BusFault_Handler
    startup_stm32g431xx.o(RESET) refers to stm32g4xx_it.o(.text.UsageFault_Handler) for UsageFault_Handler
    startup_stm32g431xx.o(RESET) refers to stm32g4xx_it.o(.text.SVC_Handler) for SVC_Handler
    startup_stm32g431xx.o(RESET) refers to stm32g4xx_it.o(.text.DebugMon_Handler) for DebugMon_Handler
    startup_stm32g431xx.o(RESET) refers to stm32g4xx_it.o(.text.PendSV_Handler) for PendSV_Handler
    startup_stm32g431xx.o(RESET) refers to stm32g4xx_it.o(.text.SysTick_Handler) for SysTick_Handler
    startup_stm32g431xx.o(RESET) refers to stm32g4xx_it.o(.text.EXTI0_IRQHandler) for EXTI0_IRQHandler
    startup_stm32g431xx.o(RESET) refers to stm32g4xx_it.o(.text.EXTI2_IRQHandler) for EXTI2_IRQHandler
    startup_stm32g431xx.o(RESET) refers to stm32g4xx_it.o(.text.TIM2_IRQHandler) for TIM2_IRQHandler
    startup_stm32g431xx.o(RESET) refers to stm32g4xx_it.o(.text.TIM3_IRQHandler) for TIM3_IRQHandler
    startup_stm32g431xx.o(RESET) refers to stm32g4xx_it.o(.text.USART1_IRQHandler) for USART1_IRQHandler
    startup_stm32g431xx.o(.text) refers to system_stm32g4xx.o(.text.SystemInit) for SystemInit
    startup_stm32g431xx.o(.text) refers to entry.o(.ARM.Collect$$$$00000000) for __main
    main.o(.text.HAL_GPIO_EXTI_Callback) refers to stm32g4xx_hal_gpio.o(.text.HAL_GPIO_TogglePin) for HAL_GPIO_TogglePin
    main.o(.text.HAL_GPIO_EXTI_Callback) refers to stm32g4xx_hal_gpio.o(.text.HAL_GPIO_WritePin) for HAL_GPIO_WritePin
    main.o(.ARM.exidx.text.HAL_GPIO_EXTI_Callback) refers to main.o(.text.HAL_GPIO_EXTI_Callback) for [Anonymous Symbol]
    main.o(.text.HAL_UART_RxCpltCallback) refers to main.o(.bss..L_MergedGlobals) for .L_MergedGlobals
    main.o(.text.HAL_UART_RxCpltCallback) refers to stm32g4xx_hal_gpio.o(.text.HAL_GPIO_WritePin) for HAL_GPIO_WritePin
    main.o(.text.HAL_UART_RxCpltCallback) refers to strlen.o(.text) for strlen
    main.o(.text.HAL_UART_RxCpltCallback) refers to usart.o(.bss.huart1) for huart1
    main.o(.text.HAL_UART_RxCpltCallback) refers to stm32g4xx_hal_uart.o(.text.HAL_UART_Transmit) for HAL_UART_Transmit
    main.o(.text.HAL_UART_RxCpltCallback) refers to stm32g4xx_hal_uart.o(.text.HAL_UART_Receive_IT) for HAL_UART_Receive_IT
    main.o(.ARM.exidx.text.HAL_UART_RxCpltCallback) refers to main.o(.text.HAL_UART_RxCpltCallback) for [Anonymous Symbol]
    main.o(.text.main) refers to stm32g4xx_hal.o(.text.HAL_Init) for HAL_Init
    main.o(.text.main) refers to memseta.o(.text) for __aeabi_memclr4
    main.o(.text.main) refers to stm32g4xx_hal_pwr_ex.o(.text.HAL_PWREx_ControlVoltageScaling) for HAL_PWREx_ControlVoltageScaling
    main.o(.text.main) refers to stm32g4xx_hal_rcc.o(.text.HAL_RCC_OscConfig) for HAL_RCC_OscConfig
    main.o(.text.main) refers to stm32g4xx_hal_rcc.o(.text.HAL_RCC_ClockConfig) for HAL_RCC_ClockConfig
    main.o(.text.main) refers to stm32g4xx_hal_rcc_ex.o(.text.HAL_RCCEx_PeriphCLKConfig) for HAL_RCCEx_PeriphCLKConfig
    main.o(.text.main) refers to gpio.o(.text.MX_GPIO_Init) for MX_GPIO_Init
    main.o(.text.main) refers to tim.o(.text.MX_TIM2_Init) for MX_TIM2_Init
    main.o(.text.main) refers to tim.o(.text.MX_TIM3_Init) for MX_TIM3_Init
    main.o(.text.main) refers to usart.o(.text.MX_USART1_UART_Init) for MX_USART1_UART_Init
    main.o(.text.main) refers to tim.o(.bss.htim2) for htim2
    main.o(.text.main) refers to stm32g4xx_hal_tim.o(.text.HAL_TIM_Base_Start_IT) for HAL_TIM_Base_Start_IT
    main.o(.text.main) refers to tim.o(.bss.htim3) for htim3
    main.o(.text.main) refers to stm32g4xx_hal_gpio.o(.text.HAL_GPIO_WritePin) for HAL_GPIO_WritePin
    main.o(.text.main) refers to main.o(.bss..L_MergedGlobals) for .L_MergedGlobals
    main.o(.text.main) refers to memcpya.o(.text) for __aeabi_memcpy
    main.o(.text.main) refers to strlen.o(.text) for strlen
    main.o(.text.main) refers to usart.o(.bss.huart1) for huart1
    main.o(.text.main) refers to stm32g4xx_hal_uart.o(.text.HAL_UART_Transmit) for HAL_UART_Transmit
    main.o(.text.main) refers to stm32g4xx_hal_uart.o(.text.HAL_UART_Receive_IT) for HAL_UART_Receive_IT
    main.o(.ARM.exidx.text.main) refers to main.o(.text.main) for [Anonymous Symbol]
    main.o(.text.SystemClock_Config) refers to memseta.o(.text) for __aeabi_memclr4
[...]
    Removing stm32g4xx_hal.o(.text), (0 bytes).
    Removing stm32g4xx_hal.o(.ARM.exidx.text.HAL_Init), (8 bytes).
    Removing stm32g4xx_hal.o(.ARM.exidx.text.HAL_InitTick), (8 bytes).
    Removing stm32g4xx_hal.o(.text.HAL_MspInit), (2 bytes).
    Removing stm32g4xx_hal.o(.ARM.exidx.text.HAL_MspInit), (8 bytes).
    Removing stm32g4xx_hal.o(.text.HAL_DeInit), (44 bytes).
    Removing stm32g4xx_hal.o(.ARM.exidx.text.HAL_DeInit), (8 bytes).
    Removing stm32g4xx_hal.o(.text.HAL_MspDeInit), (2 bytes).
    Removing stm32g4xx_hal.o(.ARM.exidx.text.HAL_MspDeInit), (8 bytes).
    Removing stm32g4xx_hal.o(.ARM.exidx.text.HAL_IncTick), (8 bytes).
    Removing stm32g4xx_hal.o(.ARM.exidx.text.HAL_GetTick), (8 bytes).
    Removing stm32g4xx_hal.o(.text.HAL_GetTickPrio), (12 bytes).
    Removing stm32g4xx_hal.o(.ARM.exidx.text.HAL_GetTickPrio), (8 bytes).
    Removing stm32g4xx_hal.o(.text.HAL_SetTickFreq), (36 bytes).
    Removing stm32g4xx_hal.o(.ARM.exidx.text.HAL_SetTickFreq), (8 bytes).
    Removing stm32g4xx_hal.o(.text.HAL_GetTickFreq), (12 bytes).
    Removing stm32g4xx_hal.o(.ARM.exidx.text.HAL_GetTickFreq), (8 bytes).
    Removing stm32g4xx_hal.o(.text.HAL_Delay), (40 bytes).
    Removing stm32g4xx_hal.o(.ARM.exidx.text.HAL_Delay), (8 bytes).
    Removing stm32g4xx_hal.o(.text.HAL_SuspendTick), (18 bytes).
    Removing stm32g4xx_hal.o(.ARM.exidx.text.HAL_SuspendTick), (8 bytes).
    Removing stm32g4xx_hal.o(.text.HAL_ResumeTick), (18 bytes).
    Removing stm32g4xx_hal.o(.ARM.exidx.text.HAL_ResumeTick), (8 bytes).
    Removing stm32g4xx_hal.o(.text.HAL_GetHalVersion), (8 bytes).
    Removing stm32g4xx_hal.o(.ARM.exidx.text.HAL_GetHalVersion), (8 bytes).
    Removing stm32g4xx_hal.o(.text.HAL_GetREVID), (14 bytes).
    Removing stm32g4xx_hal.o(.ARM.exidx.text.HAL_GetREVID), (8 bytes).
    Removing stm32g4xx_hal.o(.text.HAL_GetDEVID), (16 bytes).
    Removing stm32g4xx_hal.o(.ARM.exidx.text.HAL_GetDEVID), (8 bytes).
    Removing stm32g4xx_hal.o(.text.HAL_DBGMCU_EnableDBGSleepMode), (18 bytes).
    Removing stm32g4xx_hal.o(.ARM.exidx.text.HAL_DBGMCU_EnableDBGSleepMode), (8 bytes).
    Removing stm32g4xx_hal.o(.text.HAL_DBGMCU_DisableDBGSleepMode), (18 bytes).
    Removing stm32g4xx_hal.o(.ARM.exidx.text.HAL_DBGMCU_DisableDBGSleepMode), (8 bytes).
    Removing stm32g4xx_hal.o(.text.HAL_DBGMCU_EnableDBGStopMode), (18 bytes).
    Removing stm32g4xx_hal.o(.ARM.exidx.text.HAL_DBGMCU_EnableDBGStopMode), (8 bytes).
    Removing stm32g4xx_hal.o(.text.HAL_DBGMCU_DisableDBGStopMode), (18 bytes).
    Removing stm32g4xx_hal.o(.ARM.exidx.text.HAL_DBGMCU_DisableDBGStopMode), (8 bytes).
    Removing stm32g4xx_hal.o(.text.HAL_DBGMCU_EnableDBGStandbyMode), (18 bytes).
    Removing stm32g4xx_hal.o(.ARM.exidx.text.HAL_DBGMCU_EnableDBGStandbyMode), (8 bytes).
    Removing stm32g4xx_hal.o(.text.HAL_DBGMCU_DisableDBGStandbyMode), (18 bytes).
    Removing stm32g4xx_hal.o(.ARM.exidx.text.HAL_DBGMCU_DisableDBGStandbyMode), (8 bytes).
    Removing stm32g4xx_hal.o(.text.HAL_SYSCFG_CCMSRAMErase), (24 bytes).
    Removing stm32g4xx_hal.o(.ARM.exidx.text.HAL_SYSCFG_CCMSRAMErase), (8 bytes).
    Removing stm32g4xx_hal.o(.text.HAL_SYSCFG_EnableMemorySwappingBank), (16 bytes).
    Removing stm32g4xx_hal.o(.ARM.exidx.text.HAL_SYSCFG_EnableMemorySwappingBank), (8 bytes).
    Removing stm32g4xx_hal.o(.text.HAL_SYSCFG_DisableMemorySwappingBank), (16 bytes).
    Removing stm32g4xx_hal.o(.ARM.exidx.text.HAL_SYSCFG_DisableMemorySwappingBank), (8 bytes).
    Removing stm32g4xx_hal.o(.text.HAL_SYSCFG_VREFBUF_VoltageScalingConfig), (18 bytes).
    Removing stm32g4xx_hal.o(.ARM.exidx.text.HAL_SYSCFG_VREFBUF_VoltageScalingConfig), (8 bytes).
    Removing stm32g4xx_hal.o(.text.HAL_SYSCFG_VREFBUF_HighImpedanceConfig), (18 bytes).
    Removing stm32g4xx_hal.o(.ARM.exidx.text.HAL_SYSCFG_VREFBUF_HighImpedanceConfig), (8 bytes).
    Removing stm32g4xx_hal.o(.text.HAL_SYSCFG_VREFBUF_TrimmingConfig), (18 bytes).
    Removing stm32g4xx_hal.o(.ARM.exidx.text.HAL_SYSCFG_VREFBUF_TrimmingConfig), (8 bytes).
    Removing stm32g4xx_hal.o(.text.HAL_SYSCFG_EnableVREFBUF), (48 bytes).
    Removing stm32g4xx_hal.o(.ARM.exidx.text.HAL_SYSCFG_EnableVREFBUF), (8 bytes).
    Removing stm32g4xx_hal.o(.text.HAL_SYSCFG_DisableVREFBUF), (16 bytes).
    Removing stm32g4xx_hal.o(.ARM.exidx.text.HAL_SYSCFG_DisableVREFBUF), (8 bytes).
    Removing stm32g4xx_hal.o(.text.HAL_SYSCFG_EnableIOSwitchBooster), (16 bytes).
    Removing stm32g4xx_hal.o(.ARM.exidx.text.HAL_SYSCFG_EnableIOSwitchBooster), (8 bytes).
    Removing stm32g4xx_hal.o(.text.HAL_SYSCFG_DisableIOSwitchBooster), (16 bytes).
    Removing stm32g4xx_hal.o(.ARM.exidx.text.HAL_SYSCFG_DisableIOSwitchBooster), (8 bytes).
    Removing stm32g4xx_hal.o(.text.HAL_SYSCFG_EnableIOSwitchVDD), (16 bytes).
    Removing stm32g4xx_hal.o(.ARM.exidx.text.HAL_SYSCFG_EnableIOSwitchVDD), (8 bytes).
    Removing stm32g4xx_hal.o(.text.HAL_SYSCFG_DisableIOSwitchVDD), (16 bytes).
    Removing stm32g4xx_hal.o(.ARM.exidx.text.HAL_SYSCFG_DisableIOSwitchVDD), (8 bytes).
    Removing stm32g4xx_hal.o(.text.HAL_SYSCFG_CCMSRAM_WriteProtectionEnable), (14 bytes).
    Removing stm32g4xx_hal.o(.ARM.exidx.text.HAL_SYSCFG_CCMSRAM_WriteProtectionEnable), (8 bytes).
    Removing stm32g4xx_hal_rcc.o(.text), (0 bytes).
    Removing stm32g4xx_hal_rcc.o(.text.HAL_RCC_DeInit), (198 bytes).
    Removing stm32g4xx_hal_rcc.o(.ARM.exidx.text.HAL_RCC_DeInit), (8 bytes).
    Removing stm32g4xx_hal_rcc.o(.ARM.exidx.text.HAL_RCC_OscConfig), (8 bytes).
    Removing stm32g4xx_hal_rcc.o(.ARM.exidx.text.HAL_RCC_ClockConfig), (8 bytes).
    Removing stm32g4xx_hal_rcc.o(.ARM.exidx.text.HAL_RCC_GetSysClockFreq), (8 bytes).
    Removing stm32g4xx_hal_rcc.o(.text.HAL_RCC_MCOConfig), (86 bytes).
    Removing stm32g4xx_hal_rcc.o(.ARM.exidx.text.HAL_RCC_MCOConfig), (8 bytes).
    Removing stm32g4xx_hal_rcc.o(.text.HAL_RCC_GetHCLKFreq), (12 bytes).
    Removing stm32g4xx_hal_rcc.o(.ARM.exidx.text.HAL_RCC_GetHCLKFreq), (8 bytes).
    Removing stm32g4xx_hal_rcc.o(.ARM.exidx.text.HAL_RCC_GetPCLK1Freq), (8 bytes).
    Removing stm32g4xx_hal_rcc.o(.ARM.exidx.text.HAL_RCC_GetPCLK2Freq), (8 bytes).
    Removing stm32g4xx_hal_rcc.o(.text.HAL_RCC_GetOscConfig), (184 bytes).
    Removing stm32g4xx_hal_rcc.o(.ARM.exidx.text.HAL_RCC_GetOscConfig), (8 bytes).
    Removing stm32g4xx_hal_rcc.o(.text.HAL_RCC_GetClockConfig), (66 bytes).
    Removing stm32g4xx_hal_rcc.o(.ARM.exidx.text.HAL_RCC_GetClockConfig), (8 bytes).
    Removing stm32g4xx_hal_rcc.o(.text.HAL_RCC_EnableCSS), (18 bytes).
    Removing stm32g4xx_hal_rcc.o(.ARM.exidx.text.HAL_RCC_EnableCSS), (8 bytes).
    Removing stm32g4xx_hal_rcc.o(.text.HAL_RCC_EnableLSECSS), (18 bytes).
    Removing stm32g4xx_hal_rcc.o(.ARM.exidx.text.HAL_RCC_EnableLSECSS), (8 bytes).
    Removing stm32g4xx_hal_rcc.o(.text.HAL_RCC_DisableLSECSS), (18 bytes).
    Removing stm32g4xx_hal_rcc.o(.ARM.exidx.text.HAL_RCC_DisableLSECSS), (8 bytes).
    Removing stm32g4xx_hal_rcc.o(.text.HAL_RCC_NMI_IRQHandler), (30 bytes).
    Removing stm32g4xx_hal_rcc.o(.ARM.exidx.text.HAL_RCC_NMI_IRQHandler), (8 bytes).
    Removing stm32g4xx_hal_rcc.o(.text.HAL_RCC_CSSCallback), (2 bytes).
    Removing stm32g4xx_hal_rcc.o(.ARM.exidx.text.HAL_RCC_CSSCallback), (8 bytes).
    Removing stm32g4xx_hal_rcc_ex.o(.text), (0 bytes).
    Removing stm32g4xx_hal_rcc_ex.o(.ARM.exidx.text.HAL_RCCEx_PeriphCLKConfig), (8 bytes).
    Removing stm32g4xx_hal_rcc_ex.o(.text.HAL_RCCEx_GetPeriphCLKConfig), (148 bytes).
    Removing stm32g4xx_hal_rcc_ex.o(.ARM.exidx.text.HAL_RCCEx_GetPeriphCLKConfig), (8 bytes).
    Removing stm32g4xx_hal_rcc_ex.o(.text.HAL_RCCEx_GetPeriphCLKFreq), (1196 bytes).
    Removing stm32g4xx_hal_rcc_ex.o(.ARM.exidx.text.HAL_RCCEx_GetPeriphCLKFreq), (8 bytes).
    Removing stm32g4xx_hal_rcc_ex.o(.text.HAL_RCCEx_EnableLSECSS), (18 bytes).
    Removing stm32g4xx_hal_rcc_ex.o(.ARM.exidx.text.HAL_RCCEx_EnableLSECSS), (8 bytes).
    Removing stm32g4xx_hal_rcc_ex.o(.text.HAL_RCCEx_DisableLSECSS), (26 bytes).
    Removing stm32g4xx_hal_rcc_ex.o(.ARM.exidx.text.HAL_RCCEx_DisableLSECSS), (8 bytes).
    Removing stm32g4xx_hal_rcc_ex.o(.text.HAL_RCCEx_EnableLSECSS_IT), (50 bytes).
    Removing stm32g4xx_hal_rcc_ex.o(.ARM.exidx.text.HAL_RCCEx_EnableLSECSS_IT), (8 bytes).
    Removing stm32g4xx_hal_rcc_ex.o(.text.HAL_RCCEx_LSECSS_IRQHandler), (30 bytes).
    Removing stm32g4xx_hal_rcc_ex.o(.ARM.exidx.text.HAL_RCCEx_LSECSS_IRQHandler), (8 bytes).
    Removing stm32g4xx_hal_rcc_ex.o(.text.HAL_RCCEx_LSECSS_Callback), (2 bytes).
    Removing stm32g4xx_hal_rcc_ex.o(.ARM.exidx.text.HAL_RCCEx_LSECSS_Callback), (8 bytes).
    Removing stm32g4xx_hal_rcc_ex.o(.text.HAL_RCCEx_EnableLSCO), (162 bytes).
    Removing stm32g4xx_hal_rcc_ex.o(.ARM.exidx.text.HAL_RCCEx_EnableLSCO), (8 bytes).
    Removing stm32g4xx_hal_rcc_ex.o(.text.HAL_RCCEx_DisableLSCO), (96 bytes).
    Removing stm32g4xx_hal_rcc_ex.o(.ARM.exidx.text.HAL_RCCEx_DisableLSCO), (8 bytes).
    Removing stm32g4xx_hal_rcc_ex.o(.text.HAL_RCCEx_CRSConfig), (76 bytes).
    Removing stm32g4xx_hal_rcc_ex.o(.ARM.exidx.text.HAL_RCCEx_CRSConfig), (8 bytes).
    Removing stm32g4xx_hal_rcc_ex.o(.text.HAL_RCCEx_CRSSoftwareSynchronizationGenerate), (18 bytes).
    Removing stm32g4xx_hal_rcc_ex.o(.ARM.exidx.text.HAL_RCCEx_CRSSoftwareSynchronizationGenerate), (8 bytes).
    Removing stm32g4xx_hal_rcc_ex.o(.text.HAL_RCCEx_CRSGetSynchronizationInfo), (42 bytes).
    Removing stm32g4xx_hal_rcc_ex.o(.ARM.exidx.text.HAL_RCCEx_CRSGetSynchronizationInfo), (8 bytes).
    Removing stm32g4xx_hal_rcc_ex.o(.text.HAL_RCCEx_CRSWaitSynchronization), (230 bytes).
    Removing stm32g4xx_hal_rcc_ex.o(.ARM.exidx.text.HAL_RCCEx_CRSWaitSynchronization), (8 bytes).
    Removing stm32g4xx_hal_rcc_ex.o(.text.HAL_RCCEx_CRS_IRQHandler), (102 bytes).
    Removing stm32g4xx_hal_rcc_ex.o(.ARM.exidx.text.HAL_RCCEx_CRS_IRQHandler), (8 bytes).
    Removing stm32g4xx_hal_rcc_ex.o(.text.HAL_RCCEx_CRS_SyncOkCallback), (2 bytes).
    Removing stm32g4xx_hal_rcc_ex.o(.ARM.exidx.text.HAL_RCCEx_CRS_SyncOkCallback), (8 bytes).
    Removing stm32g4xx_hal_rcc_ex.o(.text.HAL_RCCEx_CRS_SyncWarnCallback), (2 bytes).
    Removing stm32g4xx_hal_rcc_ex.o(.ARM.exidx.text.HAL_RCCEx_CRS_SyncWarnCallback), (8 bytes).
    Removing stm32g4xx_hal_rcc_ex.o(.text.HAL_RCCEx_CRS_ExpectedSyncCallback), (2 bytes).
    Removing stm32g4xx_hal_rcc_ex.o(.ARM.exidx.text.HAL_RCCEx_CRS_ExpectedSyncCallback), (8 bytes).
    Removing stm32g4xx_hal_rcc_ex.o(.text.HAL_RCCEx_CRS_ErrorCallback), (2 bytes).
    Removing stm32g4xx_hal_rcc_ex.o(.ARM.exidx.text.HAL_RCCEx_CRS_ErrorCallback), (8 bytes).
    Removing stm32g4xx_hal_flash.o(.text), (0 bytes).
    Removing stm32g4xx_hal_flash.o(.text.HAL_FLASH_Program), (422 bytes).
    Removing stm32g4xx_hal_flash.o(.ARM.exidx.text.HAL_FLASH_Program), (8 bytes).
    Removing stm32g4xx_hal_flash.o(.text.FLASH_WaitForLastOperation), (90 bytes).
    Removing stm32g4xx_hal_flash.o(.ARM.exidx.text.FLASH_WaitForLastOperation), (8 bytes).
    Removing stm32g4xx_hal_flash.o(.text.HAL_FLASH_Program_IT), (318 bytes).
    Removing stm32g4xx_hal_flash.o(.ARM.exidx.text.HAL_FLASH_Program_IT), (8 bytes).
    Removing stm32g4xx_hal_flash.o(.text.HAL_FLASH_IRQHandler), (246 bytes).
    Removing stm32g4xx_hal_flash.o(.ARM.exidx.text.HAL_FLASH_IRQHandler), (8 bytes).
    Removing stm32g4xx_hal_flash.o(.text.HAL_FLASH_OperationErrorCallback), (2 bytes).
    Removing stm32g4xx_hal_flash.o(.ARM.exidx.text.HAL_FLASH_OperationErrorCallback), (8 bytes).
    Removing stm32g4xx_hal_flash.o(.text.HAL_FLASH_EndOfOperationCallback), (2 bytes).
    Removing stm32g4xx_hal_flash.o(.ARM.exidx.text.HAL_FLASH_EndOfOperationCallback), (8 bytes).
    Removing stm32g4xx_hal_flash.o(.text.HAL_FLASH_Unlock), (46 bytes).
    Removing stm32g4xx_hal_flash.o(.ARM.exidx.text.HAL_FLASH_Unlock), (8 bytes).
    Removing stm32g4xx_hal_flash.o(.text.HAL_FLASH_Lock), (24 bytes).
    Removing stm32g4xx_hal_flash.o(.ARM.exidx.text.HAL_FLASH_Lock), (8 bytes).
    Removing stm32g4xx_hal_flash.o(.text.HAL_FLASH_OB_Unlock), (46 bytes).
    Removing stm32g4xx_hal_flash.o(.ARM.exidx.text.HAL_FLASH_OB_Unlock), (8 bytes).
    Removing stm32g4xx_hal_flash.o(.text.HAL_FLASH_OB_Lock), (30 bytes).
    Removing stm32g4xx_hal_flash.o(.ARM.exidx.text.HAL_FLASH_OB_Lock), (8 bytes).
    Removing stm32g4xx_hal_flash.o(.text.HAL_FLASH_OB_Launch), (98 bytes).
    Removing stm32g4xx_hal_flash.o(.ARM.exidx.text.HAL_FLASH_OB_Launch), (8 bytes).
    Removing stm32g4xx_hal_flash.o(.text.HAL_FLASH_GetError), (12 bytes).
    Removing stm32g4xx_hal_flash.o(.ARM.exidx.text.HAL_FLASH_GetError), (8 bytes).
    Removing stm32g4xx_hal_flash.o(.data.pFlash), (32 bytes).
    Removing stm32g4xx_hal_flash_ex.o(.text), (0 bytes).
    Removing stm32g4xx_hal_flash_ex.o(.text.HAL_FLASHEx_Erase), (398 bytes).
    Removing stm32g4xx_hal_flash_ex.o(.ARM.exidx.text.HAL_FLASHEx_Erase), (8 bytes).
    Removing stm32g4xx_hal_flash_ex.o(.text.FLASH_PageErase), (40 bytes).
    Removing stm32g4xx_hal_flash_ex.o(.ARM.exidx.text.FLASH_PageErase), (8 bytes).
    Removing stm32g4xx_hal_flash_ex.o(.text.FLASH_FlushCaches), (102 bytes).
    Removing stm32g4xx_hal_flash_ex.o(.ARM.exidx.text.FLASH_FlushCaches), (8 bytes).
    Removing stm32g4xx_hal_flash_ex.o(.text.HAL_FLASHEx_Erase_IT), (190 bytes).
    Removing stm32g4xx_hal_flash_ex.o(.ARM.exidx.text.HAL_FLASHEx_Erase_IT), (8 bytes).
    Removing stm32g4xx_hal_flash_ex.o(.text.HAL_FLASHEx_OBProgram), (822 bytes).
    Removing stm32g4xx_hal_flash_ex.o(.ARM.exidx.text.HAL_FLASHEx_OBProgram), (8 bytes).
    Removing stm32g4xx_hal_flash_ex.o(.text.HAL_FLASHEx_OBGetConfig), (180 bytes).
    Removing stm32g4xx_hal_flash_ex.o(.ARM.exidx.text.HAL_FLASHEx_OBGetConfig), (8 bytes).
    Removing stm32g4xx_hal_flash_ex.o(.text.HAL_FLASHEx_EnableSecMemProtection), (20 bytes).
    Removing stm32g4xx_hal_flash_ex.o(.ARM.exidx.text.HAL_FLASHEx_EnableSecMemProtection), (8 bytes).
    Removing stm32g4xx_hal_flash_ex.o(.text.HAL_FLASHEx_EnableDebugger), (18 bytes).
    Removing stm32g4xx_hal_flash_ex.o(.ARM.exidx.text.HAL_FLASHEx_EnableDebugger), (8 bytes).
    Removing stm32g4xx_hal_flash_ex.o(.text.HAL_FLASHEx_DisableDebugger), (18 bytes).
    Removing stm32g4xx_hal_flash_ex.o(.ARM.exidx.text.HAL_FLASHEx_DisableDebugger), (8 bytes).
    Removing stm32g4xx_hal_flash_ramfunc.o(.text), (0 bytes).
    Removing stm32g4xx_hal_flash_ramfunc.o(.RamFunc), (80 bytes).
    Removing stm32g4xx_hal_flash_ramfunc.o(.ARM.exidx.RamFunc), (16 bytes).
    Removing stm32g4xx_hal_exti.o(.text), (0 bytes).
    Removing stm32g4xx_hal_exti.o(.text.HAL_EXTI_SetConfigLine), (214 bytes).
    Removing stm32g4xx_hal_exti.o(.ARM.exidx.text.HAL_EXTI_SetConfigLine), (8 bytes).
    Removing stm32g4xx_hal_exti.o(.text.HAL_EXTI_GetConfigLine), (184 bytes).
    Removing stm32g4xx_hal_exti.o(.ARM.exidx.text.HAL_EXTI_GetConfigLine), (8 bytes).
    Removing stm32g4xx_hal_exti.o(.text.HAL_EXTI_ClearConfigLine), (146 bytes).
    Removing stm32g4xx_hal_exti.o(.ARM.exidx.text.HAL_EXTI_ClearConfigLine), (8 bytes).
    Removing stm32g4xx_hal_exti.o(.text.HAL_EXTI_RegisterCallback), (16 bytes).
    Removing stm32g4xx_hal_exti.o(.ARM.exidx.text.HAL_EXTI_RegisterCallback), (8 bytes).
    Removing stm32g4xx_hal_exti.o(.text.HAL_EXTI_GetHandle), (12 bytes).
    Removing stm32g4xx_hal_exti.o(.ARM.exidx.text.HAL_EXTI_GetHandle), (8 bytes).
    Removing stm32g4xx_hal_exti.o(.text.HAL_EXTI_IRQHandler), (58 bytes).
    Removing stm32g4xx_hal_exti.o(.ARM.exidx.text.HAL_EXTI_IRQHandler), (8 bytes).
    Removing stm32g4xx_hal_exti.o(.text.HAL_EXTI_GetPending), (32 bytes).
    Removing stm32g4xx_hal_exti.o(.ARM.exidx.text.HAL_EXTI_GetPending), (8 bytes).
    Removing stm32g4xx_hal_exti.o(.text.HAL_EXTI_ClearPending), (30 bytes).
    Removing stm32g4xx_hal_exti.o(.ARM.exidx.text.HAL_EXTI_ClearPending), (8 bytes).
    Removing stm32g4xx_hal_exti.o(.text.HAL_EXTI_GenerateSWI), (30 bytes).
    Removing stm32g4xx_hal_exti.o(.ARM.exidx.text.HAL_EXTI_GenerateSWI), (8 bytes).
    Removing stm32g4xx_hal_dma.o(.text), (0 bytes).
    Removing stm32g4xx_hal_dma.o(.text.HAL_DMA_Init), (298 bytes).
    Removing stm32g4xx_hal_dma.o(.ARM.exidx.text.HAL_DMA_Init), (8 bytes).
    Removing stm32g4xx_hal_dma.o(.text.HAL_DMA_DeInit), (240 bytes).
    Removing stm32g4xx_hal_dma.o(.ARM.exidx.text.HAL_DMA_DeInit), (8 bytes).
    Removing stm32g4xx_hal_dma.o(.text.HAL_DMA_Start), (150 bytes).
    Removing stm32g4xx_hal_dma.o(.ARM.exidx.text.HAL_DMA_Start), (8 bytes).
    Removing stm32g4xx_hal_dma.o(.text.HAL_DMA_Start_IT), (232 bytes).
    Removing stm32g4xx_hal_dma.o(.ARM.exidx.text.HAL_DMA_Start_IT), (8 bytes).
    Removing stm32g4xx_hal_dma.o(.text.HAL_DMA_Abort), (112 bytes).
    Removing stm32g4xx_hal_dma.o(.ARM.exidx.text.HAL_DMA_Abort), (8 bytes).
    Removing stm32g4xx_hal_dma.o(.ARM.exidx.text.HAL_DMA_Abort_IT), (8 bytes).
    Removing stm32g4xx_hal_dma.o(.text.HAL_DMA_PollForTransfer), (368 bytes).
    Removing stm32g4xx_hal_dma.o(.ARM.exidx.text.HAL_DMA_PollForTransfer), (8 bytes).
    Removing stm32g4xx_hal_dma.o(.text.HAL_DMA_IRQHandler), (170 bytes).
    Removing stm32g4xx_hal_dma.o(.ARM.exidx.text.HAL_DMA_IRQHandler), (8 bytes).
    Removing stm32g4xx_hal_dma.o(.text.HAL_DMA_RegisterCallback), (86 bytes).
    Removing stm32g4xx_hal_dma.o(.ARM.exidx.text.HAL_DMA_RegisterCallback), (8 bytes).
    Removing stm32g4xx_hal_dma.o(.text.HAL_DMA_UnRegisterCallback), (120 bytes).
    Removing stm32g4xx_hal_dma.o(.ARM.exidx.text.HAL_DMA_UnRegisterCallback), (8 bytes).
    Removing stm32g4xx_hal_dma.o(.text.HAL_DMA_GetState), (6 bytes).
    Removing stm32g4xx_hal_dma.o(.ARM.exidx.text.HAL_DMA_GetState), (8 bytes).
    Removing stm32g4xx_hal_dma.o(.text.HAL_DMA_GetError), (4 bytes).
    Removing stm32g4xx_hal_dma.o(.ARM.exidx.text.HAL_DMA_GetError), (8 bytes).
    Removing stm32g4xx_hal_dma_ex.o(.text), (0 bytes).
    Removing stm32g4xx_hal_dma_ex.o(.text.HAL_DMAEx_ConfigMuxSync), (90 bytes).
    Removing stm32g4xx_hal_dma_ex.o(.ARM.exidx.text.HAL_DMAEx_ConfigMuxSync), (8 bytes).
    Removing stm32g4xx_hal_dma_ex.o(.text.HAL_DMAEx_ConfigMuxRequestGenerator), (68 bytes).
    Removing stm32g4xx_hal_dma_ex.o(.ARM.exidx.text.HAL_DMAEx_ConfigMuxRequestGenerator), (8 bytes).
    Removing stm32g4xx_hal_dma_ex.o(.text.HAL_DMAEx_EnableMuxRequestGenerator), (28 bytes).
    Removing stm32g4xx_hal_dma_ex.o(.ARM.exidx.text.HAL_DMAEx_EnableMuxRequestGenerator), (8 bytes).
    Removing stm32g4xx_hal_dma_ex.o(.text.HAL_DMAEx_DisableMuxRequestGenerator), (28 bytes).
    Removing stm32g4xx_hal_dma_ex.o(.ARM.exidx.text.HAL_DMAEx_DisableMuxRequestGenerator), (8 bytes).
    Removing stm32g4xx_hal_dma_ex.o(.text.HAL_DMAEx_MUX_IRQHandler), (98 bytes).
    Removing stm32g4xx_hal_dma_ex.o(.ARM.exidx.text.HAL_DMAEx_MUX_IRQHandler), (8 bytes).
    Removing stm32g4xx_hal_pwr.o(.text), (0 bytes).
    Removing stm32g4xx_hal_pwr.o(.text.HAL_PWR_DeInit), (26 bytes).
    Removing stm32g4xx_hal_pwr.o(.ARM.exidx.text.HAL_PWR_DeInit), (8 bytes).
    Removing stm32g4xx_hal_pwr.o(.text.HAL_PWR_EnableBkUpAccess), (18 bytes).
    Removing stm32g4xx_hal_pwr.o(.ARM.exidx.text.HAL_PWR_EnableBkUpAccess), (8 bytes).
    Removing stm32g4xx_hal_pwr.o(.text.HAL_PWR_DisableBkUpAccess), (18 bytes).
    Removing stm32g4xx_hal_pwr.o(.ARM.exidx.text.HAL_PWR_DisableBkUpAccess), (8 bytes).
    Removing stm32g4xx_hal_pwr.o(.text.HAL_PWR_ConfigPVD), (136 bytes).
    Removing stm32g4xx_hal_pwr.o(.ARM.exidx.text.HAL_PWR_ConfigPVD), (8 bytes).
    Removing stm32g4xx_hal_pwr.o(.text.HAL_PWR_EnablePVD), (18 bytes).
    Removing stm32g4xx_hal_pwr.o(.ARM.exidx.text.HAL_PWR_EnablePVD), (8 bytes).
    Removing stm32g4xx_hal_pwr.o(.text.HAL_PWR_DisablePVD), (18 bytes).
    Removing stm32g4xx_hal_pwr.o(.ARM.exidx.text.HAL_PWR_DisablePVD), (8 bytes).
    Removing stm32g4xx_hal_pwr.o(.text.HAL_PWR_EnableWakeUpPin), (30 bytes).
    Removing stm32g4xx_hal_pwr.o(.ARM.exidx.text.HAL_PWR_EnableWakeUpPin), (8 bytes).
    Removing stm32g4xx_hal_pwr.o(.text.HAL_PWR_DisableWakeUpPin), (24 bytes).
    Removing stm32g4xx_hal_pwr.o(.ARM.exidx.text.HAL_PWR_DisableWakeUpPin), (8 bytes).
    Removing stm32g4xx_hal_pwr.o(.text.HAL_PWR_EnterSLEEPMode), (66 bytes).
    Removing stm32g4xx_hal_pwr.o(.ARM.exidx.text.HAL_PWR_EnterSLEEPMode), (8 bytes).
    Removing stm32g4xx_hal_pwr.o(.text.HAL_PWR_EnterSTOPMode), (16 bytes).
    Removing stm32g4xx_hal_pwr.o(.ARM.exidx.text.HAL_PWR_EnterSTOPMode), (8 bytes).
    Removing stm32g4xx_hal_pwr.o(.text.HAL_PWR_EnterSTANDBYMode), (38 bytes).
    Removing stm32g4xx_hal_pwr.o(.ARM.exidx.text.HAL_PWR_EnterSTANDBYMode), (8 bytes).
    Removing stm32g4xx_hal_pwr.o(.text.HAL_PWR_EnableSleepOnExit), (18 bytes).
    Removing stm32g4xx_hal_pwr.o(.ARM.exidx.text.HAL_PWR_EnableSleepOnExit), (8 bytes).
    Removing stm32g4xx_hal_pwr.o(.text.HAL_PWR_DisableSleepOnExit), (18 bytes).
    Removing stm32g4xx_hal_pwr.o(.ARM.exidx.text.HAL_PWR_DisableSleepOnExit), (8 bytes).
    Removing stm32g4xx_hal_pwr.o(.text.HAL_PWR_EnableSEVOnPend), (18 bytes).
    Removing stm32g4xx_hal_pwr.o(.ARM.exidx.text.HAL_PWR_EnableSEVOnPend), (8 bytes).
    Removing stm32g4xx_hal_pwr.o(.text.HAL_PWR_DisableSEVOnPend), (18 bytes).
    Removing stm32g4xx_hal_pwr.o(.ARM.exidx.text.HAL_PWR_DisableSEVOnPend), (8 bytes).
    Removing stm32g4xx_hal_pwr.o(.text.HAL_PWR_PVDCallback), (2 bytes).
    Removing stm32g4xx_hal_pwr.o(.ARM.exidx.text.HAL_PWR_PVDCallback), (8 bytes).
    Removing stm32g4xx_hal_pwr_ex.o(.text), (0 bytes).
    Removing stm32g4xx_hal_pwr_ex.o(.text.HAL_PWREx_GetVoltageRange), (38 bytes).
    Removing stm32g4xx_hal_pwr_ex.o(.ARM.exidx.text.HAL_PWREx_GetVoltageRange), (8 bytes).
    Removing stm32g4xx_hal_pwr_ex.o(.ARM.exidx.text.HAL_PWREx_ControlVoltageScaling), (8 bytes).
    Removing stm32g4xx_hal_pwr_ex.o(.text.HAL_PWREx_EnableBatteryCharging), (28 bytes).
    Removing stm32g4xx_hal_pwr_ex.o(.ARM.exidx.text.HAL_PWREx_EnableBatteryCharging), (8 bytes).
    Removing stm32g4xx_hal_pwr_ex.o(.text.HAL_PWREx_DisableBatteryCharging), (18 bytes).
    Removing stm32g4xx_hal_pwr_ex.o(.ARM.exidx.text.HAL_PWREx_DisableBatteryCharging), (8 bytes).
    Removing stm32g4xx_hal_pwr_ex.o(.text.HAL_PWREx_EnableInternalWakeUpLine), (18 bytes).
    Removing stm32g4xx_hal_pwr_ex.o(.ARM.exidx.text.HAL_PWREx_EnableInternalWakeUpLine), (8 bytes).
    Removing stm32g4xx_hal_pwr_ex.o(.text.HAL_PWREx_DisableInternalWakeUpLine), (18 bytes).
    Removing stm32g4xx_hal_pwr_ex.o(.ARM.exidx.text.HAL_PWREx_DisableInternalWakeUpLine), (8 bytes).
    Removing stm32g4xx_hal_pwr_ex.o(.text.HAL_PWREx_EnableGPIOPullUp), (234 bytes).
    Removing stm32g4xx_hal_pwr_ex.o(.ARM.exidx.text.HAL_PWREx_EnableGPIOPullUp), (8 bytes).
    Removing stm32g4xx_hal_pwr_ex.o(.text.HAL_PWREx_DisableGPIOPullUp), (186 bytes).
    Removing stm32g4xx_hal_pwr_ex.o(.ARM.exidx.text.HAL_PWREx_DisableGPIOPullUp), (8 bytes).
    Removing stm32g4xx_hal_pwr_ex.o(.text.HAL_PWREx_EnableGPIOPullDown), (238 bytes).
    Removing stm32g4xx_hal_pwr_ex.o(.ARM.exidx.text.HAL_PWREx_EnableGPIOPullDown), (8 bytes).
    Removing stm32g4xx_hal_pwr_ex.o(.text.HAL_PWREx_DisableGPIOPullDown), (180 bytes).
    Removing stm32g4xx_hal_pwr_ex.o(.ARM.exidx.text.HAL_PWREx_DisableGPIOPullDown), (8 bytes).
    Removing stm32g4xx_hal_pwr_ex.o(.text.HAL_PWREx_EnablePullUpPullDownConfig), (18 bytes).
    Removing stm32g4xx_hal_pwr_ex.o(.ARM.exidx.text.HAL_PWREx_EnablePullUpPullDownConfig), (8 bytes).
    Removing stm32g4xx_hal_pwr_ex.o(.text.HAL_PWREx_DisablePullUpPullDownConfig), (18 bytes).
    Removing stm32g4xx_hal_pwr_ex.o(.ARM.exidx.text.HAL_PWREx_DisablePullUpPullDownConfig), (8 bytes).
    Removing stm32g4xx_hal_pwr_ex.o(.text.HAL_PWREx_EnableSRAM2ContentRetention), (18 bytes).
    Removing stm32g4xx_hal_pwr_ex.o(.ARM.exidx.text.HAL_PWREx_EnableSRAM2ContentRetention), (8 bytes).
    Removing stm32g4xx_hal_pwr_ex.o(.text.HAL_PWREx_DisableSRAM2ContentRetention), (18 bytes).
    Removing stm32g4xx_hal_pwr_ex.o(.ARM.exidx.text.HAL_PWREx_DisableSRAM2ContentRetention), (8 bytes).
    Removing stm32g4xx_hal_pwr_ex.o(.text.HAL_PWREx_EnablePVM1), (18 bytes).
    Removing stm32g4xx_hal_pwr_ex.o(.ARM.exidx.text.HAL_PWREx_EnablePVM1), (8 bytes).
    Removing stm32g4xx_hal_pwr_ex.o(.text.HAL_PWREx_DisablePVM1), (18 bytes).
    Removing stm32g4xx_hal_pwr_ex.o(.ARM.exidx.text.HAL_PWREx_DisablePVM1), (8 bytes).
    Removing stm32g4xx_hal_pwr_ex.o(.text.HAL_PWREx_EnablePVM2), (18 bytes).
    Removing stm32g4xx_hal_pwr_ex.o(.ARM.exidx.text.HAL_PWREx_EnablePVM2), (8 bytes).
    Removing stm32g4xx_hal_pwr_ex.o(.text.HAL_PWREx_DisablePVM2), (18 bytes).
    Removing stm32g4xx_hal_pwr_ex.o(.ARM.exidx.text.HAL_PWREx_DisablePVM2), (8 bytes).
    Removing stm32g4xx_hal_pwr_ex.o(.text.HAL_PWREx_EnablePVM3), (18 bytes).
    Removing stm32g4xx_hal_pwr_ex.o(.ARM.exidx.text.HAL_PWREx_EnablePVM3), (8 bytes).
    Removing stm32g4xx_hal_pwr_ex.o(.text.HAL_PWREx_DisablePVM3), (18 bytes).
    Removing stm32g4xx_hal_pwr_ex.o(.ARM.exidx.text.HAL_PWREx_DisablePVM3), (8 bytes).
    Removing stm32g4xx_hal_pwr_ex.o(.text.HAL_PWREx_EnablePVM4), (18 bytes).
    Removing stm32g4xx_hal_pwr_ex.o(.ARM.exidx.text.HAL_PWREx_EnablePVM4), (8 bytes).
    Removing stm32g4xx_hal_pwr_ex.o(.text.HAL_PWREx_DisablePVM4), (18 bytes).
    Removing stm32g4xx_hal_pwr_ex.o(.ARM.exidx.text.HAL_PWREx_DisablePVM4), (8 bytes).
    Removing stm32g4xx_hal_pwr_ex.o(.text.HAL_PWREx_ConfigPVM), (558 bytes).
    Removing stm32g4xx_hal_pwr_ex.o(.ARM.exidx.text.HAL_PWREx_ConfigPVM), (8 bytes).
    Removing stm32g4xx_hal_pwr_ex.o(.text.HAL_PWREx_EnableUSBDeadBatteryPD), (18 bytes).
    Removing stm32g4xx_hal_pwr_ex.o(.ARM.exidx.text.HAL_PWREx_EnableUSBDeadBatteryPD), (8 bytes).
    Removing stm32g4xx_hal_pwr_ex.o(.text.HAL_PWREx_DisableUSBDeadBatteryPD), (18 bytes).
    Removing stm32g4xx_hal_pwr_ex.o(.ARM.exidx.text.HAL_PWREx_DisableUSBDeadBatteryPD), (8 bytes).
    Removing stm32g4xx_hal_pwr_ex.o(.text.HAL_PWREx_EnableUSBStandByModePD), (18 bytes).
    Removing stm32g4xx_hal_pwr_ex.o(.ARM.exidx.text.HAL_PWREx_EnableUSBStandByModePD), (8 bytes).
    Removing stm32g4xx_hal_pwr_ex.o(.text.HAL_PWREx_DisableUSBStandByModePD), (18 bytes).
    Removing stm32g4xx_hal_pwr_ex.o(.ARM.exidx.text.HAL_PWREx_DisableUSBStandByModePD), (8 bytes).
    Removing stm32g4xx_hal_pwr_ex.o(.text.HAL_PWREx_EnableLowPowerRunMode), (18 bytes).
    Removing stm32g4xx_hal_pwr_ex.o(.ARM.exidx.text.HAL_PWREx_EnableLowPowerRunMode), (8 bytes).
    Removing stm32g4xx_hal_pwr_ex.o(.text.HAL_PWREx_DisableLowPowerRunMode), (94 bytes).
    Removing stm32g4xx_hal_pwr_ex.o(.ARM.exidx.text.HAL_PWREx_DisableLowPowerRunMode), (8 bytes).
    Removing stm32g4xx_hal_pwr_ex.o(.text.HAL_PWREx_EnterSTOP0Mode), (54 bytes).
    Removing stm32g4xx_hal_pwr_ex.o(.ARM.exidx.text.HAL_PWREx_EnterSTOP0Mode), (8 bytes).
    Removing stm32g4xx_hal_pwr_ex.o(.text.HAL_PWREx_EnterSTOP1Mode), (60 bytes).
    Removing stm32g4xx_hal_pwr_ex.o(.ARM.exidx.text.HAL_PWREx_EnterSTOP1Mode), (8 bytes).
    Removing stm32g4xx_hal_pwr_ex.o(.text.HAL_PWREx_EnterSHUTDOWNMode), (38 bytes).
    Removing stm32g4xx_hal_pwr_ex.o(.ARM.exidx.text.HAL_PWREx_EnterSHUTDOWNMode), (8 bytes).
    Removing stm32g4xx_hal_pwr_ex.o(.text.HAL_PWREx_PVD_PVM_IRQHandler), (112 bytes).
    Removing stm32g4xx_hal_pwr_ex.o(.ARM.exidx.text.HAL_PWREx_PVD_PVM_IRQHandler), (8 bytes).
    Removing stm32g4xx_hal_pwr_ex.o(.text.HAL_PWREx_PVM1Callback), (2 bytes).
    Removing stm32g4xx_hal_pwr_ex.o(.ARM.exidx.text.HAL_PWREx_PVM1Callback), (8 bytes).
    Removing stm32g4xx_hal_pwr_ex.o(.text.HAL_PWREx_PVM2Callback), (2 bytes).
    Removing stm32g4xx_hal_pwr_ex.o(.ARM.exidx.text.HAL_PWREx_PVM2Callback), (8 bytes).
    Removing stm32g4xx_hal_pwr_ex.o(.text.HAL_PWREx_PVM3Callback), (2 bytes).
    Removing stm32g4xx_hal_pwr_ex.o(.ARM.exidx.text.HAL_PWREx_PVM3Callback), (8 bytes).
    Removing stm32g4xx_hal_pwr_ex.o(.text.HAL_PWREx_PVM4Callback), (2 bytes).
    Removing stm32g4xx_hal_pwr_ex.o(.ARM.exidx.text.HAL_PWREx_PVM4Callback), (8 bytes).
    Removing stm32g4xx_hal_cortex.o(.text), (0 bytes).
    Removing stm32g4xx_hal_cortex.o(.ARM.exidx.text.HAL_NVIC_SetPriorityGrouping), (8 bytes).
    Removing stm32g4xx_hal_cortex.o(.ARM.exidx.text.HAL_NVIC_SetPriority), (8 bytes).
    Removing stm32g4xx_hal_cortex.o(.ARM.exidx.text.HAL_NVIC_EnableIRQ), (8 bytes).
    Removing stm32g4xx_hal_cortex.o(.text.HAL_NVIC_DisableIRQ), (42 bytes).
    Removing stm32g4xx_hal_cortex.o(.ARM.exidx.text.HAL_NVIC_DisableIRQ), (8 bytes).
    Removing stm32g4xx_hal_cortex.o(.text.HAL_NVIC_SystemReset), (4 bytes).
    Removing stm32g4xx_hal_cortex.o(.ARM.exidx.text.HAL_NVIC_SystemReset), (8 bytes).
    Removing stm32g4xx_hal_cortex.o(.text.__NVIC_SystemReset), (42 bytes).
    Removing stm32g4xx_hal_cortex.o(.ARM.exidx.text.__NVIC_SystemReset), (8 bytes).
    Removing stm32g4xx_hal_cortex.o(.ARM.exidx.text.HAL_SYSTICK_Config), (8 bytes).
    Removing stm32g4xx_hal_cortex.o(.text.HAL_NVIC_GetPriorityGrouping), (16 bytes).
    Removing stm32g4xx_hal_cortex.o(.ARM.exidx.text.HAL_NVIC_GetPriorityGrouping), (8 bytes).
    Removing stm32g4xx_hal_cortex.o(.text.HAL_NVIC_GetPriority), (90 bytes).
    Removing stm32g4xx_hal_cortex.o(.ARM.exidx.text.HAL_NVIC_GetPriority), (8 bytes).
    Removing stm32g4xx_hal_cortex.o(.text.HAL_NVIC_SetPendingIRQ), (34 bytes).
    Removing stm32g4xx_hal_cortex.o(.ARM.exidx.text.HAL_NVIC_SetPendingIRQ), (8 bytes).
    Removing stm32g4xx_hal_cortex.o(.text.HAL_NVIC_GetPendingIRQ), (38 bytes).
    Removing stm32g4xx_hal_cortex.o(.ARM.exidx.text.HAL_NVIC_GetPendingIRQ), (8 bytes).
    Removing stm32g4xx_hal_cortex.o(.text.HAL_NVIC_ClearPendingIRQ), (34 bytes).
    Removing stm32g4xx_hal_cortex.o(.ARM.exidx.text.HAL_NVIC_ClearPendingIRQ), (8 bytes).
    Removing stm32g4xx_hal_cortex.o(.text.HAL_NVIC_GetActive), (38 bytes).
    Removing stm32g4xx_hal_cortex.o(.ARM.exidx.text.HAL_NVIC_GetActive), (8 bytes).
    Removing stm32g4xx_hal_cortex.o(.text.HAL_SYSTICK_CLKSourceConfig), (24 bytes).
    Removing stm32g4xx_hal_cortex.o(.ARM.exidx.text.HAL_SYSTICK_CLKSourceConfig), (8 bytes).
    Removing stm32g4xx_hal_cortex.o(.text.HAL_SYSTICK_IRQHandler), (4 bytes).
    Removing stm32g4xx_hal_cortex.o(.ARM.exidx.text.HAL_SYSTICK_IRQHandler), (8 bytes).
    Removing stm32g4xx_hal_cortex.o(.text.HAL_SYSTICK_Callback), (2 bytes).
    Removing stm32g4xx_hal_cortex.o(.ARM.exidx.text.HAL_SYSTICK_Callback), (8 bytes).
    Removing stm32g4xx_hal_cortex.o(.text.HAL_MPU_Enable), (24 bytes).
    Removing stm32g4xx_hal_cortex.o(.ARM.exidx.text.HAL_MPU_Enable), (8 bytes).
    Removing stm32g4xx_hal_cortex.o(.text.HAL_MPU_Disable), (18 bytes).
    Removing stm32g4xx_hal_cortex.o(.ARM.exidx.text.HAL_MPU_Disable), (8 bytes).
    Removing stm32g4xx_hal_cortex.o(.text.HAL_MPU_ConfigRegion), (96 bytes).
    Removing stm32g4xx_hal_cortex.o(.ARM.exidx.text.HAL_MPU_ConfigRegion), (8 bytes).
    Removing system_stm32g4xx.o(.text), (0 bytes).
    Removing system_stm32g4xx.o(.ARM.exidx.text.SystemInit), (8 bytes).
    Removing system_stm32g4xx.o(.text.SystemCoreClockUpdate), (156 bytes).
    Removing system_stm32g4xx.o(.ARM.exidx.text.SystemCoreClockUpdate), (8 bytes).

889 unused section(s) (total 39125 bytes) removed from the image.

==============================================================================

Image Symbol Table

    Local Symbols

    Symbol Name                              Value     Ov Type        Size  Object(Section)

    ../clib/microlib/division.c              0x00000000   Number         0  uldiv.o ABSOLUTE
    ../clib/microlib/init/entry.s            0x00000000   Number         0  entry.o ABSOLUTE
    ../clib/microlib/init/entry.s            0x00000000   Number         0  entry2.o ABSOLUTE
    ../clib/microlib/init/entry.s            0x00000000   Number         0  entry5.o ABSOLUTE
    ../clib/microlib/init/entry.s            0x00000000   Number         0  entry7a.o ABSOLUTE
    ../clib/microlib/init/entry.s            0x00000000   Number         0  entry7b.o ABSOLUTE
    ../clib/microlib/init/entry.s            0x00000000   Number         0  entry8a.o ABSOLUTE
    ../clib/microlib/init/entry.s            0x00000000   Number         0  entry8b.o ABSOLUTE
    ../clib/microlib/init/entry.s            0x00000000   Number         0  entry9a.o ABSOLUTE
    ../clib/microlib/init/entry.s            0x00000000   Number         0  entry9b.o ABSOLUTE
    ../clib/microlib/init/entry.s            0x00000000   Number         0  entry10a.o ABSOLUTE
    ../clib/microlib/init/entry.s            0x00000000   Number         0  entry10b.o ABSOLUTE
    ../clib/microlib/init/entry.s            0x00000000   Number         0  entry11a.o ABSOLUTE
    ../clib/microlib/init/entry.s            0x00000000   Number         0  entry11b.o ABSOLUTE
    ../clib/microlib/longlong.c              0x00000000   Number         0  llshl.o ABSOLUTE
    ../clib/microlib/longlong.c              0x00000000   Number         0  llushr.o ABSOLUTE
    ../clib/microlib/string/memcpy.c         0x00000000   Number         0  memcpya.o ABSOLUTE
    ../clib/microlib/string/memcpy.c         0x00000000   Number         0  memcpyb.o ABSOLUTE
    ../clib/microlib/string/memset.c         0x00000000   Number         0  memseta.o ABSOLUTE
    ../clib/microlib/string/strlen.c         0x00000000   Number         0  strlen.o ABSOLUTE
    dc.s                                     0x00000000   Number         0  dc.o ABSOLUTE
    gpio.c                                   0x00000000   Number         0  gpio.o ABSOLUTE
    handlers.s                               0x00000000   Number         0  handlers.o ABSOLUTE
    init.s                                   0x00000000   Number         0  init.o ABSOLUTE
    main.c                                   0x00000000   Number         0  main.o ABSOLUTE
    startup_stm32g431xx.s                    0x00000000   Number         0  startup_stm32g431xx.o ABSOLUTE
    stm32g4xx_hal.c                          0x00000000   Number         0  stm32g4xx_hal.o ABSOLUTE
    stm32g4xx_hal_cortex.c                   0x00000000   Number         0  stm32g4xx_hal_cortex.o ABSOLUTE
    stm32g4xx_hal_dma.c                      0x00000000   Number         0  stm32g4xx_hal_dma.o ABSOLUTE
    stm32g4xx_hal_dma_ex.c                   0x00000000   Number         0  stm32g4xx_hal_dma_ex.o ABSOLUTE
    stm32g4xx_hal_exti.c                     0x00000000   Number         0  stm32g4xx_hal_exti.o ABSOLUTE
    stm32g4xx_hal_flash.c                    0x00000000   Number         0  stm32g4xx_hal_flash.o ABSOLUTE
    stm32g4xx_hal_flash_ex.c                 0x00000000   Number         0  stm32g4xx_hal_flash_ex.o ABSOLUTE
    stm32g4xx_hal_flash_ramfunc.c            0x00000000   Number         0  stm32g4xx_hal_flash_ramfunc.o ABSOLUTE
    stm32g4xx_hal_gpio.c                     0x00000000   Number         0  stm32g4xx_hal_gpio.o ABSOLUTE
    stm32g4xx_hal_msp.c                      0x00000000   Number         0  stm32g4xx_hal_msp.o ABSOLUTE
    stm32g4xx_hal_pwr.c                      0x00000000   Number         0  stm32g4xx_hal_pwr.o ABSOLUTE
    stm32g4xx_hal_pwr_ex.c                   0x00000000   Number         0  stm32g4xx_hal_pwr_ex.o ABSOLUTE
    stm32g4xx_hal_rcc.c                      0x00000000   Number         0  stm32g4xx_hal_rcc.o ABSOLUTE
    stm32g4xx_hal_rcc_ex.c                   0x00000000   Number         0  stm32g4xx_hal_rcc_ex.o ABSOLUTE
    stm32g4xx_hal_tim.c                      0x00000000   Number         0  stm32g4xx_hal_tim.o ABSOLUTE
    stm32g4xx_hal_tim_ex.c                   0x00000000   Number         0  stm32g4xx_hal_tim_ex.o ABSOLUTE
    stm32g4xx_hal_uart.c                     0x00000000   Number         0  stm32g4xx_hal_uart.o ABSOLUTE
    stm32g4xx_hal_uart_ex.c                  0x00000000   Number         0  stm32g4xx_hal_uart_ex.o ABSOLUTE
    stm32g4xx_it.c                           0x00000000   Number         0  stm32g4xx_it.o ABSOLUTE
    stm32g4xx_ll_pwr.c                       0x00000000   Number         0  stm32g4xx_ll_pwr.o ABSOLUTE
    system_stm32g4xx.c                       0x00000000   Number         0  system_stm32g4xx.o ABSOLUTE
    tim.c                                    0x00000000   Number         0  tim.o ABSOLUTE
    usart.c                                  0x00000000   Number         0  usart.o ABSOLUTE
    RESET                                    0x08000000   Section      472  startup_stm32g431xx.o(RESET)
    .ARM.Collect$$$$00000000                 0x080001d8   Section        0  entry.o(.ARM.Collect$$$$00000000)
    .ARM.Collect$$$$00000001                 0x080001d8   Section        4  entry2.o(.ARM.Collect$$$$00000001)
    .ARM.Collect$$$$00000004                 0x080001dc   Section        4  entry5.o(.ARM.Collect$$$$00000004)
    .ARM.Collect$$$$00000008                 0x080001e0   Section        0  entry7b.o(.ARM.Collect$$$$00000008)
    .ARM.Collect$$$$0000000A                 0x080001e0   Section        0  entry8b.o(.ARM.Collect$$$$0000000A)
    .ARM.Collect$$$$0000000B                 0x080001e0   Section        8  entry9a.o(.ARM.Collect$$$$0000000B)
    __lit__00000000                          0x080001e8   Data           4  entry2.o(.ARM.Collect$$$$00002712)
    .ARM.Collect$$$$0000000D                 0x080001e8   Section        0  entry10a.o(.ARM.Collect$$$$0000000D)
    .ARM.Collect$$$$0000000F                 0x080001e8   Section        0  entry11a.o(.ARM.Collect$$$$0000000F)
    .ARM.Collect$$$$00002712                 0x080001e8   Section        4  entry2.o(.ARM.Collect$$$$00002712)
    $v0                                      0x080001ec   Number         0  startup_stm32g431xx.o(.text)
    .text                                    0x080001ec   Section       36  startup_stm32g431xx.o(.text)
    .text                                    0x08000210   Section        0  uldiv.o(.text)
    .text                                    0x08000272   Section        0  memcpya.o(.text)
    .text                                    0x08000296   Section        0  memseta.o(.text)
    .text                                    0x080002ba   Section        0  strlen.o(.text)
    .text                                    0x080002c8   Section        0  llshl.o(.text)
    .text                                    0x080002e6   Section        0  llushr.o(.text)
    .text                                    0x08000308   Section       48  init.o(.text)
    [Anonymous Symbol]                       0x08000338   Section        0  stm32g4xx_it.o(.text.BusFault_Handler)
    [Anonymous Symbol]                       0x0800033c   Section        0  stm32g4xx_it.o(.text.DebugMon_Handler)
    [Anonymous Symbol]                       0x08000340   Section        0  stm32g4xx_it.o(.text.EXTI0_IRQHandler)
    [Anonymous Symbol]                       0x08000348   Section        0  stm32g4xx_it.o(.text.EXTI2_IRQHandler)
    [Anonymous Symbol]                       0x08000350   Section        0  main.o(.text.Error_Handler)
    [Anonymous Symbol]                       0x08000354   Section        0  stm32g4xx_hal_dma.o(.text.HAL_DMA_Abort_IT)
    [Anonymous Symbol]                       0x080003d4   Section        0  main.o(.text.HAL_GPIO_EXTI_Callback)
    [Anonymous Symbol]                       0x08000408   Section        0  stm32g4xx_hal_gpio.o(.text.HAL_GPIO_EXTI_IRQHandler)
    [Anonymous Symbol]                       0x08000420   Section        0  stm32g4xx_hal_gpio.o(.text.HAL_GPIO_Init)
    [Anonymous Symbol]                       0x080005b0   Section        0  stm32g4xx_hal_gpio.o(.text.HAL_GPIO_TogglePin)
    [Anonymous Symbol]                       0x080005c0   Section        0  stm32g4xx_hal_gpio.o(.text.HAL_GPIO_WritePin)
    [Anonymous Symbol]                       0x080005cc   Section        0  stm32g4xx_hal.o(.text.HAL_GetTick)
    [Anonymous Symbol]                       0x080005d8   Section        0  stm32g4xx_hal.o(.text.HAL_IncTick)
    [Anonymous Symbol]                       0x080005f4   Section        0  stm32g4xx_hal.o(.text.HAL_Init)
    [Anonymous Symbol]                       0x08000614   Section        0  stm32g4xx_hal.o(.text.HAL_InitTick)
    [Anonymous Symbol]                       0x08000660   Section        0  stm32g4xx_hal_msp.o(.text.HAL_MspInit)
    [Anonymous Symbol]                       0x080006a4   Section        0  stm32g4xx_hal_cortex.o(.text.HAL_NVIC_EnableIRQ)
    [Anonymous Symbol]                       0x080006c8   Section        0  stm32g4xx_hal_cortex.o(.text.HAL_NVIC_SetPriority)
    [Anonymous Symbol]                       0x08000720   Section        0  stm32g4xx_hal_cortex.o(.text.HAL_NVIC_SetPriorityGrouping)
    [Anonymous Symbol]                       0x08000740   Section        0  stm32g4xx_hal_pwr_ex.o(.text.HAL_PWREx_ControlVoltageScaling)
    [Anonymous Symbol]                       0x08000868   Section        0  stm32g4xx_hal_rcc_ex.o(.text.HAL_RCCEx_PeriphCLKConfig)
    [Anonymous Symbol]                       0x08000ad4   Section        0  stm32g4xx_hal_rcc.o(.text.HAL_RCC_ClockConfig)
    [Anonymous Symbol]                       0x08000de0   Section        0  stm32g4xx_hal_rcc.o(.text.HAL_RCC_GetPCLK1Freq)
    [Anonymous Symbol]                       0x08000e0c   Section        0  stm32g4xx_hal_rcc.o(.text.HAL_RCC_GetPCLK2Freq)
    [Anonymous Symbol]                       0x08000e38   Section        0  stm32g4xx_hal_rcc.o(.text.HAL_RCC_GetSysClockFreq)
    [Anonymous Symbol]                       0x08000ebc   Section        0  stm32g4xx_hal_rcc.o(.text.HAL_RCC_OscConfig)
    [Anonymous Symbol]                       0x08001398   Section        0  stm32g4xx_hal_cortex.o(.text.HAL_SYSTICK_Config)
    [Anonymous Symbol]                       0x080013c4   Section        0  stm32g4xx_hal_tim_ex.o(.text.HAL_TIMEx_Break2Callback)
    [Anonymous Symbol]                       0x080013c8   Section        0  stm32g4xx_hal_tim_ex.o(.text.HAL_TIMEx_BreakCallback)
    [Anonymous Symbol]                       0x080013cc   Section        0  stm32g4xx_hal_tim_ex.o(.text.HAL_TIMEx_CommutCallback)
    [Anonymous Symbol]                       0x080013d0   Section        0  stm32g4xx_hal_tim_ex.o(.text.HAL_TIMEx_DirectionChangeCallback)
    [Anonymous Symbol]                       0x080013d4   Section        0  stm32g4xx_hal_tim_ex.o(.text.HAL_TIMEx_EncoderIndexCallback)
    [Anonymous Symbol]                       0x080013d8   Section        0  stm32g4xx_hal_tim_ex.o(.text.HAL_TIMEx_IndexErrorCallback)
    [Anonymous Symbol]                       0x080013dc   Section        0  stm32g4xx_hal_tim_ex.o(.text.HAL_TIMEx_MasterConfigSynchronization)
    [Anonymous Symbol]                       0x0800144c   Section        0  stm32g4xx_hal_tim_ex.o(.text.HAL_TIMEx_TransitionErrorCallback)
    [Anonymous Symbol]                       0x08001450   Section        0  stm32g4xx_hal_tim.o(.text.HAL_TIM_Base_Init)
    [Anonymous Symbol]                       0x08001488   Section        0  tim.o(.text.HAL_TIM_Base_MspInit)
    [Anonymous Symbol]                       0x080014f8   Section        0  stm32g4xx_hal_tim.o(.text.HAL_TIM_Base_Start_IT)
    [Anonymous Symbol]                       0x08001528   Section        0  stm32g4xx_hal_tim.o(.text.HAL_TIM_ConfigClockSource)
    [Anonymous Symbol]                       0x08001714   Section        0  stm32g4xx_hal_tim.o(.text.HAL_TIM_IC_CaptureCallback)
    [Anonymous Symbol]                       0x08001718   Section        0  stm32g4xx_hal_tim.o(.text.HAL_TIM_IRQHandler)
    [Anonymous Symbol]                       0x08001928   Section        0  stm32g4xx_hal_tim.o(.text.HAL_TIM_OC_DelayElapsedCallback)
    [Anonymous Symbol]                       0x0800192c   Section        0  stm32g4xx_hal_tim.o(.text.HAL_TIM_PWM_PulseFinishedCallback)
    [Anonymous Symbol]                       0x08001930   Section        0  stm32g4xx_hal_tim.o(.text.HAL_TIM_PeriodElapsedCallback)
    [Anonymous Symbol]                       0x08001934   Section        0  stm32g4xx_hal_tim.o(.text.HAL_TIM_TriggerCallback)
    [Anonymous Symbol]                       0x08001938   Section        0  stm32g4xx_hal_uart_ex.o(.text.HAL_UARTEx_DisableFifoMode)
    [Anonymous Symbol]                       0x08001970   Section        0  stm32g4xx_hal_uart_ex.o(.text.HAL_UARTEx_RxFifoFullCallback)
    [Anonymous Symbol]                       0x08001974   Section        0  stm32g4xx_hal_uart_ex.o(.text.HAL_UARTEx_SetRxFifoThreshold)
    [Anonymous Symbol]                       0x08001a04   Section        0  stm32g4xx_hal_uart_ex.o(.text.HAL_UARTEx_SetTxFifoThreshold)
    [Anonymous Symbol]                       0x08001a94   Section        0  stm32g4xx_hal_uart_ex.o(.text.HAL_UARTEx_TxFifoEmptyCallback)
    [Anonymous Symbol]                       0x08001a98   Section        0  stm32g4xx_hal_uart_ex.o(.text.HAL_UARTEx_WakeupCallback)
    [Anonymous Symbol]                       0x08001a9c   Section        0  stm32g4xx_hal_uart.o(.text.HAL_UART_ErrorCallback)
    [Anonymous Symbol]                       0x08001aa0   Section        0  stm32g4xx_hal_uart.o(.text.HAL_UART_IRQHandler)
    [Anonymous Symbol]                       0x08001c84   Section        0  stm32g4xx_hal_uart.o(.text.HAL_UART_Init)
    [Anonymous Symbol]                       0x08001ce8   Section        0  usart.o(.text.HAL_UART_MspInit)
    [Anonymous Symbol]                       0x08001d60   Section        0  stm32g4xx_hal_uart.o(.text.HAL_UART_Receive_IT)
    [Anonymous Symbol]                       0x08001e68   Section        0  main.o(.text.HAL_UART_RxCpltCallback)
    [Anonymous Symbol]                       0x08001f64   Section        0  stm32g4xx_hal_uart.o(.text.HAL_UART_Transmit)
    [Anonymous Symbol]                       0x0800212c   Section        0  stm32g4xx_hal_uart.o(.text.HAL_UART_TxCpltCallback)
    [Anonymous Symbol]                       0x08002130   Section        0  stm32g4xx_it.o(.text.HardFault_Handler)
    [Anonymous Symbol]                       0x08002134   Section        0  gpio.o(.text.MX_GPIO_Init)
    [Anonymous Symbol]                       0x08002248   Section        0  tim.o(.text.MX_TIM2_Init)
    [Anonymous Symbol]                       0x080022c0   Section        0  tim.o(.text.MX_TIM3_Init)
    [Anonymous Symbol]                       0x0800233c   Section        0  usart.o(.text.MX_USART1_UART_Init)
    [Anonymous Symbol]                       0x080023c0   Section        0  stm32g4xx_it.o(.text.MemManage_Handler)
    [Anonymous Symbol]                       0x080023c4   Section        0  stm32g4xx_it.o(.text.NMI_Handler)
    [Anonymous Symbol]                       0x080023c8   Section        0  stm32g4xx_it.o(.text.PendSV_Handler)
    [Anonymous Symbol]                       0x080023cc   Section        0  stm32g4xx_it.o(.text.SVC_Handler)
    [Anonymous Symbol]                       0x080023d0   Section        0  stm32g4xx_it.o(.text.SysTick_Handler)
    [Anonymous Symbol]                       0x080023d4   Section        0  system_stm32g4xx.o(.text.SystemInit)
    [Anonymous Symbol]                       0x080023f0   Section        0  stm32g4xx_it.o(.text.TIM2_IRQHandler)
    [Anonymous Symbol]                       0x080023fc   Section        0  stm32g4xx_it.o(.text.TIM3_IRQHandler)
    [Anonymous Symbol]                       0x08002408   Section        0  stm32g4xx_hal_tim.o(.text.TIM_Base_SetConfig)
    [Anonymous Symbol]                       0x0800251c   Section        0  stm32g4xx_hal_uart.o(.text.UART_AdvFeatureConfig)
    [Anonymous Symbol]                       0x08002608   Section        0  stm32g4xx_hal_uart.o(.text.UART_CheckIdleState)
    UART_DMAAbortOnError                     0x08002691   Thumb Code    16  stm32g4xx_hal_uart.o(.text.UART_DMAAbortOnError)
    [Anonymous Symbol]                       0x08002690   Section        0  stm32g4xx_hal_uart.o(.text.UART_DMAAbortOnError)
    UART_RxISR_16BIT                         0x080026a1   Thumb Code    90  stm32g4xx_hal_uart.o(.text.UART_RxISR_16BIT)
    [Anonymous Symbol]                       0x080026a0   Section        0  stm32g4xx_hal_uart.o(.text.UART_RxISR_16BIT)
    UART_RxISR_16BIT_FIFOEN                  0x080026fd   Thumb Code   168  stm32g4xx_hal_uart.o(.text.UART_RxISR_16BIT_FIFOEN)
    [Anonymous Symbol]                       0x080026fc   Section        0  stm32g4xx_hal_uart.o(.text.UART_RxISR_16BIT_FIFOEN)
    UART_RxISR_8BIT                          0x080027a5   Thumb Code    90  stm32g4xx_hal_uart.o(.text.UART_RxISR_8BIT)
    [Anonymous Symbol]                       0x080027a4   Section        0  stm32g4xx_hal_uart.o(.text.UART_RxISR_8BIT)
    UART_RxISR_8BIT_FIFOEN                   0x08002801   Thumb Code   172  stm32g4xx_hal_uart.o(.text.UART_RxISR_8BIT_FIFOEN)
    [Anonymous Symbol]                       0x08002800   Section        0  stm32g4xx_hal_uart.o(.text.UART_RxISR_8BIT_FIFOEN)
    [Anonymous Symbol]                       0x080028ac   Section        0  stm32g4xx_hal_uart.o(.text.UART_SetConfig)
    [Anonymous Symbol]                       0x08002d1c   Section        0  stm32g4xx_it.o(.text.USART1_IRQHandler)
    [Anonymous Symbol]                       0x08002d28   Section        0  stm32g4xx_it.o(.text.UsageFault_Handler)
    [Anonymous Symbol]                       0x08002d2c   Section        0  main.o(.text.main)
    i.__scatterload_copy                     0x08002e5c   Section       14  handlers.o(i.__scatterload_copy)
    i.__scatterload_null                     0x08002e6a   Section        2  handlers.o(i.__scatterload_null)
    i.__scatterload_zeroinit                 0x08002e6c   Section       14  handlers.o(i.__scatterload_zeroinit)
    .Lswitch.table.UART_SetConfig.21         0x08002e7c   Data          44  stm32g4xx_hal_uart.o(.rodata..Lswitch.table.UART_SetConfig.21)
    .Lswitch.table.UART_SetConfig.22         0x08002ea8   Data          22  stm32g4xx_hal_uart.o(.rodata..Lswitch.table.UART_SetConfig.22)
    .Lswitch.table.UART_SetConfig.4          0x08002ed8   Data          16  stm32g4xx_hal_uart.o(.rodata.cst16)
    .L__const.UARTEx_SetNbDataToProcess.numerator 0x08002ee8   Data           8  stm32g4xx_hal_uart_ex.o(.rodata.cst8)
    .L__const.UARTEx_SetNbDataToProcess.denominator 0x08002ef0   Data           8  stm32g4xx_hal_uart_ex.o(.rodata.cst8)
    .L_MergedGlobals                         0x20000000   Data           8  stm32g4xx_hal.o(.data..L_MergedGlobals)
    [Anonymous Symbol]                       0x20000000   Section        0  stm32g4xx_hal.o(.data..L_MergedGlobals)
    .L_MergedGlobals                         0x20000010   Data          31  main.o(.bss..L_MergedGlobals)
    [Anonymous Symbol]                       0x20000010   Section        0  main.o(.bss..L_MergedGlobals)
    STACK                                    0x20000140   Section     1024  startup_stm32g431xx.o(STACK)

    Global Symbols

    Symbol Name                              Value     Ov Type        Size  Object(Section)

    BuildAttributes$$THM_ISAv4$E$P$D$K$B$S$7EM$VFPi3$EXTD16$VFPS$VFMA$PE$A:L22UL41UL21$X:L11$S22US41US21$IEEE1$IW$~IW$USESV6$~STKCKD$USESV7$~SHL$OTIME$EBA8$MICROLIB$REQ8$PRES8$EABIv2 0x00000000   Number         0  anon$$obj.o ABSOLUTE
    __cpp_initialize__aeabi_                  - Undefined Weak Reference
    __cxa_finalize                            - Undefined Weak Reference
    __decompress                              - Undefined Weak Reference
    _clock_init                               - Undefined Weak Reference
    _microlib_exit                            - Undefined Weak Reference
    __Vectors_Size                           0x000001d8   Number         0  startup_stm32g431xx.o ABSOLUTE
    __Vectors                                0x08000000   Data           4  startup_stm32g431xx.o(RESET)
    __Vectors_End                            0x080001d8   Data           0  startup_stm32g431xx.o(RESET)
    __main                                   0x080001d9   Thumb Code     0  entry.o(.ARM.Collect$$$$00000000)
    _main_stk                                0x080001d9   Thumb Code     0  entry2.o(.ARM.Collect$$$$00000001)
    _main_scatterload                        0x080001dd   Thumb Code     0  entry5.o(.ARM.Collect$$$$00000004)
    __main_after_scatterload                 0x080001e1   Thumb Code     0  entry5.o(.ARM.Collect$$$$00000004)
    _main_clock                              0x080001e1   Thumb Code     0  entry7b.o(.ARM.Collect$$$$00000008)
    _main_cpp_init                           0x080001e1   Thumb Code     0  entry8b.o(.ARM.Collect$$$$0000000A)
    _main_init                               0x080001e1   Thumb Code     0  entry9a.o(.ARM.Collect$$$$0000000B)
    __rt_final_cpp                           0x080001e9   Thumb Code     0  entry10a.o(.ARM.Collect$$$$0000000D)
    __rt_final_exit                          0x080001e9   Thumb Code     0  entry11a.o(.ARM.Collect$$$$0000000F)
    Reset_Handler                            0x080001ed   Thumb Code     8  startup_stm32g431xx.o(.text)
    ADC1_2_IRQHandler                        0x08000207   Thumb Code     0  startup_stm32g431xx.o(.text)
    COMP1_2_3_IRQHandler                     0x08000207   Thumb Code     0  startup_stm32g431xx.o(.text)
    COMP4_IRQHandler                         0x08000207   Thumb Code     0  startup_stm32g431xx.o(.text)
    CORDIC_IRQHandler                        0x08000207   Thumb Code     0  startup_stm32g431xx.o(.text)
    CRS_IRQHandler                           0x08000207   Thumb Code     0  startup_stm32g431xx.o(.text)
    DMA1_Channel1_IRQHandler                 0x08000207   Thumb Code     0  startup_stm32g431xx.o(.text)
    DMA1_Channel2_IRQHandler                 0x08000207   Thumb Code     0  startup_stm32g431xx.o(.text)
    DMA1_Channel3_IRQHandler                 0x08000207   Thumb Code     0  startup_stm32g431xx.o(.text)
    DMA1_Channel4_IRQHandler                 0x08000207   Thumb Code     0  startup_stm32g431xx.o(.text)
    DMA1_Channel5_IRQHandler                 0x08000207   Thumb Code     0  startup_stm32g431xx.o(.text)
    DMA1_Channel6_IRQHandler                 0x08000207   Thumb Code     0  startup_stm32g431xx.o(.text)
    DMA2_Channel1_IRQHandler                 0x08000207   Thumb Code     0  startup_stm32g431xx.o(.text)
    DMA2_Channel2_IRQHandler                 0x08000207   Thumb Code     0  startup_stm32g431xx.o(.text)
    DMA2_Channel3_IRQHandler                 0x08000207   Thumb Code     0  startup_stm32g431xx.o(.text)
    DMA2_Channel4_IRQHandler                 0x08000207   Thumb Code     0  startup_stm32g431xx.o(.text)
    DMA2_Channel5_IRQHandler                 0x08000207   Thumb Code     0  startup_stm32g431xx.o(.text)
    DMA2_Channel6_IRQHandler                 0x08000207   Thumb Code     0  startup_stm32g431xx.o(.text)
    DMAMUX_OVR_IRQHandler                    0x08000207   Thumb Code     0  startup_stm32g431xx.o(.text)
    EXTI15_10_IRQHandler                     0x08000207   Thumb Code     0  startup_stm32g431xx.o(.text)
    EXTI1_IRQHandler                         0x08000207   Thumb Code     0  startup_stm32g431xx.o(.text)
    EXTI3_IRQHandler                         0x08000207   Thumb Code     0  startup_stm32g431xx.o(.text)
    EXTI4_IRQHandler                         0x08000207   Thumb Code     0  startup_stm32g431xx.o(.text)
    EXTI9_5_IRQHandler                       0x08000207   Thumb Code     0  startup_stm32g431xx.o(.text)
    FDCAN1_IT0_IRQHandler                    0x08000207   Thumb Code     0  startup_stm32g431xx.o(.text)
    FDCAN1_IT1_IRQHandler                    0x08000207   Thumb Code     0  startup_stm32g431xx.o(.text)
    FLASH_IRQHandler                         0x08000207   Thumb Code     0  startup_stm32g431xx.o(.text)
    FMAC_IRQHandler                          0x08000207   Thumb Code     0  startup_stm32g431xx.o(.text)
    FPU_IRQHandler                           0x08000207   Thumb Code     0  startup_stm32g431xx.o(.text)
    I2C1_ER_IRQHandler                       0x08000207   Thumb Code     0  startup_stm32g431xx.o(.text)
    I2C1_EV_IRQHandler                       0x08000207   Thumb Code     0  startup_stm32g431xx.o(.text)
    I2C2_ER_IRQHandler                       0x08000207   Thumb Code     0  startup_stm32g431xx.o(.text)
    I2C2_EV_IRQHandler                       0x08000207   Thumb Code     0  startup_stm32g431xx.o(.text)
    I2C3_ER_IRQHandler                       0x08000207   Thumb Code     0  startup_stm32g431xx.o(.text)
    I2C3_EV_IRQHandler                       0x08000207   Thumb Code     0  startup_stm32g431xx.o(.text)
    LPTIM1_IRQHandler                        0x08000207   Thumb Code     0  startup_stm32g431xx.o(.text)
    LPUART1_IRQHandler                       0x08000207   Thumb Code     0  startup_stm32g431xx.o(.text)
    PVD_PVM_IRQHandler                       0x08000207   Thumb Code     0  startup_stm32g431xx.o(.text)
    RCC_IRQHandler                           0x08000207   Thumb Code     0  startup_stm32g431xx.o(.text)
    RNG_IRQHandler                           0x08000207   Thumb Code     0  startup_stm32g431xx.o(.text)
    RTC_Alarm_IRQHandler                     0x08000207   Thumb Code     0  startup_stm32g431xx.o(.text)
    RTC_TAMP_LSECSS_IRQHandler               0x08000207   Thumb Code     0  startup_stm32g431xx.o(.text)
    RTC_WKUP_IRQHandler                      0x08000207   Thumb Code     0  startup_stm32g431xx.o(.text)
    SAI1_IRQHandler                          0x08000207   Thumb Code     0  startup_stm32g431xx.o(.text)
    SPI1_IRQHandler                          0x08000207   Thumb Code     0  startup_stm32g431xx.o(.text)
    SPI2_IRQHandler                          0x08000207   Thumb Code     0  startup_stm32g431xx.o(.text)
    SPI3_IRQHandler                          0x08000207   Thumb Code     0  startup_stm32g431xx.o(.text)
    TIM1_BRK_TIM15_IRQHandler                0x08000207   Thumb Code     0  startup_stm32g431xx.o(.text)
    TIM1_CC_IRQHandler                       0x08000207   Thumb Code     0  startup_stm32g431xx.o(.text)
    TIM1_TRG_COM_TIM17_IRQHandler            0x08000207   Thumb Code     0  startup_stm32g431xx.o(.text)
    TIM1_UP_TIM16_IRQHandler                 0x08000207   Thumb Code     0  startup_stm32g431xx.o(.text)
    TIM4_IRQHandler                          0x08000207   Thumb Code     0  startup_stm32g431xx.o(.text)
    TIM6_DAC_IRQHandler                      0x08000207   Thumb Code     0  startup_stm32g431xx.o(.text)
    TIM7_DAC_IRQHandler                      0x08000207   Thumb Code     0  startup_stm32g431xx.o(.text)
    TIM8_BRK_IRQHandler                      0x08000207   Thumb Code     0  startup_stm32g431xx.o(.text)
    TIM8_CC_IRQHandler                       0x08000207   Thumb Code     0  startup_stm32g431xx.o(.text)
    TIM8_TRG_COM_IRQHandler                  0x08000207   Thumb Code     0  startup_stm32g431xx.o(.text)
    TIM8_UP_IRQHandler                       0x08000207   Thumb Code     0  startup_stm32g431xx.o(.text)
    UART4_IRQHandler                         0x08000207   Thumb Code     0  startup_stm32g431xx.o(.text)
    UCPD1_IRQHandler                         0x08000207   Thumb Code     0  startup_stm32g431xx.o(.text)
    USART2_IRQHandler                        0x08000207   Thumb Code     0  startup_stm32g431xx.o(.text)
    USART3_IRQHandler                        0x08000207   Thumb Code     0  startup_stm32g431xx.o(.text)
    USBWakeUp_IRQHandler                     0x08000207   Thumb Code     0  startup_stm32g431xx.o(.text)
    USB_HP_IRQHandler                        0x08000207   Thumb Code     0  startup_stm32g431xx.o(.text)
    USB_LP_IRQHandler                        0x08000207   Thumb Code     0  startup_stm32g431xx.o(.text)
    WWDG_IRQHandler                          0x08000207   Thumb Code     0  startup_stm32g431xx.o(.text)
    __aeabi_uldivmod                         0x08000211   Thumb Code    98  uldiv.o(.text)
    __aeabi_memcpy                           0x08000273   Thumb Code    36  memcpya.o(.text)
    __aeabi_memcpy4                          0x08000273   Thumb Code     0  memcpya.o(.text)
    __aeabi_memcpy8                          0x08000273   Thumb Code     0  memcpya.o(.text)
    __aeabi_memset                           0x08000297   Thumb Code    14  memseta.o(.text)
    __aeabi_memset4                          0x08000297   Thumb Code     0  memseta.o(.text)
    __aeabi_memset8                          0x08000297   Thumb Code     0  memseta.o(.text)
    __aeabi_memclr                           0x080002a5   Thumb Code     4  memseta.o(.text)
    __aeabi_memclr4                          0x080002a5   Thumb Code     0  memseta.o(.text)
    __aeabi_memclr8                          0x080002a5   Thumb Code     0  memseta.o(.text)
    _memset$wrapper                          0x080002a9   Thumb Code    18  memseta.o(.text)
    strlen                                   0x080002bb   Thumb Code    14  strlen.o(.text)
    __aeabi_llsl                             0x080002c9   Thumb Code    30  llshl.o(.text)
    _ll_shift_l                              0x080002c9   Thumb Code     0  llshl.o(.text)
    __aeabi_llsr                             0x080002e7   Thumb Code    32  llushr.o(.text)
    _ll_ushift_r                             0x080002e7   Thumb Code     0  llushr.o(.text)
    __scatterload                            0x08000309   Thumb Code    38  init.o(.text)
    __scatterload_rt2                        0x08000309   Thumb Code     0  init.o(.text)
    BusFault_Handler                         0x08000339   Thumb Code     2  stm32g4xx_it.o(.text.BusFault_Handler)
    DebugMon_Handler                         0x0800033d   Thumb Code     2  stm32g4xx_it.o(.text.DebugMon_Handler)
    EXTI0_IRQHandler                         0x08000341   Thumb Code     6  stm32g4xx_it.o(.text.EXTI0_IRQHandler)
    EXTI2_IRQHandler                         0x08000349   Thumb Code     6  stm32g4xx_it.o(.text.EXTI2_IRQHandler)
    Error_Handler                            0x08000351   Thumb Code     2  main.o(.text.Error_Handler)
    HAL_DMA_Abort_IT                         0x08000355   Thumb Code   128  stm32g4xx_hal_dma.o(.text.HAL_DMA_Abort_IT)
    HAL_GPIO_EXTI_Callback                   0x080003d5   Thumb Code    52  main.o(.text.HAL_GPIO_EXTI_Callback)
    HAL_GPIO_EXTI_IRQHandler                 0x08000409   Thumb Code    22  stm32g4xx_hal_gpio.o(.text.HAL_GPIO_EXTI_IRQHandler)
    HAL_GPIO_Init                            0x08000421   Thumb Code   400  stm32g4xx_hal_gpio.o(.text.HAL_GPIO_Init)
    HAL_GPIO_TogglePin                       0x080005b1   Thumb Code    14  stm32g4xx_hal_gpio.o(.text.HAL_GPIO_TogglePin)
    HAL_GPIO_WritePin                        0x080005c1   Thumb Code    12  stm32g4xx_hal_gpio.o(.text.HAL_GPIO_WritePin)
    HAL_GetTick                              0x080005cd   Thumb Code    12  stm32g4xx_hal.o(.text.HAL_GetTick)
    HAL_IncTick                              0x080005d9   Thumb Code    26  stm32g4xx_hal.o(.text.HAL_IncTick)
    HAL_Init                                 0x080005f5   Thumb Code    30  stm32g4xx_hal.o(.text.HAL_Init)
    HAL_InitTick                             0x08000615   Thumb Code    76  stm32g4xx_hal.o(.text.HAL_InitTick)
    HAL_MspInit                              0x08000661   Thumb Code    66  stm32g4xx_hal_msp.o(.text.HAL_MspInit)
    HAL_NVIC_EnableIRQ                       0x080006a5   Thumb Code    34  stm32g4xx_hal_cortex.o(.text.HAL_NVIC_EnableIRQ)
    HAL_NVIC_SetPriority                     0x080006c9   Thumb Code    86  stm32g4xx_hal_cortex.o(.text.HAL_NVIC_SetPriority)
    HAL_NVIC_SetPriorityGrouping             0x08000721   Thumb Code    32  stm32g4xx_hal_cortex.o(.text.HAL_NVIC_SetPriorityGrouping)
    HAL_PWREx_ControlVoltageScaling          0x08000741   Thumb Code   294  stm32g4xx_hal_pwr_ex.o(.text.HAL_PWREx_ControlVoltageScaling)
    HAL_RCCEx_PeriphCLKConfig                0x08000869   Thumb Code   618  stm32g4xx_hal_rcc_ex.o(.text.HAL_RCCEx_PeriphCLKConfig)
    HAL_RCC_ClockConfig                      0x08000ad5   Thumb Code   780  stm32g4xx_hal_rcc.o(.text.HAL_RCC_ClockConfig)
    HAL_RCC_GetPCLK1Freq                     0x08000de1   Thumb Code    42  stm32g4xx_hal_rcc.o(.text.HAL_RCC_GetPCLK1Freq)
    HAL_RCC_GetPCLK2Freq                     0x08000e0d   Thumb Code    42  stm32g4xx_hal_rcc.o(.text.HAL_RCC_GetPCLK2Freq)
    HAL_RCC_GetSysClockFreq                  0x08000e39   Thumb Code   130  stm32g4xx_hal_rcc.o(.text.HAL_RCC_GetSysClockFreq)
    HAL_RCC_OscConfig                        0x08000ebd   Thumb Code  1244  stm32g4xx_hal_rcc.o(.text.HAL_RCC_OscConfig)
    HAL_SYSTICK_Config                       0x08001399   Thumb Code    44  stm32g4xx_hal_cortex.o(.text.HAL_SYSTICK_Config)
    HAL_TIMEx_Break2Callback                 0x080013c5   Thumb Code     2  stm32g4xx_hal_tim_ex.o(.text.HAL_TIMEx_Break2Callback)
    HAL_TIMEx_BreakCallback                  0x080013c9   Thumb Code     2  stm32g4xx_hal_tim_ex.o(.text.HAL_TIMEx_BreakCallback)
    HAL_TIMEx_CommutCallback                 0x080013cd   Thumb Code     2  stm32g4xx_hal_tim_ex.o(.text.HAL_TIMEx_CommutCallback)
    HAL_TIMEx_DirectionChangeCallback        0x080013d1   Thumb Code     2  stm32g4xx_hal_tim_ex.o(.text.HAL_TIMEx_DirectionChangeCallback)
    HAL_TIMEx_EncoderIndexCallback           0x080013d5   Thumb Code     2  stm32g4xx_hal_tim_ex.o(.text.HAL_TIMEx_EncoderIndexCallback)
    HAL_TIMEx_IndexErrorCallback             0x080013d9   Thumb Code     2  stm32g4xx_hal_tim_ex.o(.text.HAL_TIMEx_IndexErrorCallback)
    HAL_TIMEx_MasterConfigSynchronization    0x080013dd   Thumb Code   110  stm32g4xx_hal_tim_ex.o(.text.HAL_TIMEx_MasterConfigSynchronization)
    HAL_TIMEx_TransitionErrorCallback        0x0800144d   Thumb Code     2  stm32g4xx_hal_tim_ex.o(.text.HAL_TIMEx_TransitionErrorCallback)
    HAL_TIM_Base_Init                        0x08001451   Thumb Code    54  stm32g4xx_hal_tim.o(.text.HAL_TIM_Base_Init)
    HAL_TIM_Base_MspInit                     0x08001489   Thumb Code   112  tim.o(.text.HAL_TIM_Base_MspInit)
    HAL_TIM_Base_Start_IT                    0x080014f9   Thumb Code    48  stm32g4xx_hal_tim.o(.text.HAL_TIM_Base_Start_IT)
    HAL_TIM_ConfigClockSource                0x08001529   Thumb Code   490  stm32g4xx_hal_tim.o(.text.HAL_TIM_ConfigClockSource)
    HAL_TIM_IC_CaptureCallback               0x08001715   Thumb Code     2  stm32g4xx_hal_tim.o(.text.HAL_TIM_IC_CaptureCallback)
    HAL_TIM_IRQHandler                       0x08001719   Thumb Code   528  stm32g4xx_hal_tim.o(.text.HAL_TIM_IRQHandler)
    HAL_TIM_OC_DelayElapsedCallback          0x08001929   Thumb Code     2  stm32g4xx_hal_tim.o(.text.HAL_TIM_OC_DelayElapsedCallback)
    HAL_TIM_PWM_PulseFinishedCallback        0x0800192d   Thumb Code     2  stm32g4xx_hal_tim.o(.text.HAL_TIM_PWM_PulseFinishedCallback)
    HAL_TIM_PeriodElapsedCallback            0x08001931   Thumb Code     2  stm32g4xx_hal_tim.o(.text.HAL_TIM_PeriodElapsedCallback)
    HAL_TIM_TriggerCallback                  0x08001935   Thumb Code     2  stm32g4xx_hal_tim.o(.text.HAL_TIM_TriggerCallback)
    HAL_UARTEx_DisableFifoMode               0x08001939   Thumb Code    54  stm32g4xx_hal_uart_ex.o(.text.HAL_UARTEx_DisableFifoMode)
    HAL_UARTEx_RxFifoFullCallback            0x08001971   Thumb Code     2  stm32g4xx_hal_uart_ex.o(.text.HAL_UARTEx_RxFifoFullCallback)
    HAL_UARTEx_SetRxFifoThreshold            0x08001975   Thumb Code   144  stm32g4xx_hal_uart_ex.o(.text.HAL_UARTEx_SetRxFifoThreshold)
    HAL_UARTEx_SetTxFifoThreshold            0x08001a05   Thumb Code   144  stm32g4xx_hal_uart_ex.o(.text.HAL_UARTEx_SetTxFifoThreshold)
    HAL_UARTEx_TxFifoEmptyCallback           0x08001a95   Thumb Code     2  stm32g4xx_hal_uart_ex.o(.text.HAL_UARTEx_TxFifoEmptyCallback)
    HAL_UARTEx_WakeupCallback                0x08001a99   Thumb Code     2  stm32g4xx_hal_uart_ex.o(.text.HAL_UARTEx_WakeupCallback)
    HAL_UART_ErrorCallback                   0x08001a9d   Thumb Code     2  stm32g4xx_hal_uart.o(.text.HAL_UART_ErrorCallback)
    HAL_UART_IRQHandler                      0x08001aa1   Thumb Code   482  stm32g4xx_hal_uart.o(.text.HAL_UART_IRQHandler)
    HAL_UART_Init                            0x08001c85   Thumb Code    98  stm32g4xx_hal_uart.o(.text.HAL_UART_Init)
    HAL_UART_MspInit                         0x08001ce9   Thumb Code   118  usart.o(.text.HAL_UART_MspInit)
    HAL_UART_Receive_IT                      0x08001d61   Thumb Code   264  stm32g4xx_hal_uart.o(.text.HAL_UART_Receive_IT)
    HAL_UART_RxCpltCallback                  0x08001e69   Thumb Code   252  main.o(.text.HAL_UART_RxCpltCallback)
    HAL_UART_Transmit                        0x08001f65   Thumb Code   456  stm32g4xx_hal_uart.o(.text.HAL_UART_Transmit)
    HAL_UART_TxCpltCallback                  0x0800212d   Thumb Code     2  stm32g4xx_hal_uart.o(.text.HAL_UART_TxCpltCallback)
    HardFault_Handler                        0x08002131   Thumb Code     2  stm32g4xx_it.o(.text.HardFault_Handler)
    MX_GPIO_Init                             0x08002135   Thumb Code   276  gpio.o(.text.MX_GPIO_Init)
    MX_TIM2_Init                             0x08002249   Thumb Code   118  tim.o(.text.MX_TIM2_Init)
    MX_TIM3_Init                             0x080022c1   Thumb Code   122  tim.o(.text.MX_TIM3_Init)
    MX_USART1_UART_Init                      0x0800233d   Thumb Code   130  usart.o(.text.MX_USART1_UART_Init)
    MemManage_Handler                        0x080023c1   Thumb Code     2  stm32g4xx_it.o(.text.MemManage_Handler)
    NMI_Handler                              0x080023c5   Thumb Code     2  stm32g4xx_it.o(.text.NMI_Handler)
    PendSV_Handler                           0x080023c9   Thumb Code     2  stm32g4xx_it.o(.text.PendSV_Handler)
    SVC_Handler                              0x080023cd   Thumb Code     2  stm32g4xx_it.o(.text.SVC_Handler)
    SysTick_Handler                          0x080023d1   Thumb Code     4  stm32g4xx_it.o(.text.SysTick_Handler)
    SystemInit                               0x080023d5   Thumb Code    26  system_stm32g4xx.o(.text.SystemInit)
    TIM2_IRQHandler                          0x080023f1   Thumb Code    12  stm32g4xx_it.o(.text.TIM2_IRQHandler)
    TIM3_IRQHandler                          0x080023fd   Thumb Code    12  stm32g4xx_it.o(.text.TIM3_IRQHandler)
    TIM_Base_SetConfig                       0x08002409   Thumb Code   274  stm32g4xx_hal_tim.o(.text.TIM_Base_SetConfig)
    UART_AdvFeatureConfig                    0x0800251d   Thumb Code   234  stm32g4xx_hal_uart.o(.text.UART_AdvFeatureConfig)
    UART_CheckIdleState                      0x08002609   Thumb Code   134  stm32g4xx_hal_uart.o(.text.UART_CheckIdleState)
    UART_SetConfig                           0x080028ad   Thumb Code  1120  stm32g4xx_hal_uart.o(.text.UART_SetConfig)
    USART1_IRQHandler                        0x08002d1d   Thumb Code    12  stm32g4xx_it.o(.text.USART1_IRQHandler)
    UsageFault_Handler                       0x08002d29   Thumb Code     2  stm32g4xx_it.o(.text.UsageFault_Handler)
    main                                     0x08002d2d   Thumb Code   284  main.o(.text.main)
    __scatterload_copy                       0x08002e5d   Thumb Code    14  handlers.o(i.__scatterload_copy)
    __scatterload_null                       0x08002e6b   Thumb Code     2  handlers.o(i.__scatterload_null)
    __scatterload_zeroinit                   0x08002e6d   Thumb Code    14  handlers.o(i.__scatterload_zeroinit)
    AHBPrescTable                            0x08002ebe   Data          16  system_stm32g4xx.o(.rodata.AHBPrescTable)
    APBPrescTable                            0x08002ece   Data           8  system_stm32g4xx.o(.rodata.APBPrescTable)
    Region$$Table$$Base                      0x08002ef8   Number         0  anon$$obj.o(Region$$Table)
    Region$$Table$$Limit                     0x08002f18   Number         0  anon$$obj.o(Region$$Table)
    uwTickPrio                               0x20000000   Data           4  stm32g4xx_hal.o(.data..L_MergedGlobals)
    uwTickFreq                               0x20000004   Data           4  stm32g4xx_hal.o(.data..L_MergedGlobals)
    SystemCoreClock                          0x20000008   Data           4  system_stm32g4xx.o(.data.SystemCoreClock)
    Rx_dat                                   0x20000010   Data           1  main.o(.bss..L_MergedGlobals)
    tep                                      0x20000011   Data          30  main.o(.bss..L_MergedGlobals)
    htim2                                    0x20000030   Data          64  tim.o(.bss.htim2)
    htim3                                    0x20000070   Data          64  tim.o(.bss.htim3)
    huart1                                   0x200000b0   Data         140  usart.o(.bss.huart1)
    uwTick                                   0x2000013c   Data           4  stm32g4xx_hal.o(.bss.uwTick)
    __initial_sp                             0x20000540   Data           0  startup_stm32g431xx.o(STACK)



==============================================================================

Memory Map of the image

  Image Entry point : 0x080001d9

  Load Region LR_IROM1 (Base: 0x08000000, Size: 0x00002f28, Max: 0x00020000, ABSOLUTE)

    Execution Region ER_IROM1 (Exec base: 0x08000000, Load base: 0x08000000, Size: 0x00002f18, Max: 0x00020000, ABSOLUTE)

    Exec Addr    Load Addr    Size         Type   Attr      Idx    E Section Name        Object

    0x08000000   0x08000000   0x000001d8   Data   RO            3    RESET               startup_stm32g431xx.o
    0x080001d8   0x080001d8   0x00000000   Code   RO         1158  * .ARM.Collect$$$$00000000  mc_w.l(entry.o)
    0x080001d8   0x080001d8   0x00000004   Code   RO         1171    .ARM.Collect$$$$00000001  mc_w.l(entry2.o)
    0x080001dc   0x080001dc   0x00000004   Code   RO         1174    .ARM.Collect$$$$00000004  mc_w.l(entry5.o)
    0x080001e0   0x080001e0   0x00000000   Code   RO         1176    .ARM.Collect$$$$00000008  mc_w.l(entry7b.o)
    0x080001e0   0x080001e0   0x00000000   Code   RO         1178    .ARM.Collect$$$$0000000A  mc_w.l(entry8b.o)
    0x080001e0   0x080001e0   0x00000008   Code   RO         1179    .ARM.Collect$$$$0000000B  mc_w.l(entry9a.o)
    0x080001e8   0x080001e8   0x00000000   Code   RO         1181    .ARM.Collect$$$$0000000D  mc_w.l(entry10a.o)
    0x080001e8   0x080001e8   0x00000000   Code   RO         1183    .ARM.Collect$$$$0000000F  mc_w.l(entry11a.o)
    0x080001e8   0x080001e8   0x00000004   Code   RO         1172    .ARM.Collect$$$$00002712  mc_w.l(entry2.o)
    0x080001ec   0x080001ec   0x00000024   Code   RO            4    .text               startup_stm32g431xx.o
    0x08000210   0x08000210   0x00000062   Code   RO         1161    .text               mc_w.l(uldiv.o)
    0x08000272   0x08000272   0x00000024   Code   RO         1163    .text               mc_w.l(memcpya.o)
    0x08000296   0x08000296   0x00000024   Code   RO         1165    .text               mc_w.l(memseta.o)
    0x080002ba   0x080002ba   0x0000000e   Code   RO         1167    .text               mc_w.l(strlen.o)
    0x080002c8   0x080002c8   0x0000001e   Code   RO         1185    .text               mc_w.l(llshl.o)
    0x080002e6   0x080002e6   0x00000020   Code   RO         1187    .text               mc_w.l(llushr.o)
    0x08000306   0x08000306   0x00000002   PAD
    0x08000308   0x08000308   0x00000030   Code   RO         1189    .text               mc_w.l(init.o)
    0x08000338   0x08000338   0x00000002   Code   RO           81    .text.BusFault_Handler  stm32g4xx_it.o
    0x0800033a   0x0800033a   0x00000002   PAD
    0x0800033c   0x0800033c   0x00000002   Code   RO           87    .text.DebugMon_Handler  stm32g4xx_it.o
    0x0800033e   0x0800033e   0x00000002   PAD
    0x08000340   0x08000340   0x00000006   Code   RO           93    .text.EXTI0_IRQHandler  stm32g4xx_it.o
    0x08000346   0x08000346   0x00000002   PAD
    0x08000348   0x08000348   0x00000006   Code   RO           95    .text.EXTI2_IRQHandler  stm32g4xx_it.o
    0x0800034e   0x0800034e   0x00000002   PAD
    0x08000350   0x08000350   0x00000002   Code   RO           19    .text.Error_Handler  main.o
    0x08000352   0x08000352   0x00000002   PAD
    0x08000354   0x08000354   0x00000080   Code   RO          936    .text.HAL_DMA_Abort_IT  stm32g4xx_hal_dma.o
    0x080003d4   0x080003d4   0x00000034   Code   RO           11    .text.HAL_GPIO_EXTI_Callback  main.o
    0x08000408   0x08000408   0x00000016   Code   RO          130    .text.HAL_GPIO_EXTI_IRQHandler  stm32g4xx_hal_gpio.o
    0x0800041e   0x0800041e   0x00000002   PAD
    0x08000420   0x08000420   0x00000190   Code   RO          118    .text.HAL_GPIO_Init  stm32g4xx_hal_gpio.o
    0x080005b0   0x080005b0   0x0000000e   Code   RO          126    .text.HAL_GPIO_TogglePin  stm32g4xx_hal_gpio.o
    0x080005be   0x080005be   0x00000002   PAD
    0x080005c0   0x080005c0   0x0000000c   Code   RO          124    .text.HAL_GPIO_WritePin  stm32g4xx_hal_gpio.o
    0x080005cc   0x080005cc   0x0000000c   Code   RO          681    .text.HAL_GetTick   stm32g4xx_hal.o
    0x080005d8   0x080005d8   0x0000001a   Code   RO          679    .text.HAL_IncTick   stm32g4xx_hal.o
    0x080005f2   0x080005f2   0x00000002   PAD
    0x080005f4   0x080005f4   0x0000001e   Code   RO          669    .text.HAL_Init      stm32g4xx_hal.o
    0x08000612   0x08000612   0x00000002   PAD
    0x08000614   0x08000614   0x0000004c   Code   RO          671    .text.HAL_InitTick  stm32g4xx_hal.o
    0x08000660   0x08000660   0x00000042   Code   RO          110    .text.HAL_MspInit   stm32g4xx_hal_msp.o
    0x080006a2   0x080006a2   0x00000002   PAD
    0x080006a4   0x080006a4   0x00000022   Code   RO         1102    .text.HAL_NVIC_EnableIRQ  stm32g4xx_hal_cortex.o
    0x080006c6   0x080006c6   0x00000002   PAD
    0x080006c8   0x080006c8   0x00000056   Code   RO         1100    .text.HAL_NVIC_SetPriority  stm32g4xx_hal_cortex.o
    0x0800071e   0x0800071e   0x00000002   PAD
    0x08000720   0x08000720   0x00000020   Code   RO         1098    .text.HAL_NVIC_SetPriorityGrouping  stm32g4xx_hal_cortex.o
    0x08000740   0x08000740   0x00000126   Code   RO         1018    .text.HAL_PWREx_ControlVoltageScaling  stm32g4xx_hal_pwr_ex.o
    0x08000866   0x08000866   0x00000002   PAD
    0x08000868   0x08000868   0x0000026a   Code   RO          787    .text.HAL_RCCEx_PeriphCLKConfig  stm32g4xx_hal_rcc_ex.o
    0x08000ad2   0x08000ad2   0x00000002   PAD
    0x08000ad4   0x08000ad4   0x0000030c   Code   RO          753    .text.HAL_RCC_ClockConfig  stm32g4xx_hal_rcc.o
    0x08000de0   0x08000de0   0x0000002a   Code   RO          761    .text.HAL_RCC_GetPCLK1Freq  stm32g4xx_hal_rcc.o
    0x08000e0a   0x08000e0a   0x00000002   PAD
    0x08000e0c   0x08000e0c   0x0000002a   Code   RO          763    .text.HAL_RCC_GetPCLK2Freq  stm32g4xx_hal_rcc.o
    0x08000e36   0x08000e36   0x00000002   PAD
    0x08000e38   0x08000e38   0x00000082   Code   RO          755    .text.HAL_RCC_GetSysClockFreq  stm32g4xx_hal_rcc.o
    0x08000eba   0x08000eba   0x00000002   PAD
    0x08000ebc   0x08000ebc   0x000004dc   Code   RO          751    .text.HAL_RCC_OscConfig  stm32g4xx_hal_rcc.o
    0x08001398   0x08001398   0x0000002c   Code   RO         1110    .text.HAL_SYSTICK_Config  stm32g4xx_hal_cortex.o
    0x080013c4   0x080013c4   0x00000002   Code   RO          482    .text.HAL_TIMEx_Break2Callback  stm32g4xx_hal_tim_ex.o
    0x080013c6   0x080013c6   0x00000002   PAD
    0x080013c8   0x080013c8   0x00000002   Code   RO          480    .text.HAL_TIMEx_BreakCallback  stm32g4xx_hal_tim_ex.o
    0x080013ca   0x080013ca   0x00000002   PAD
    0x080013cc   0x080013cc   0x00000002   Code   RO          476    .text.HAL_TIMEx_CommutCallback  stm32g4xx_hal_tim_ex.o
    0x080013ce   0x080013ce   0x00000002   PAD
    0x080013d0   0x080013d0   0x00000002   Code   RO          486    .text.HAL_TIMEx_DirectionChangeCallback  stm32g4xx_hal_tim_ex.o
    0x080013d2   0x080013d2   0x00000002   PAD
    0x080013d4   0x080013d4   0x00000002   Code   RO          484    .text.HAL_TIMEx_EncoderIndexCallback  stm32g4xx_hal_tim_ex.o
    0x080013d6   0x080013d6   0x00000002   PAD
    0x080013d8   0x080013d8   0x00000002   Code   RO          488    .text.HAL_TIMEx_IndexErrorCallback  stm32g4xx_hal_tim_ex.o
    0x080013da   0x080013da   0x00000002   PAD
    0x080013dc   0x080013dc   0x0000006e   Code   RO          426    .text.HAL_TIMEx_MasterConfigSynchronization  stm32g4xx_hal_tim_ex.o
    0x0800144a   0x0800144a   0x00000002   PAD
    0x0800144c   0x0800144c   0x00000002   Code   RO          490    .text.HAL_TIMEx_TransitionErrorCallback  stm32g4xx_hal_tim_ex.o
    0x0800144e   0x0800144e   0x00000002   PAD
    0x08001450   0x08001450   0x00000036   Code   RO          142    .text.HAL_TIM_Base_Init  stm32g4xx_hal_tim.o
    0x08001486   0x08001486   0x00000002   PAD
    0x08001488   0x08001488   0x00000070   Code   RO           46    .text.HAL_TIM_Base_MspInit  tim.o
    0x080014f8   0x080014f8   0x00000030   Code   RO          156    .text.HAL_TIM_Base_Start_IT  stm32g4xx_hal_tim.o
    0x08001528   0x08001528   0x000001ea   Code   RO          322    .text.HAL_TIM_ConfigClockSource  stm32g4xx_hal_tim.o
    0x08001712   0x08001712   0x00000002   PAD
    0x08001714   0x08001714   0x00000002   Code   RO          278    .text.HAL_TIM_IC_CaptureCallback  stm32g4xx_hal_tim.o
    0x08001716   0x08001716   0x00000002   PAD
    0x08001718   0x08001718   0x00000210   Code   RO          276    .text.HAL_TIM_IRQHandler  stm32g4xx_hal_tim.o
    0x08001928   0x08001928   0x00000002   Code   RO          280    .text.HAL_TIM_OC_DelayElapsedCallback  stm32g4xx_hal_tim.o
    0x0800192a   0x0800192a   0x00000002   PAD
    0x0800192c   0x0800192c   0x00000002   Code   RO          282    .text.HAL_TIM_PWM_PulseFinishedCallback  stm32g4xx_hal_tim.o
    0x0800192e   0x0800192e   0x00000002   PAD
    0x08001930   0x08001930   0x00000002   Code   RO          284    .text.HAL_TIM_PeriodElapsedCallback  stm32g4xx_hal_tim.o
    0x08001932   0x08001932   0x00000002   PAD
    0x08001934   0x08001934   0x00000002   Code   RO          286    .text.HAL_TIM_TriggerCallback  stm32g4xx_hal_tim.o
    0x08001936   0x08001936   0x00000002   PAD
    0x08001938   0x08001938   0x00000036   Code   RO          654    .text.HAL_UARTEx_DisableFifoMode  stm32g4xx_hal_uart_ex.o
    0x0800196e   0x0800196e   0x00000002   PAD
    0x08001970   0x08001970   0x00000002   Code   RO          640    .text.HAL_UARTEx_RxFifoFullCallback  stm32g4xx_hal_uart_ex.o
    0x08001972   0x08001972   0x00000002   PAD
    0x08001974   0x08001974   0x00000090   Code   RO          658    .text.HAL_UARTEx_SetRxFifoThreshold  stm32g4xx_hal_uart_ex.o
    0x08001a04   0x08001a04   0x00000090   Code   RO          656    .text.HAL_UARTEx_SetTxFifoThreshold  stm32g4xx_hal_uart_ex.o
    0x08001a94   0x08001a94   0x00000002   Code   RO          642    .text.HAL_UARTEx_TxFifoEmptyCallback  stm32g4xx_hal_uart_ex.o
    0x08001a96   0x08001a96   0x00000002   PAD
    0x08001a98   0x08001a98   0x00000002   Code   RO          638    .text.HAL_UARTEx_WakeupCallback  stm32g4xx_hal_uart_ex.o
    0x08001a9a   0x08001a9a   0x00000002   PAD
    0x08001a9c   0x08001a9c   0x00000002   Code   RO          599    .text.HAL_UART_ErrorCallback  stm32g4xx_hal_uart.o
    0x08001a9e   0x08001a9e   0x00000002   PAD
    0x08001aa0   0x08001aa0   0x000001e2   Code   RO          595    .text.HAL_UART_IRQHandler  stm32g4xx_hal_uart.o
    0x08001c82   0x08001c82   0x00000002   PAD
    0x08001c84   0x08001c84   0x00000062   Code   RO          503    .text.HAL_UART_Init  stm32g4xx_hal_uart.o
    0x08001ce6   0x08001ce6   0x00000002   PAD
    0x08001ce8   0x08001ce8   0x00000076   Code   RO           62    .text.HAL_UART_MspInit  usart.o
    0x08001d5e   0x08001d5e   0x00000002   PAD
    0x08001d60   0x08001d60   0x00000108   Code   RO          539    .text.HAL_UART_Receive_IT  stm32g4xx_hal_uart.o
    0x08001e68   0x08001e68   0x000000fc   Code   RO           13    .text.HAL_UART_RxCpltCallback  main.o
    0x08001f64   0x08001f64   0x000001c8   Code   RO          523    .text.HAL_UART_Transmit  stm32g4xx_hal_uart.o
    0x0800212c   0x0800212c   0x00000002   Code   RO          601    .text.HAL_UART_TxCpltCallback  stm32g4xx_hal_uart.o
    0x0800212e   0x0800212e   0x00000002   PAD
    0x08002130   0x08002130   0x00000002   Code   RO           77    .text.HardFault_Handler  stm32g4xx_it.o
    0x08002132   0x08002132   0x00000002   PAD
    0x08002134   0x08002134   0x00000114   Code   RO           32    .text.MX_GPIO_Init  gpio.o
    0x08002248   0x08002248   0x00000076   Code   RO           42    .text.MX_TIM2_Init  tim.o
    0x080022be   0x080022be   0x00000002   PAD
    0x080022c0   0x080022c0   0x0000007a   Code   RO           44    .text.MX_TIM3_Init  tim.o
    0x0800233a   0x0800233a   0x00000002   PAD
    0x0800233c   0x0800233c   0x00000082   Code   RO           60    .text.MX_USART1_UART_Init  usart.o
    0x080023be   0x080023be   0x00000002   PAD
    0x080023c0   0x080023c0   0x00000002   Code   RO           79    .text.MemManage_Handler  stm32g4xx_it.o
    0x080023c2   0x080023c2   0x00000002   PAD
    0x080023c4   0x080023c4   0x00000002   Code   RO           75    .text.NMI_Handler   stm32g4xx_it.o
    0x080023c6   0x080023c6   0x00000002   PAD
    0x080023c8   0x080023c8   0x00000002   Code   RO           89    .text.PendSV_Handler  stm32g4xx_it.o
    0x080023ca   0x080023ca   0x00000002   PAD
    0x080023cc   0x080023cc   0x00000002   Code   RO           85    .text.SVC_Handler   stm32g4xx_it.o
    0x080023ce   0x080023ce   0x00000002   PAD
    0x080023d0   0x080023d0   0x00000004   Code   RO           91    .text.SysTick_Handler  stm32g4xx_it.o
    0x080023d4   0x080023d4   0x0000001a   Code   RO         1144    .text.SystemInit    system_stm32g4xx.o
    0x080023ee   0x080023ee   0x00000002   PAD
    0x080023f0   0x080023f0   0x0000000c   Code   RO           97    .text.TIM2_IRQHandler  stm32g4xx_it.o
    0x080023fc   0x080023fc   0x0000000c   Code   RO           99    .text.TIM3_IRQHandler  stm32g4xx_it.o
    0x08002408   0x08002408   0x00000112   Code   RO          146    .text.TIM_Base_SetConfig  stm32g4xx_hal_tim.o
    0x0800251a   0x0800251a   0x00000002   PAD
    0x0800251c   0x0800251c   0x000000ea   Code   RO          509    .text.UART_AdvFeatureConfig  stm32g4xx_hal_uart.o
    0x08002606   0x08002606   0x00000002   PAD
    0x08002608   0x08002608   0x00000086   Code   RO          511    .text.UART_CheckIdleState  stm32g4xx_hal_uart.o
    0x0800268e   0x0800268e   0x00000002   PAD
    0x08002690   0x08002690   0x00000010   Code   RO          597    .text.UART_DMAAbortOnError  stm32g4xx_hal_uart.o
    0x080026a0   0x080026a0   0x0000005a   Code   RO          545    .text.UART_RxISR_16BIT  stm32g4xx_hal_uart.o
    0x080026fa   0x080026fa   0x00000002   PAD
    0x080026fc   0x080026fc   0x000000a8   Code   RO          541    .text.UART_RxISR_16BIT_FIFOEN  stm32g4xx_hal_uart.o
    0x080027a4   0x080027a4   0x0000005a   Code   RO          547    .text.UART_RxISR_8BIT  stm32g4xx_hal_uart.o
    0x080027fe   0x080027fe   0x00000002   PAD
    0x08002800   0x08002800   0x000000ac   Code   RO          543    .text.UART_RxISR_8BIT_FIFOEN  stm32g4xx_hal_uart.o
    0x080028ac   0x080028ac   0x00000470   Code   RO          507    .text.UART_SetConfig  stm32g4xx_hal_uart.o
    0x08002d1c   0x08002d1c   0x0000000c   Code   RO          101    .text.USART1_IRQHandler  stm32g4xx_it.o
    0x08002d28   0x08002d28   0x00000002   Code   RO           83    .text.UsageFault_Handler  stm32g4xx_it.o
    0x08002d2a   0x08002d2a   0x00000002   PAD
    0x08002d2c   0x08002d2c   0x00000130   Code   RO           15    .text.main          main.o
    0x08002e5c   0x08002e5c   0x0000000e   Code   RO         1193    i.__scatterload_copy  mc_w.l(handlers.o)
    0x08002e6a   0x08002e6a   0x00000002   Code   RO         1194    i.__scatterload_null  mc_w.l(handlers.o)
    0x08002e6c   0x08002e6c   0x0000000e   Code   RO         1195    i.__scatterload_zeroinit  mc_w.l(handlers.o)
    0x08002e7a   0x08002e7a   0x00000002   PAD
    0x08002e7c   0x08002e7c   0x0000002c   Data   RO          626    .rodata..Lswitch.table.UART_SetConfig.21  stm32g4xx_hal_uart.o
    0x08002ea8   0x08002ea8   0x00000016   Data   RO          627    .rodata..Lswitch.table.UART_SetConfig.22  stm32g4xx_hal_uart.o
    0x08002ebe   0x08002ebe   0x00000010   Data   RO         1149    .rodata.AHBPrescTable  system_stm32g4xx.o
    0x08002ece   0x08002ece   0x00000008   Data   RO         1150    .rodata.APBPrescTable  system_stm32g4xx.o
    0x08002ed6   0x08002ed6   0x00000002   PAD
    0x08002ed8   0x08002ed8   0x00000010   Data   RO          625    .rodata.cst16       stm32g4xx_hal_uart.o
    0x08002ee8   0x08002ee8   0x00000010   Data   RO          660    .rodata.cst8        stm32g4xx_hal_uart_ex.o
    0x08002ef8   0x08002ef8   0x00000020   Data   RO         1192    Region$$Table       anon$$obj.o


    Execution Region RW_IRAM1 (Exec base: 0x20000000, Load base: 0x08002f18, Size: 0x00000540, Max: 0x00008000, ABSOLUTE)

    Exec Addr    Load Addr    Size         Type   Attr      Idx    E Section Name        Object

    0x20000000   0x08002f18   0x00000008   Data   RW          740    .data..L_MergedGlobals  stm32g4xx_hal.o
    0x20000008   0x08002f20   0x00000004   Data   RW         1148    .data.SystemCoreClock  system_stm32g4xx.o
    0x2000000c   0x08002f24   0x00000004   PAD
    0x20000010        -       0x0000001f   Zero   RW           23    .bss..L_MergedGlobals  main.o
    0x2000002f   0x08002f24   0x00000001   PAD
    0x20000030        -       0x00000040   Zero   RW           50    .bss.htim2          tim.o
    0x20000070        -       0x00000040   Zero   RW           51    .bss.htim3          tim.o
    0x200000b0        -       0x0000008c   Zero   RW           66    .bss.huart1         usart.o
    0x2000013c        -       0x00000004   Zero   RW          739    .bss.uwTick         stm32g4xx_hal.o
    0x20000140        -       0x00000400   Zero   RW            1    STACK               startup_stm32g431xx.o


==============================================================================

Image component sizes


      Code (inc. data)   RO Data    RW Data    ZI Data      Debug   Object Name

       276          0          0          0          0       4282   gpio.o
       610         20          0          0         31       8470   main.o
        36          8        472          0       1024        816   startup_stm32g431xx.o
       144          0          0          8          4       8515   stm32g4xx_hal.o
       196          0          0          0          0      10148   stm32g4xx_hal_cortex.o
       128          0          0          0          0       9354   stm32g4xx_hal_dma.o
       448          0          0          0          0       5090   stm32g4xx_hal_gpio.o
        66          0          0          0          0       2258   stm32g4xx_hal_msp.o
       294          0          0          0          0       9586   stm32g4xx_hal_pwr_ex.o
      2238          0          0          0          0       9891   stm32g4xx_hal_rcc.o
       618          0          0          0          0      10733   stm32g4xx_hal_rcc_ex.o
      1404          0          0          0          0      53427   stm32g4xx_hal_tim.o
       124          0          0          0          0      25592   stm32g4xx_hal_tim_ex.o
      3344         84         82          0          0      26611   stm32g4xx_hal_uart.o
       348          0         16          0          0       8517   stm32g4xx_hal_uart_ex.o
        68          0          0          0          0       6504   stm32g4xx_it.o
        26          0         24          4          0       2714   system_stm32g4xx.o
       352          0          0          0        128       7981   tim.o
       248          0          0          0        140       7642   usart.o

    ----------------------------------------------------------------------
     11080        112        628         12       1332     218131   Object Totals
         0          0         32          0          0          0   (incl. Generated)
       112          0          2          0          5          0   (incl. Padding)

    ----------------------------------------------------------------------

      Code (inc. data)   RO Data    RW Data    ZI Data      Debug   Library Member Name

         0          0          0          0          0          0   entry.o
         0          0          0          0          0          0   entry10a.o
         0          0          0          0          0          0   entry11a.o
         8          4          0          0          0          0   entry2.o
         4          0          0          0          0          0   entry5.o
         0          0          0          0          0          0   entry7b.o
         0          0          0          0          0          0   entry8b.o
         8          4          0          0          0          0   entry9a.o
        30          0          0          0          0          0   handlers.o
        48         10          0          0          0         68   init.o
        30          0          0          0          0         68   llshl.o
        32          0          0          0          0         68   llushr.o
        36          0          0          0          0         68   memcpya.o
        36          0          0          0          0        108   memseta.o
        14          0          0          0          0         68   strlen.o
        98          0          0          0          0         92   uldiv.o

    ----------------------------------------------------------------------
       348         18          0          0          0        540   Library Totals
         4          0          0          0          0          0   (incl. Padding)

    ----------------------------------------------------------------------

      Code (inc. data)   RO Data    RW Data    ZI Data      Debug   Library Name

       344         18          0          0          0        540   mc_w.l

    ----------------------------------------------------------------------
       348         18          0          0          0        540   Library Totals

    ----------------------------------------------------------------------

==============================================================================


      Code (inc. data)   RO Data    RW Data    ZI Data      Debug   

     11428        130        628         12       1332     218379   Grand Totals
     11428        130        628         12       1332     218379   ELF Image Totals
     11428        130        628         12          0          0   ROM Totals

==============================================================================

    Total RO  Size (Code + RO Data)                12056 (  11.77kB)
    Total RW  Size (RW Data + ZI Data)              1344 (   1.31kB)
    Total ROM Size (Code + RO Data + RW Data)      12068 (  11.79kB)

==============================================================================

